Archive member included to satisfy reference by file (symbol)

/usr/lib/gcc/arm-none-eabi/13.2.1/thumb/v6-m/nofp/libgcc.a(_dvmd_tls.o)
                              CMakeFiles/projetoFinal.dir/home/matheus-moreira/Documentos/Faculdade/2025.1/Rtos/pico-sdk/src/rp2_common/pico_divider/divider_hardware.S.o (__aeabi_idiv0)
/usr/lib/gcc/arm-none-eabi/13.2.1/../../../arm-none-eabi/lib/thumb/v6-m/nofp/libg.a(libc_a-calloc.o)
                              CMakeFiles/projetoFinal.dir/home/matheus-moreira/Documentos/Faculdade/2025.1/Rtos/pico-sdk/src/rp2_common/pico_malloc/malloc.c.o (calloc)
/usr/lib/gcc/arm-none-eabi/13.2.1/../../../arm-none-eabi/lib/thumb/v6-m/nofp/libg.a(libc_a-impure.o)
                              /usr/lib/gcc/arm-none-eabi/13.2.1/../../../arm-none-eabi/lib/thumb/v6-m/nofp/libg.a(libc_a-calloc.o) (_impure_ptr)
/usr/lib/gcc/arm-none-eabi/13.2.1/../../../arm-none-eabi/lib/thumb/v6-m/nofp/libg.a(libc_a-callocr.o)
                              /usr/lib/gcc/arm-none-eabi/13.2.1/../../../arm-none-eabi/lib/thumb/v6-m/nofp/libg.a(libc_a-calloc.o) (_calloc_r)
/usr/lib/gcc/arm-none-eabi/13.2.1/../../../arm-none-eabi/lib/thumb/v6-m/nofp/libg.a(libc_a-realloc.o)
                              CMakeFiles/projetoFinal.dir/home/matheus-moreira/Documentos/Faculdade/2025.1/Rtos/pico-sdk/src/rp2_common/pico_malloc/malloc.c.o (realloc)
/usr/lib/gcc/arm-none-eabi/13.2.1/../../../arm-none-eabi/lib/thumb/v6-m/nofp/libg.a(libc_a-mallocr.o)
                              /usr/lib/gcc/arm-none-eabi/13.2.1/../../../arm-none-eabi/lib/thumb/v6-m/nofp/libg.a(libc_a-callocr.o) (_malloc_r)
/usr/lib/gcc/arm-none-eabi/13.2.1/../../../arm-none-eabi/lib/thumb/v6-m/nofp/libg.a(libc_a-freer.o)
                              /usr/lib/gcc/arm-none-eabi/13.2.1/../../../arm-none-eabi/lib/thumb/v6-m/nofp/libg.a(libc_a-mallocr.o) (_free_r)
/usr/lib/gcc/arm-none-eabi/13.2.1/../../../arm-none-eabi/lib/thumb/v6-m/nofp/libg.a(libc_a-memcmp.o)
                              CMakeFiles/projetoFinal.dir/home/matheus-moreira/Documentos/Faculdade/2025.1/Rtos/pico-sdk/src/rp2_common/pico_atomic/atomic.c.o (memcmp)
/usr/lib/gcc/arm-none-eabi/13.2.1/../../../arm-none-eabi/lib/thumb/v6-m/nofp/libg.a(libc_a-malloc.o)
                              CMakeFiles/projetoFinal.dir/home/matheus-moreira/Documentos/Faculdade/2025.1/Rtos/pico-sdk/src/rp2_common/pico_malloc/malloc.c.o (malloc)
/usr/lib/gcc/arm-none-eabi/13.2.1/../../../arm-none-eabi/lib/thumb/v6-m/nofp/libg.a(libc_a-sysconf.o)
                              /usr/lib/gcc/arm-none-eabi/13.2.1/../../../arm-none-eabi/lib/thumb/v6-m/nofp/libg.a(libc_a-mallocr.o) (sysconf)
/usr/lib/gcc/arm-none-eabi/13.2.1/../../../arm-none-eabi/lib/thumb/v6-m/nofp/libg.a(libc_a-init.o)
                              /usr/lib/gcc/arm-none-eabi/13.2.1/../../../arm-none-eabi/lib/thumb/v6-m/nofp/crt0.o (__libc_init_array)
/usr/lib/gcc/arm-none-eabi/13.2.1/../../../arm-none-eabi/lib/thumb/v6-m/nofp/libg.a(libc_a-reallocr.o)
                              /usr/lib/gcc/arm-none-eabi/13.2.1/../../../arm-none-eabi/lib/thumb/v6-m/nofp/libg.a(libc_a-realloc.o) (_realloc_r)
/usr/lib/gcc/arm-none-eabi/13.2.1/../../../arm-none-eabi/lib/thumb/v6-m/nofp/libg.a(libc_a-mktime.o)
                              CMakeFiles/projetoFinal.dir/home/matheus-moreira/Documentos/Faculdade/2025.1/Rtos/pico-sdk/src/common/pico_util/datetime.c.o (mktime)
/usr/lib/gcc/arm-none-eabi/13.2.1/../../../arm-none-eabi/lib/thumb/v6-m/nofp/libg.a(libc_a-mlock.o)
                              /usr/lib/gcc/arm-none-eabi/13.2.1/../../../arm-none-eabi/lib/thumb/v6-m/nofp/libg.a(libc_a-mallocr.o) (__malloc_lock)
/usr/lib/gcc/arm-none-eabi/13.2.1/../../../arm-none-eabi/lib/thumb/v6-m/nofp/libg.a(libc_a-findfp.o)
                              /usr/lib/gcc/arm-none-eabi/13.2.1/../../../arm-none-eabi/lib/thumb/v6-m/nofp/libg.a(libc_a-impure.o) (__sf)
/usr/lib/gcc/arm-none-eabi/13.2.1/../../../arm-none-eabi/lib/thumb/v6-m/nofp/libg.a(libc_a-tzlock.o)
                              /usr/lib/gcc/arm-none-eabi/13.2.1/../../../arm-none-eabi/lib/thumb/v6-m/nofp/libg.a(libc_a-mktime.o) (__tz_lock)
/usr/lib/gcc/arm-none-eabi/13.2.1/../../../arm-none-eabi/lib/thumb/v6-m/nofp/libg.a(libc_a-atexit.o)
                              /usr/lib/gcc/arm-none-eabi/13.2.1/../../../arm-none-eabi/lib/thumb/v6-m/nofp/crt0.o (atexit)
/usr/lib/gcc/arm-none-eabi/13.2.1/../../../arm-none-eabi/lib/thumb/v6-m/nofp/libg.a(libc_a-lcltime_r.o)
                              CMakeFiles/projetoFinal.dir/home/matheus-moreira/Documentos/Faculdade/2025.1/Rtos/pico-sdk/src/common/pico_util/datetime.c.o (localtime_r)
/usr/lib/gcc/arm-none-eabi/13.2.1/../../../arm-none-eabi/lib/thumb/v6-m/nofp/libg.a(libc_a-strlen-stub.o)
                              CMakeFiles/projetoFinal.dir/home/matheus-moreira/Documentos/Faculdade/2025.1/Rtos/pico-sdk/src/rp2_common/pico_stdio/stdio.c.o (strlen)
/usr/lib/gcc/arm-none-eabi/13.2.1/../../../arm-none-eabi/lib/thumb/v6-m/nofp/libg.a(libc_a-sbrkr.o)
[...]
Memory Configuration

Name             Origin             Length             Attributes
FLASH            0x10000000         0x00200000         xr
RAM              0x20000000         0x00040000         xrw
SCRATCH_X        0x20040000         0x00001000         xrw
SCRATCH_Y        0x20041000         0x00001000         xrw
*default*        0x00000000         0xffffffff

Linker script and memory map

LOAD /usr/lib/gcc/arm-none-eabi/13.2.1/thumb/v6-m/nofp/crti.o
LOAD /usr/lib/gcc/arm-none-eabi/13.2.1/thumb/v6-m/nofp/crtbegin.o
LOAD /usr/lib/gcc/arm-none-eabi/13.2.1/../../../arm-none-eabi/lib/thumb/v6-m/nofp/crt0.o

.flash_begin    0x10000000        0x0
                0x10000000                        __flash_binary_start = .

.boot2          0x10000000      0x100
                0x10000000                        __boot2_start__ = .
 *(.boot2)
 .boot2         0x10000000      0x100 pico-sdk/src/rp2040/boot_stage2/CMakeFiles/bs2_default_library.dir/bs2_default_padded_checksummed.S.o
                0x10000100                        __boot2_end__ = .
                0x00000001                        ASSERT (((__boot2_end__ - __boot2_start__) == 0x100), ERROR: Pico second stage bootloader must be 256 bytes in size)

.text           0x10000100     0x6b54
                0x10000100                        __logical_binary_start = .
 *(.vectors)
 .vectors       0x10000100       0xd4 CMakeFiles/projetoFinal.dir/home/matheus-moreira/Documentos/Faculdade/2025.1/Rtos/pico-sdk/src/rp2_common/pico_crt0/crt0.S.o
                0x10000100                __vectors
                0x10000100                __VECTOR_TABLE
                0x100001c0                isr_invalid
                0x100001c0                __default_isrs_start
                0x100001c2                isr_nmi
                0x100001c4                isr_hardfault
                0x100001c6                isr_svcall
                0x100001c8                isr_pendsv
                0x100001ca                isr_systick
                0x100001cc                isr_irq30
                0x100001cc                __unhandled_user_irq
                0x100001cc                isr_irq13
                0x100001cc                isr_irq27
                0x100001cc                isr_irq31
                0x100001cc                isr_irq5
                0x100001cc                isr_irq11
                0x100001cc                isr_irq23
                0x100001cc                isr_irq18
                0x100001cc                isr_irq28
                0x100001cc                isr_irq19
                0x100001cc                isr_irq0
                0x100001cc                isr_irq6
                0x100001cc                isr_irq22
                0x100001cc                isr_irq17
                0x100001cc                isr_irq14
                0x100001cc                isr_irq2
                0x100001cc                isr_irq10
                0x100001cc                isr_irq8
                0x100001cc                isr_irq24
                0x100001cc                isr_irq1
                0x100001cc                isr_irq7
                0x100001cc                isr_irq21
                0x100001cc                isr_irq20
                0x100001cc                isr_irq15
                0x100001cc                isr_irq25
                0x100001cc                isr_irq4
                0x100001cc                isr_irq16
                0x100001cc                isr_irq29
                0x100001cc                isr_irq26
                0x100001cc                __default_isrs_end
                0x100001cc                isr_irq3
                0x100001cc                isr_irq12
                0x100001cc                isr_irq9
                0x100001d2                unhandled_user_irq_num_in_r0
 *(.binary_info_header)
 .binary_info_header
                0x100001d4       0x14 CMakeFiles/projetoFinal.dir/home/matheus-moreira/Documentos/Faculdade/2025.1/Rtos/pico-sdk/src/rp2_common/pico_crt0/crt0.S.o
                0x100001e8                        __binary_info_header_end = .
 *(.embedded_block)
                0x100001e8                        __embedded_block_end = .
 *(.reset)
 .reset         0x100001e8       0x9c CMakeFiles/projetoFinal.dir/home/matheus-moreira/Documentos/Faculdade/2025.1/Rtos/pico-sdk/src/rp2_common/pico_crt0/crt0.S.o
                0x100001e8                _entry_point
 *(.init)
 .init          0x10000284        0x4 /usr/lib/gcc/arm-none-eabi/13.2.1/thumb/v6-m/nofp/crti.o
                0x10000284                _init
 *(EXCLUDE_FILE(*libm.a: *libc.a:*lib_a-mem*.o *libgcc.a:) .text*)
 .text          0x10000288       0x98 /usr/lib/gcc/arm-none-eabi/13.2.1/thumb/v6-m/nofp/crtbegin.o
 .text.task_control
                0x10000320       0x50 CMakeFiles/projetoFinal.dir/src/projetoFinal.c.o
                0x10000320                task_control
 .text.task_detect_smoke
                0x10000370       0x70 CMakeFiles/projetoFinal.dir/src/projetoFinal.c.o
                0x10000370                task_detect_smoke
 .text.startup.main
                0x100003e0       0x48 CMakeFiles/projetoFinal.dir/src/projetoFinal.c.o
                0x100003e0                main
 .text.gpio_set_function
                0x10000428       0x34 CMakeFiles/projetoFinal.dir/home/matheus-moreira/Documentos/Faculdade/2025.1/Rtos/pico-sdk/src/rp2_common/hardware_gpio/gpio.c.o
                0x10000428                gpio_set_function
 .text.gpio_set_pulls
                0x1000045c       0x28 CMakeFiles/projetoFinal.dir/home/matheus-moreira/Documentos/Faculdade/2025.1/Rtos/pico-sdk/src/rp2_common/hardware_gpio/gpio.c.o
                0x1000045c                gpio_set_pulls
 .text.gpio_set_input_enabled
                0x10000484       0x28 CMakeFiles/projetoFinal.dir/home/matheus-moreira/Documentos/Faculdade/2025.1/Rtos/pico-sdk/src/rp2_common/hardware_gpio/gpio.c.o
                0x10000484                gpio_set_input_enabled
 .text.gpio_init
                0x100004ac       0x40 CMakeFiles/projetoFinal.dir/home/matheus-moreira/Documentos/Faculdade/2025.1/Rtos/pico-sdk/src/rp2_common/hardware_gpio/gpio.c.o
                0x100004ac                gpio_init
 .text.rp2040_chip_version
                0x100004ec        0xc CMakeFiles/projetoFinal.dir/home/matheus-moreira/Documentos/Faculdade/2025.1/Rtos/pico-sdk/src/rp2040/pico_platform/platform.c.o
                0x100004ec                rp2040_chip_version
 .text.panic    0x100004f8       0x30 CMakeFiles/projetoFinal.dir/home/matheus-moreira/Documentos/Faculdade/2025.1/Rtos/pico-sdk/src/rp2_common/pico_platform_panic/panic.c.o
                0x100004f8                panic
 .text.panic_unsupported
                0x10000528        0xc CMakeFiles/projetoFinal.dir/home/matheus-moreira/Documentos/Faculdade/2025.1/Rtos/pico-sdk/src/rp2_common/pico_platform_panic/panic.c.o
                0x10000528                panic_unsupported
 .text.hw_claim_or_assert
                0x10000534       0x44 CMakeFiles/projetoFinal.dir/home/matheus-moreira/Documentos/Faculdade/2025.1/Rtos/pico-sdk/src/common/hardware_claim/claim.c.o
                0x10000534                hw_claim_or_assert
 .text.hw_claim_unused_from_range
                0x10000578       0x9c CMakeFiles/projetoFinal.dir/home/matheus-moreira/Documentos/Faculdade/2025.1/Rtos/pico-sdk/src/common/hardware_claim/claim.c.o
                0x10000578                hw_claim_unused_from_range
 .text.next_striped_spin_lock_num
                0x10000614       0x18 CMakeFiles/projetoFinal.dir/home/matheus-moreira/Documentos/Faculdade/2025.1/Rtos/pico-sdk/src/rp2_common/hardware_sync/sync.c.o
                0x10000614                next_striped_spin_lock_num
 .text.spin_lock_claim_unused
                0x1000062c       0x24 CMakeFiles/projetoFinal.dir/home/matheus-moreira/Documentos/Faculdade/2025.1/Rtos/pico-sdk/src/rp2_common/hardware_sync/sync.c.o
                0x1000062c                spin_lock_claim_unused
 .text.spin_locks_reset
                0x10000650       0x1c CMakeFiles/projetoFinal.dir/home/matheus-moreira/Documentos/Faculdade/2025.1/Rtos/pico-sdk/src/rp2_common/hardware_sync_spin_lock/sync_spin_lock.c.o
                0x10000650                spin_locks_reset
 .text.runtime_init_per_core_irq_priorities
                0x1000066c       0x24 CMakeFiles/projetoFinal.dir/home/matheus-moreira/Documentos/Faculdade/2025.1/Rtos/pico-sdk/src/rp2_common/hardware_irq/irq.c.o
                0x1000066c                runtime_init_per_core_irq_priorities
 .text.irq_set_enabled
                0x10000690       0x24 CMakeFiles/projetoFinal.dir/home/matheus-moreira/Documentos/Faculdade/2025.1/Rtos/pico-sdk/src/rp2_common/hardware_irq/irq.c.o
                0x10000690                irq_set_enabled
 .text.irq_is_enabled
                0x100006b4       0x18 CMakeFiles/projetoFinal.dir/home/matheus-moreira/Documentos/Faculdade/2025.1/Rtos/pico-sdk/src/rp2_common/hardware_irq/irq.c.o
                0x100006b4                irq_is_enabled
 .text.irq_set_pending
                0x100006cc       0x10 CMakeFiles/projetoFinal.dir/home/matheus-moreira/Documentos/Faculdade/2025.1/Rtos/pico-sdk/src/rp2_common/hardware_irq/irq.c.o
                0x100006cc                irq_set_pending
 .text.irq_has_shared_handler
                0x100006dc       0x24 CMakeFiles/projetoFinal.dir/home/matheus-moreira/Documentos/Faculdade/2025.1/Rtos/pico-sdk/src/rp2_common/hardware_irq/irq.c.o
                0x100006dc                irq_has_shared_handler
 .text.irq_set_exclusive_handler
                0x10000700       0x54 CMakeFiles/projetoFinal.dir/home/matheus-moreira/Documentos/Faculdade/2025.1/Rtos/pico-sdk/src/rp2_common/hardware_irq/irq.c.o
                0x10000700                irq_set_exclusive_handler
 .text.irq_add_shared_handler
                0x10000754      0x1f4 CMakeFiles/projetoFinal.dir/home/matheus-moreira/Documentos/Faculdade/2025.1/Rtos/pico-sdk/src/rp2_common/hardware_irq/irq.c.o
                0x10000754                irq_add_shared_handler
 .text.irq_set_priority
                0x10000948       0x28 CMakeFiles/projetoFinal.dir/home/matheus-moreira/Documentos/Faculdade/2025.1/Rtos/pico-sdk/src/rp2_common/hardware_irq/irq.c.o
                0x10000948                irq_set_priority
 .text.irq_add_tail_to_free_list
                0x10000970       0xb4 CMakeFiles/projetoFinal.dir/home/matheus-moreira/Documentos/Faculdade/2025.1/Rtos/pico-sdk/src/rp2_common/hardware_irq/irq.c.o
                0x10000970                irq_add_tail_to_free_list
 .text.user_irq_claim_unused
                0x10000a24       0x2c CMakeFiles/projetoFinal.dir/home/matheus-moreira/Documentos/Faculdade/2025.1/Rtos/pico-sdk/src/rp2_common/hardware_irq/irq.c.o
                0x10000a24                user_irq_claim_unused
 .text.lock_init
                0x10000a50       0x10 CMakeFiles/projetoFinal.dir/home/matheus-moreira/Documentos/Faculdade/2025.1/Rtos/pico-sdk/src/common/pico_sync/lock_core.c.o
                0x10000a50                lock_init
 .text.runtime_init_mutex
                0x10000a60       0x54 CMakeFiles/projetoFinal.dir/home/matheus-moreira/Documentos/Faculdade/2025.1/Rtos/pico-sdk/src/common/pico_sync/mutex.c.o
                0x10000a60                runtime_init_mutex
 .text.mutex_init
                0x10000ab4       0x1c CMakeFiles/projetoFinal.dir/home/matheus-moreira/Documentos/Faculdade/2025.1/Rtos/pico-sdk/src/common/pico_sync/mutex.c.o
                0x10000ab4                mutex_init
 .text.critical_section_init
                0x10000ad0       0x1c CMakeFiles/projetoFinal.dir/home/matheus-moreira/Documentos/Faculdade/2025.1/Rtos/pico-sdk/src/common/pico_sync/critical_section.c.o
                0x10000ad0                critical_section_init
 .text.critical_section_init_with_lock_num
                0x10000aec       0x14 CMakeFiles/projetoFinal.dir/home/matheus-moreira/Documentos/Faculdade/2025.1/Rtos/pico-sdk/src/common/pico_sync/critical_section.c.o
                0x10000aec                critical_section_init_with_lock_num
 .text.alarm_pool_irq_handler
                0x10000b00      0x2fc CMakeFiles/projetoFinal.dir/home/matheus-moreira/Documentos/Faculdade/2025.1/Rtos/pico-sdk/src/common/pico_time/time.c.o
 .text.sleep_until_callback
                0x10000dfc       0x24 CMakeFiles/projetoFinal.dir/home/matheus-moreira/Documentos/Faculdade/2025.1/Rtos/pico-sdk/src/common/pico_time/time.c.o
 .text.runtime_init_default_alarm_pool
                0x10000e20       0xdc CMakeFiles/projetoFinal.dir/home/matheus-moreira/Documentos/Faculdade/2025.1/Rtos/pico-sdk/src/common/pico_time/time.c.o
                0x10000e20                runtime_init_default_alarm_pool
 .text.alarm_pool_get_default
                0x10000efc        0x8 CMakeFiles/projetoFinal.dir/home/matheus-moreira/Documentos/Faculdade/2025.1/Rtos/pico-sdk/src/common/pico_time/time.c.o
                0x10000efc                alarm_pool_get_default
 .text.alarm_pool_add_alarm_at
                0x10000f04       0xd4 CMakeFiles/projetoFinal.dir/home/matheus-moreira/Documentos/Faculdade/2025.1/Rtos/pico-sdk/src/common/pico_time/time.c.o
                0x10000f04                alarm_pool_add_alarm_at
 .text.alarm_pool_add_alarm_at_force_in_context
                0x10000fd8       0xb0 CMakeFiles/projetoFinal.dir/home/matheus-moreira/Documentos/Faculdade/2025.1/Rtos/pico-sdk/src/common/pico_time/time.c.o
                0x10000fd8                alarm_pool_add_alarm_at_force_in_context
 .text.alarm_pool_cancel_alarm
                0x10001088       0x74 CMakeFiles/projetoFinal.dir/home/matheus-moreira/Documentos/Faculdade/2025.1/Rtos/pico-sdk/src/common/pico_time/time.c.o
                0x10001088                alarm_pool_cancel_alarm
 .text.alarm_pool_core_num
                0x100010fc        0x4 CMakeFiles/projetoFinal.dir/home/matheus-moreira/Documentos/Faculdade/2025.1/Rtos/pico-sdk/src/common/pico_time/time.c.o
                0x100010fc                alarm_pool_core_num
 .text.best_effort_wfe_or_timeout
                0x10001100       0xf8 CMakeFiles/projetoFinal.dir/home/matheus-moreira/Documentos/Faculdade/2025.1/Rtos/pico-sdk/src/common/pico_time/time.c.o
                0x10001100                best_effort_wfe_or_timeout
 .text.timer_hardware_alarm_claim
                0x100011f8       0x14 CMakeFiles/projetoFinal.dir/home/matheus-moreira/Documentos/Faculdade/2025.1/Rtos/pico-sdk/src/rp2_common/hardware_timer/timer.c.o
                0x100011f8                timer_hardware_alarm_claim
 .text.timer_time_us_64
                0x1000120c       0x10 CMakeFiles/projetoFinal.dir/home/matheus-moreira/Documentos/Faculdade/2025.1/Rtos/pico-sdk/src/rp2_common/hardware_timer/timer.c.o
                0x1000120c                timer_time_us_64
 .text.time_us_64
                0x1000121c       0x14 CMakeFiles/projetoFinal.dir/home/matheus-moreira/Documentos/Faculdade/2025.1/Rtos/pico-sdk/src/rp2_common/hardware_timer/timer.c.o
                0x1000121c                time_us_64
 .text.clock_configure_int_divider
                0x10001230       0xf4 CMakeFiles/projetoFinal.dir/home/matheus-moreira/Documentos/Faculdade/2025.1/Rtos/pico-sdk/src/rp2_common/hardware_clocks/clocks.c.o
                0x10001230                clock_configure_int_divider
 .text.clock_configure_undivided
                0x10001324       0xe8 CMakeFiles/projetoFinal.dir/home/matheus-moreira/Documentos/Faculdade/2025.1/Rtos/pico-sdk/src/rp2_common/hardware_clocks/clocks.c.o
                0x10001324                clock_configure_undivided
 .text.clock_get_hz
                0x1000140c        0xc CMakeFiles/projetoFinal.dir/home/matheus-moreira/Documentos/Faculdade/2025.1/Rtos/pico-sdk/src/rp2_common/hardware_clocks/clocks.c.o
                0x1000140c                clock_get_hz
 .text.pll_init
                0x10001418       0xa4 CMakeFiles/projetoFinal.dir/home/matheus-moreira/Documentos/Faculdade/2025.1/Rtos/pico-sdk/src/rp2_common/hardware_pll/pll.c.o
                0x10001418                pll_init
 .text.watchdog_reboot
                0x100014bc       0x9c CMakeFiles/projetoFinal.dir/home/matheus-moreira/Documentos/Faculdade/2025.1/Rtos/pico-sdk/src/rp2_common/hardware_watchdog/watchdog.c.o
                0x100014bc                watchdog_reboot
 .text.tick_start
                0x10001558       0x10 CMakeFiles/projetoFinal.dir/home/matheus-moreira/Documentos/Faculdade/2025.1/Rtos/pico-sdk/src/rp2_common/hardware_ticks/ticks.c.o
                0x10001558                tick_start
 .text.rom_func_lookup
                0x10001568       0x10 CMakeFiles/projetoFinal.dir/home/matheus-moreira/Documentos/Faculdade/2025.1/Rtos/pico-sdk/src/rp2_common/pico_bootrom/bootrom.c.o
                0x10001568                rom_func_lookup
 .text.rom_data_lookup
                0x10001578       0x10 CMakeFiles/projetoFinal.dir/home/matheus-moreira/Documentos/Faculdade/2025.1/Rtos/pico-sdk/src/rp2_common/pico_bootrom/bootrom.c.o
                0x10001578                rom_data_lookup
 .text.rom_funcs_lookup
                0x10001588       0x44 CMakeFiles/projetoFinal.dir/home/matheus-moreira/Documentos/Faculdade/2025.1/Rtos/pico-sdk/src/rp2_common/pico_bootrom/bootrom.c.o
                0x10001588                rom_funcs_lookup
 .text.rom_reset_usb_boot_extra
                0x100015cc       0x28 CMakeFiles/projetoFinal.dir/home/matheus-moreira/Documentos/Faculdade/2025.1/Rtos/pico-sdk/src/rp2_common/pico_bootrom/bootrom.c.o
                0x100015cc                rom_reset_usb_boot_extra
 .text.xosc_init
                0x100015f4       0x28 CMakeFiles/projetoFinal.dir/home/matheus-moreira/Documentos/Faculdade/2025.1/Rtos/pico-sdk/src/rp2_common/hardware_xosc/xosc.c.o
                0x100015f4                xosc_init
 .text.first_per_core_initializer
                0x1000161c        0x4 CMakeFiles/projetoFinal.dir/home/matheus-moreira/Documentos/Faculdade/2025.1/Rtos/pico-sdk/src/rp2_common/pico_runtime/runtime.c.o
 .text.hard_assertion_failure
                0x10001620        0xc CMakeFiles/projetoFinal.dir/home/matheus-moreira/Documentos/Faculdade/2025.1/Rtos/pico-sdk/src/rp2_common/pico_runtime/runtime.c.o
                0x10001620                hard_assertion_failure
 .text.runtime_run_initializers
                0x1000162c       0x28 CMakeFiles/projetoFinal.dir/home/matheus-moreira/Documentos/Faculdade/2025.1/Rtos/pico-sdk/src/rp2_common/pico_runtime/runtime.c.o
                0x1000162c                runtime_run_initializers
 .text.runtime_init_early_resets
                0x10001654       0x2c CMakeFiles/projetoFinal.dir/home/matheus-moreira/Documentos/Faculdade/2025.1/Rtos/pico-sdk/src/rp2_common/pico_runtime_init/runtime_init.c.o
                0x10001654                runtime_init_early_resets
 .text.runtime_init_usb_power_down
                0x10001680       0x1c CMakeFiles/projetoFinal.dir/home/matheus-moreira/Documentos/Faculdade/2025.1/Rtos/pico-sdk/src/rp2_common/pico_runtime_init/runtime_init.c.o
                0x10001680                runtime_init_usb_power_down
 .text.runtime_init_post_clock_resets
                0x1000169c       0x20 CMakeFiles/projetoFinal.dir/home/matheus-moreira/Documentos/Faculdade/2025.1/Rtos/pico-sdk/src/rp2_common/pico_runtime_init/runtime_init.c.o
                0x1000169c                runtime_init_post_clock_resets
 .text.runtime_init_rp2040_gpio_ie_disable
                0x100016bc       0x14 CMakeFiles/projetoFinal.dir/home/matheus-moreira/Documentos/Faculdade/2025.1/Rtos/pico-sdk/src/rp2_common/pico_runtime_init/runtime_init.c.o
                0x100016bc                runtime_init_rp2040_gpio_ie_disable
 .text.runtime_init_spin_locks_reset
                0x100016d0        0x8 CMakeFiles/projetoFinal.dir/home/matheus-moreira/Documentos/Faculdade/2025.1/Rtos/pico-sdk/src/rp2_common/pico_runtime_init/runtime_init.c.o
                0x100016d0                runtime_init_spin_locks_reset
 .text.runtime_init_install_ram_vector_table
                0x100016d8       0x1c CMakeFiles/projetoFinal.dir/home/matheus-moreira/Documentos/Faculdade/2025.1/Rtos/pico-sdk/src/rp2_common/pico_runtime_init/runtime_init.c.o
                0x100016d8                runtime_init_install_ram_vector_table
 .text.runtime_init_clocks
                0x100016f4       0xd8 CMakeFiles/projetoFinal.dir/home/matheus-moreira/Documentos/Faculdade/2025.1/Rtos/pico-sdk/src/rp2_common/pico_runtime_init/runtime_init_clocks.c.o
                0x100016f4                runtime_init_clocks
 .text          0x100017cc       0x10 CMakeFiles/projetoFinal.dir/home/matheus-moreira/Documentos/Faculdade/2025.1/Rtos/pico-sdk/src/rp2_common/pico_bit_ops/bit_ops_aeabi.S.o
 .text.__wrap___aeabi_uidiv
                0x100017dc       0x4c CMakeFiles/projetoFinal.dir/home/matheus-moreira/Documentos/Faculdade/2025.1/Rtos/pico-sdk/src/rp2_common/pico_divider/divider_hardware.S.o
                0x100017dc                __wrap___aeabi_uidiv
                0x100017dc                __wrap___aeabi_uidivmod
                0x100017dc                div_u32u32
                0x100017dc                divmod_u32u32
                0x100017e4                divmod_u32u32_unsafe
                0x1000180c                divmod_u32u32_savestate
 .text.__wrap___aeabi_ldiv
                0x10001828      0x424 CMakeFiles/projetoFinal.dir/home/matheus-moreira/Documentos/Faculdade/2025.1/Rtos/pico-sdk/src/rp2_common/pico_divider/divider_hardware.S.o
                0x10001828                div_s64s64
                0x10001828                divmod_s64s64
                0x10001828                __wrap___aeabi_ldivmod
                0x10001858                div_u64u64
                0x10001858                divmod_u64u64
                0x10001858                __wrap___aeabi_uldivmod
                0x10001868                divmod_u64u64_savestate
                0x10001888                divmod_s64s64_unsafe
                0x10001910                divmod_u64u64_unsafe
 .text.__aeabi_double_init
                0x10001c4c       0xa4 CMakeFiles/projetoFinal.dir/home/matheus-moreira/Documentos/Faculdade/2025.1/Rtos/pico-sdk/src/rp2_common/pico_double/double_init_rom_rp2040.c.o
                0x10001c4c                __aeabi_double_init
 .text.double_table_shim_on_use_helper
                0x10001cf0       0x2c CMakeFiles/projetoFinal.dir/home/matheus-moreira/Documentos/Faculdade/2025.1/Rtos/pico-sdk/src/rp2_common/pico_double/double_v1_rom_shim_rp2040.S.o
                0x10001cf0                double_table_shim_on_use_helper
 .text.__aeabi_lmul
                0x10001d1c       0x32 CMakeFiles/projetoFinal.dir/home/matheus-moreira/Documentos/Faculdade/2025.1/Rtos/pico-sdk/src/rp2_common/pico_int64_ops/pico_int64_ops_aeabi.S.o
                0x10001d1c                __wrap___aeabi_lmul
 *fill*         0x10001d4e        0x2 
 .text.__aeabi_float_init
                0x10001d50       0x64 CMakeFiles/projetoFinal.dir/home/matheus-moreira/Documentos/Faculdade/2025.1/Rtos/pico-sdk/src/rp2_common/pico_float/float_init_rom_rp2040.c.o
                0x10001d50                __aeabi_float_init
 .text.float_table_shim_on_use_helper
                0x10001db4       0x2c CMakeFiles/projetoFinal.dir/home/matheus-moreira/Documentos/Faculdade/2025.1/Rtos/pico-sdk/src/rp2_common/pico_float/float_v1_rom_shim_rp2040.S.o
                0x10001db4                float_table_shim_on_use_helper
 .text          0x10001de0       0x10 CMakeFiles/projetoFinal.dir/home/matheus-moreira/Documentos/Faculdade/2025.1/Rtos/pico-sdk/src/rp2_common/pico_mem_ops/mem_ops_aeabi.S.o
                0x10001de0                __aeabi_mem_init
 .text.memset   0x10001df0        0xc CMakeFiles/projetoFinal.dir/home/matheus-moreira/Documentos/Faculdade/2025.1/Rtos/pico-sdk/src/rp2_common/pico_mem_ops/mem_ops_aeabi.S.o
                0x10001df0                __wrap_memset
 .text.memcpy   0x10001dfc        0xc CMakeFiles/projetoFinal.dir/home/matheus-moreira/Documentos/Faculdade/2025.1/Rtos/pico-sdk/src/rp2_common/pico_mem_ops/mem_ops_aeabi.S.o
                0x10001dfc                __wrap___aeabi_memcpy
                0x10001dfc                __wrap_memcpy
 .text._out_char
                0x10001e08       0x10 CMakeFiles/projetoFinal.dir/home/matheus-moreira/Documentos/Faculdade/2025.1/Rtos/pico-sdk/src/rp2_common/pico_printf/printf.c.o
 .text.weak_raw_vprintf
                0x10001e18       0x30 CMakeFiles/projetoFinal.dir/home/matheus-moreira/Documentos/Faculdade/2025.1/Rtos/pico-sdk/src/rp2_common/pico_printf/printf.c.o
                0x10001e18                weak_raw_vprintf
 .text._exit    0x10001e48        0x4 CMakeFiles/projetoFinal.dir/home/matheus-moreira/Documentos/Faculdade/2025.1/Rtos/pico-sdk/src/rp2_common/pico_clib_interface/newlib_interface.c.o
                0x10001e48                _exit
 .text.exit     0x10001e4c        0x8 CMakeFiles/projetoFinal.dir/home/matheus-moreira/Documentos/Faculdade/2025.1/Rtos/pico-sdk/src/rp2_common/pico_clib_interface/newlib_interface.c.o
                0x10001e4c                exit
 .text.runtime_init
                0x10001e54       0x2c CMakeFiles/projetoFinal.dir/home/matheus-moreira/Documentos/Faculdade/2025.1/Rtos/pico-sdk/src/rp2_common/pico_clib_interface/newlib_interface.c.o
                0x10001e54                runtime_init
 .text.stdio_out_chars_no_crlf
                0x10001e80       0x10 CMakeFiles/projetoFinal.dir/home/matheus-moreira/Documentos/Faculdade/2025.1/Rtos/pico-sdk/src/rp2_common/pico_stdio/stdio.c.o
 .text.stdio_out_chars_crlf
                0x10001e90       0x94 CMakeFiles/projetoFinal.dir/home/matheus-moreira/Documentos/Faculdade/2025.1/Rtos/pico-sdk/src/rp2_common/pico_stdio/stdio.c.o
 .text.stdio_put_string
                0x10001f24      0x100 CMakeFiles/projetoFinal.dir/home/matheus-moreira/Documentos/Faculdade/2025.1/Rtos/pico-sdk/src/rp2_common/pico_stdio/stdio.c.o
                0x10001f24                stdio_put_string
 .text.stdio_set_driver_enabled
                0x10002024       0x30 CMakeFiles/projetoFinal.dir/home/matheus-moreira/Documentos/Faculdade/2025.1/Rtos/pico-sdk/src/rp2_common/pico_stdio/stdio.c.o
                0x10002024                stdio_set_driver_enabled
 .text.stdio_init_all
                0x10002054        0x8 CMakeFiles/projetoFinal.dir/home/matheus-moreira/Documentos/Faculdade/2025.1/Rtos/pico-sdk/src/rp2_common/pico_stdio/stdio.c.o
                0x10002054                stdio_init_all
 .text.__wrap_putchar
                0x1000205c       0x98 CMakeFiles/projetoFinal.dir/home/matheus-moreira/Documentos/Faculdade/2025.1/Rtos/pico-sdk/src/rp2_common/pico_stdio/stdio.c.o
                0x1000205c                stdio_putchar
                0x1000205c                __wrap_putchar
 .text.__wrap_puts
                0x100020f4       0x3c CMakeFiles/projetoFinal.dir/home/matheus-moreira/Documentos/Faculdade/2025.1/Rtos/pico-sdk/src/rp2_common/pico_stdio/stdio.c.o
                0x100020f4                __wrap_puts
                0x100020f4                stdio_puts
 .text.resetd_init
                0x10002130        0x4 CMakeFiles/projetoFinal.dir/home/matheus-moreira/Documentos/Faculdade/2025.1/Rtos/pico-sdk/src/rp2_common/pico_stdio_usb/reset_interface.c.o
 .text.resetd_reset
                0x10002134        0xc CMakeFiles/projetoFinal.dir/home/matheus-moreira/Documentos/Faculdade/2025.1/Rtos/pico-sdk/src/rp2_common/pico_stdio_usb/reset_interface.c.o
 .text.resetd_open
                0x10002140       0x28 CMakeFiles/projetoFinal.dir/home/matheus-moreira/Documentos/Faculdade/2025.1/Rtos/pico-sdk/src/rp2_common/pico_stdio_usb/reset_interface.c.o
 .text.resetd_xfer_cb
                0x10002168        0x4 CMakeFiles/projetoFinal.dir/home/matheus-moreira/Documentos/Faculdade/2025.1/Rtos/pico-sdk/src/rp2_common/pico_stdio_usb/reset_interface.c.o
 .text.resetd_control_xfer_cb
                0x1000216c       0x5c CMakeFiles/projetoFinal.dir/home/matheus-moreira/Documentos/Faculdade/2025.1/Rtos/pico-sdk/src/rp2_common/pico_stdio_usb/reset_interface.c.o
 .text.tud_descriptor_bos_cb
                0x100021c8        0x8 CMakeFiles/projetoFinal.dir/home/matheus-moreira/Documentos/Faculdade/2025.1/Rtos/pico-sdk/src/rp2_common/pico_stdio_usb/reset_interface.c.o
                0x100021c8                tud_descriptor_bos_cb
 .text.tud_vendor_control_xfer_cb
                0x100021d0       0x34 CMakeFiles/projetoFinal.dir/home/matheus-moreira/Documentos/Faculdade/2025.1/Rtos/pico-sdk/src/rp2_common/pico_stdio_usb/reset_interface.c.o
                0x100021d0                tud_vendor_control_xfer_cb
 .text.usbd_app_driver_get_cb
                0x10002204        0xc CMakeFiles/projetoFinal.dir/home/matheus-moreira/Documentos/Faculdade/2025.1/Rtos/pico-sdk/src/rp2_common/pico_stdio_usb/reset_interface.c.o
                0x10002204                usbd_app_driver_get_cb
 .text.tud_cdc_line_coding_cb
                0x10002210       0x2c CMakeFiles/projetoFinal.dir/home/matheus-moreira/Documentos/Faculdade/2025.1/Rtos/pico-sdk/src/rp2_common/pico_stdio_usb/reset_interface.c.o
                0x10002210                tud_cdc_line_coding_cb
 .text.stdio_usb_set_chars_available_callback
                0x1000223c       0x14 CMakeFiles/projetoFinal.dir/home/matheus-moreira/Documentos/Faculdade/2025.1/Rtos/pico-sdk/src/rp2_common/pico_stdio_usb/stdio_usb.c.o
                0x1000223c                stdio_usb_set_chars_available_callback
 .text.usb_irq  0x10002250       0x10 CMakeFiles/projetoFinal.dir/home/matheus-moreira/Documentos/Faculdade/2025.1/Rtos/pico-sdk/src/rp2_common/pico_stdio_usb/stdio_usb.c.o
 .text.timer_task
                0x10002260       0x64 CMakeFiles/projetoFinal.dir/home/matheus-moreira/Documentos/Faculdade/2025.1/Rtos/pico-sdk/src/rp2_common/pico_stdio_usb/stdio_usb.c.o
 .text.stdio_usb_in_chars
                0x100022c4       0x90 CMakeFiles/projetoFinal.dir/home/matheus-moreira/Documentos/Faculdade/2025.1/Rtos/pico-sdk/src/rp2_common/pico_stdio_usb/stdio_usb.c.o
                0x100022c4                stdio_usb_in_chars
 .text.stdio_usb_out_flush
                0x10002354       0x50 CMakeFiles/projetoFinal.dir/home/matheus-moreira/Documentos/Faculdade/2025.1/Rtos/pico-sdk/src/rp2_common/pico_stdio_usb/stdio_usb.c.o
 .text.stdio_usb_out_chars
                0x100023a4      0x104 CMakeFiles/projetoFinal.dir/home/matheus-moreira/Documentos/Faculdade/2025.1/Rtos/pico-sdk/src/rp2_common/pico_stdio_usb/stdio_usb.c.o
 .text.low_priority_worker_irq
                0x100024a8       0xcc CMakeFiles/projetoFinal.dir/home/matheus-moreira/Documentos/Faculdade/2025.1/Rtos/pico-sdk/src/rp2_common/pico_stdio_usb/stdio_usb.c.o
 .text.stdio_usb_init
                0x10002574       0xec CMakeFiles/projetoFinal.dir/home/matheus-moreira/Documentos/Faculdade/2025.1/Rtos/pico-sdk/src/rp2_common/pico_stdio_usb/stdio_usb.c.o
                0x10002574                stdio_usb_init
 .text.tud_descriptor_device_cb
                0x10002660        0x8 CMakeFiles/projetoFinal.dir/home/matheus-moreira/Documentos/Faculdade/2025.1/Rtos/pico-sdk/src/rp2_common/pico_stdio_usb/stdio_usb_descriptors.c.o
                0x10002660                tud_descriptor_device_cb
 .text.tud_descriptor_configuration_cb
                0x10002668        0x8 CMakeFiles/projetoFinal.dir/home/matheus-moreira/Documentos/Faculdade/2025.1/Rtos/pico-sdk/src/rp2_common/pico_stdio_usb/stdio_usb_descriptors.c.o
                0x10002668                tud_descriptor_configuration_cb
 .text.tud_descriptor_string_cb
                0x10002670       0x78 CMakeFiles/projetoFinal.dir/home/matheus-moreira/Documentos/Faculdade/2025.1/Rtos/pico-sdk/src/rp2_common/pico_stdio_usb/stdio_usb_descriptors.c.o
                0x10002670                tud_descriptor_string_cb
 .text.startup._retrieve_unique_id_on_boot
                0x100026e8       0x10 CMakeFiles/projetoFinal.dir/home/matheus-moreira/Documentos/Faculdade/2025.1/Rtos/pico-sdk/src/rp2_common/pico_unique_id/unique_id.c.o
 .text.pico_get_unique_board_id_string
                0x100026f8      0x1a8 CMakeFiles/projetoFinal.dir/home/matheus-moreira/Documentos/Faculdade/2025.1/Rtos/pico-sdk/src/rp2_common/pico_unique_id/unique_id.c.o
                0x100026f8                pico_get_unique_board_id_string
 .text.flash_get_unique_id
                0x100028a0       0x3c CMakeFiles/projetoFinal.dir/home/matheus-moreira/Documentos/Faculdade/2025.1/Rtos/pico-sdk/src/rp2_common/hardware_flash/flash.c.o
                0x100028a0                flash_get_unique_id
 .text.dcd_init
                0x100028dc       0x90 CMakeFiles/projetoFinal.dir/home/matheus-moreira/Documentos/Faculdade/2025.1/Rtos/pico-sdk/lib/tinyusb/src/portable/raspberrypi/rp2040/dcd_rp2040.c.o
                0x100028dc                dcd_init
 .text.dcd_int_enable
                0x1000296c        0xc CMakeFiles/projetoFinal.dir/home/matheus-moreira/Documentos/Faculdade/2025.1/Rtos/pico-sdk/lib/tinyusb/src/portable/raspberrypi/rp2040/dcd_rp2040.c.o
                0x1000296c                dcd_int_enable
 .text.dcd_set_address
                0x10002978       0x14 CMakeFiles/projetoFinal.dir/home/matheus-moreira/Documentos/Faculdade/2025.1/Rtos/pico-sdk/lib/tinyusb/src/portable/raspberrypi/rp2040/dcd_rp2040.c.o
                0x10002978                dcd_set_address
 .text.dcd_sof_enable
                0x1000298c       0x1c CMakeFiles/projetoFinal.dir/home/matheus-moreira/Documentos/Faculdade/2025.1/Rtos/pico-sdk/lib/tinyusb/src/portable/raspberrypi/rp2040/dcd_rp2040.c.o
                0x1000298c                dcd_sof_enable
 .text.dcd_edpt0_status_complete
                0x100029a8       0x1c CMakeFiles/projetoFinal.dir/home/matheus-moreira/Documentos/Faculdade/2025.1/Rtos/pico-sdk/lib/tinyusb/src/portable/raspberrypi/rp2040/dcd_rp2040.c.o
                0x100029a8                dcd_edpt0_status_complete
 .text.dcd_edpt_open
                0x100029c4      0x114 CMakeFiles/projetoFinal.dir/home/matheus-moreira/Documentos/Faculdade/2025.1/Rtos/pico-sdk/lib/tinyusb/src/portable/raspberrypi/rp2040/dcd_rp2040.c.o
                0x100029c4                dcd_edpt_open
 .text.dcd_edpt_close_all
                0x10002ad8        0x8 CMakeFiles/projetoFinal.dir/home/matheus-moreira/Documentos/Faculdade/2025.1/Rtos/pico-sdk/lib/tinyusb/src/portable/raspberrypi/rp2040/dcd_rp2040.c.o
                0x10002ad8                dcd_edpt_close_all
 .text.dcd_edpt_xfer
                0x10002ae0       0x24 CMakeFiles/projetoFinal.dir/home/matheus-moreira/Documentos/Faculdade/2025.1/Rtos/pico-sdk/lib/tinyusb/src/portable/raspberrypi/rp2040/dcd_rp2040.c.o
                0x10002ae0                dcd_edpt_xfer
 .text.dcd_edpt_stall
                0x10002b04       0x34 CMakeFiles/projetoFinal.dir/home/matheus-moreira/Documentos/Faculdade/2025.1/Rtos/pico-sdk/lib/tinyusb/src/portable/raspberrypi/rp2040/dcd_rp2040.c.o
                0x10002b04                dcd_edpt_stall
 .text.dcd_edpt_clear_stall
                0x10002b38       0x30 CMakeFiles/projetoFinal.dir/home/matheus-moreira/Documentos/Faculdade/2025.1/Rtos/pico-sdk/lib/tinyusb/src/portable/raspberrypi/rp2040/dcd_rp2040.c.o
                0x10002b38                dcd_edpt_clear_stall
 .text.rp2040_usb_init
                0x10002b68       0x40 CMakeFiles/projetoFinal.dir/home/matheus-moreira/Documentos/Faculdade/2025.1/Rtos/pico-sdk/lib/tinyusb/src/portable/raspberrypi/rp2040/rp2040_usb.c.o
                0x10002b68                rp2040_usb_init
 .text.hw_endpoint_xfer_start
                0x10002ba8       0x40 CMakeFiles/projetoFinal.dir/home/matheus-moreira/Documentos/Faculdade/2025.1/Rtos/pico-sdk/lib/tinyusb/src/portable/raspberrypi/rp2040/rp2040_usb.c.o
                0x10002ba8                hw_endpoint_xfer_start
 .text.tud_event_hook_cb
                0x10002be8        0x4 CMakeFiles/projetoFinal.dir/home/matheus-moreira/Documentos/Faculdade/2025.1/Rtos/pico-sdk/lib/tinyusb/src/device/usbd.c.o
                0x10002be8                tud_event_hook_cb
 .text.tud_sof_cb
                0x10002bec        0x4 CMakeFiles/projetoFinal.dir/home/matheus-moreira/Documentos/Faculdade/2025.1/Rtos/pico-sdk/lib/tinyusb/src/device/usbd.c.o
                0x10002bec                tud_sof_cb
 .text.tud_descriptor_device_qualifier_cb
                0x10002bf0        0x4 CMakeFiles/projetoFinal.dir/home/matheus-moreira/Documentos/Faculdade/2025.1/Rtos/pico-sdk/lib/tinyusb/src/device/usbd.c.o
                0x10002bf0                tud_descriptor_device_qualifier_cb
 .text.tud_descriptor_other_speed_configuration_cb
                0x10002bf4        0x4 CMakeFiles/projetoFinal.dir/home/matheus-moreira/Documentos/Faculdade/2025.1/Rtos/pico-sdk/lib/tinyusb/src/device/usbd.c.o
                0x10002bf4                tud_descriptor_other_speed_configuration_cb
 .text.tud_mount_cb
                0x10002bf8        0x4 CMakeFiles/projetoFinal.dir/home/matheus-moreira/Documentos/Faculdade/2025.1/Rtos/pico-sdk/lib/tinyusb/src/device/usbd.c.o
                0x10002bf8                tud_mount_cb
 .text.tud_umount_cb
                0x10002bfc        0x4 CMakeFiles/projetoFinal.dir/home/matheus-moreira/Documentos/Faculdade/2025.1/Rtos/pico-sdk/lib/tinyusb/src/device/usbd.c.o
                0x10002bfc                tud_umount_cb
 .text.tud_suspend_cb
                0x10002c00        0x4 CMakeFiles/projetoFinal.dir/home/matheus-moreira/Documentos/Faculdade/2025.1/Rtos/pico-sdk/lib/tinyusb/src/device/usbd.c.o
                0x10002c00                tud_suspend_cb
 .text.tud_resume_cb
                0x10002c04        0x4 CMakeFiles/projetoFinal.dir/home/matheus-moreira/Documentos/Faculdade/2025.1/Rtos/pico-sdk/lib/tinyusb/src/device/usbd.c.o
                0x10002c04                tud_resume_cb
 .text.tud_mounted
                0x10002c08       0x10 CMakeFiles/projetoFinal.dir/home/matheus-moreira/Documentos/Faculdade/2025.1/Rtos/pico-sdk/lib/tinyusb/src/device/usbd.c.o
                0x10002c08                tud_mounted
 .text.tud_suspended
                0x10002c18       0x10 CMakeFiles/projetoFinal.dir/home/matheus-moreira/Documentos/Faculdade/2025.1/Rtos/pico-sdk/lib/tinyusb/src/device/usbd.c.o
                0x10002c18                tud_suspended
 .text.tud_rhport_init
                0x10002c28       0xfc CMakeFiles/projetoFinal.dir/home/matheus-moreira/Documentos/Faculdade/2025.1/Rtos/pico-sdk/lib/tinyusb/src/device/usbd.c.o
                0x10002c28                tud_rhport_init
 .text.tud_task_ext
                0x10002d24      0x800 CMakeFiles/projetoFinal.dir/home/matheus-moreira/Documentos/Faculdade/2025.1/Rtos/pico-sdk/lib/tinyusb/src/device/usbd.c.o
                0x10002d24                tud_task_ext
 .text.usbd_open_edpt_pair
                0x10003524       0xa0 CMakeFiles/projetoFinal.dir/home/matheus-moreira/Documentos/Faculdade/2025.1/Rtos/pico-sdk/lib/tinyusb/src/device/usbd.c.o
                0x10003524                usbd_open_edpt_pair
 .text.usbd_edpt_open
                0x100035c4       0x38 CMakeFiles/projetoFinal.dir/home/matheus-moreira/Documentos/Faculdade/2025.1/Rtos/pico-sdk/lib/tinyusb/src/device/usbd.c.o
                0x100035c4                usbd_edpt_open
 .text.usbd_edpt_claim
                0x100035fc       0x28 CMakeFiles/projetoFinal.dir/home/matheus-moreira/Documentos/Faculdade/2025.1/Rtos/pico-sdk/lib/tinyusb/src/device/usbd.c.o
                0x100035fc                usbd_edpt_claim
 .text.usbd_edpt_release
                0x10003624       0x28 CMakeFiles/projetoFinal.dir/home/matheus-moreira/Documentos/Faculdade/2025.1/Rtos/pico-sdk/lib/tinyusb/src/device/usbd.c.o
                0x10003624                usbd_edpt_release
 .text.usbd_edpt_xfer
                0x1000364c       0x4c CMakeFiles/projetoFinal.dir/home/matheus-moreira/Documentos/Faculdade/2025.1/Rtos/pico-sdk/lib/tinyusb/src/device/usbd.c.o
                0x1000364c                usbd_edpt_xfer
 .text.tud_control_status
                0x10003698       0x2c CMakeFiles/projetoFinal.dir/home/matheus-moreira/Documentos/Faculdade/2025.1/Rtos/pico-sdk/lib/tinyusb/src/device/usbd_control.c.o
                0x10003698                tud_control_status
 .text.tud_control_xfer
                0x100036c4       0xac CMakeFiles/projetoFinal.dir/home/matheus-moreira/Documentos/Faculdade/2025.1/Rtos/pico-sdk/lib/tinyusb/src/device/usbd_control.c.o
                0x100036c4                tud_control_xfer
 .text.usbd_control_reset
                0x10003770       0x14 CMakeFiles/projetoFinal.dir/home/matheus-moreira/Documentos/Faculdade/2025.1/Rtos/pico-sdk/lib/tinyusb/src/device/usbd_control.c.o
                0x10003770                usbd_control_reset
 .text.usbd_control_set_complete_callback
                0x10003784        0xc CMakeFiles/projetoFinal.dir/home/matheus-moreira/Documentos/Faculdade/2025.1/Rtos/pico-sdk/lib/tinyusb/src/device/usbd_control.c.o
                0x10003784                usbd_control_set_complete_callback
 .text.usbd_control_set_request
                0x10003790       0x1c CMakeFiles/projetoFinal.dir/home/matheus-moreira/Documentos/Faculdade/2025.1/Rtos/pico-sdk/lib/tinyusb/src/device/usbd_control.c.o
                0x10003790                usbd_control_set_request
 .text.usbd_control_xfer_cb
                0x100037ac       0xec CMakeFiles/projetoFinal.dir/home/matheus-moreira/Documentos/Faculdade/2025.1/Rtos/pico-sdk/lib/tinyusb/src/device/usbd_control.c.o
                0x100037ac                usbd_control_xfer_cb
 .text._prep_out_transaction.isra.0
                0x10003898       0x6c CMakeFiles/projetoFinal.dir/home/matheus-moreira/Documentos/Faculdade/2025.1/Rtos/pico-sdk/lib/tinyusb/src/class/cdc/cdc_device.c.o
 .text.tud_cdc_n_connected
                0x10003904       0x2c CMakeFiles/projetoFinal.dir/home/matheus-moreira/Documentos/Faculdade/2025.1/Rtos/pico-sdk/lib/tinyusb/src/class/cdc/cdc_device.c.o
                0x10003904                tud_cdc_n_connected
 .text.tud_cdc_n_available
                0x10003930       0x14 CMakeFiles/projetoFinal.dir/home/matheus-moreira/Documentos/Faculdade/2025.1/Rtos/pico-sdk/lib/tinyusb/src/class/cdc/cdc_device.c.o
                0x10003930                tud_cdc_n_available
 .text.tud_cdc_n_read
                0x10003944       0x94 CMakeFiles/projetoFinal.dir/home/matheus-moreira/Documentos/Faculdade/2025.1/Rtos/pico-sdk/lib/tinyusb/src/class/cdc/cdc_device.c.o
                0x10003944                tud_cdc_n_read
 .text.tud_cdc_n_write_flush
                0x100039d8       0x74 CMakeFiles/projetoFinal.dir/home/matheus-moreira/Documentos/Faculdade/2025.1/Rtos/pico-sdk/lib/tinyusb/src/class/cdc/cdc_device.c.o
                0x100039d8                tud_cdc_n_write_flush
 .text.tud_cdc_n_write
                0x10003a4c       0x40 CMakeFiles/projetoFinal.dir/home/matheus-moreira/Documentos/Faculdade/2025.1/Rtos/pico-sdk/lib/tinyusb/src/class/cdc/cdc_device.c.o
                0x10003a4c                tud_cdc_n_write
 .text.tud_cdc_n_write_available
                0x10003a8c       0x14 CMakeFiles/projetoFinal.dir/home/matheus-moreira/Documentos/Faculdade/2025.1/Rtos/pico-sdk/lib/tinyusb/src/class/cdc/cdc_device.c.o
                0x10003a8c                tud_cdc_n_write_available
 .text.cdcd_init
                0x10003aa0       0x74 CMakeFiles/projetoFinal.dir/home/matheus-moreira/Documentos/Faculdade/2025.1/Rtos/pico-sdk/lib/tinyusb/src/class/cdc/cdc_device.c.o
                0x10003aa0                cdcd_init
 .text.cdcd_deinit
                0x10003b14       0x34 CMakeFiles/projetoFinal.dir/home/matheus-moreira/Documentos/Faculdade/2025.1/Rtos/pico-sdk/lib/tinyusb/src/class/cdc/cdc_device.c.o
                0x10003b14                cdcd_deinit
 .text.cdcd_reset
                0x10003b48       0x50 CMakeFiles/projetoFinal.dir/home/matheus-moreira/Documentos/Faculdade/2025.1/Rtos/pico-sdk/lib/tinyusb/src/class/cdc/cdc_device.c.o
                0x10003b48                cdcd_reset
 .text.cdcd_open
                0x10003b98       0xa8 CMakeFiles/projetoFinal.dir/home/matheus-moreira/Documentos/Faculdade/2025.1/Rtos/pico-sdk/lib/tinyusb/src/class/cdc/cdc_device.c.o
                0x10003b98                cdcd_open
 .text.cdcd_control_xfer_cb
                0x10003c40      0x100 CMakeFiles/projetoFinal.dir/home/matheus-moreira/Documentos/Faculdade/2025.1/Rtos/pico-sdk/lib/tinyusb/src/class/cdc/cdc_device.c.o
                0x10003c40                cdcd_control_xfer_cb
 .text.cdcd_xfer_cb
                0x10003d40      0x100 CMakeFiles/projetoFinal.dir/home/matheus-moreira/Documentos/Faculdade/2025.1/Rtos/pico-sdk/lib/tinyusb/src/class/cdc/cdc_device.c.o
                0x10003d40                cdcd_xfer_cb
 .text.vendord_init
                0x10003e40       0x5c CMakeFiles/projetoFinal.dir/home/matheus-moreira/Documentos/Faculdade/2025.1/Rtos/pico-sdk/lib/tinyusb/src/class/vendor/vendor_device.c.o
                0x10003e40                vendord_init
 .text.vendord_deinit
                0x10003e9c       0x1c CMakeFiles/projetoFinal.dir/home/matheus-moreira/Documentos/Faculdade/2025.1/Rtos/pico-sdk/lib/tinyusb/src/class/vendor/vendor_device.c.o
                0x10003e9c                vendord_deinit
 .text.vendord_reset
                0x10003eb8       0x28 CMakeFiles/projetoFinal.dir/home/matheus-moreira/Documentos/Faculdade/2025.1/Rtos/pico-sdk/lib/tinyusb/src/class/vendor/vendor_device.c.o
                0x10003eb8                vendord_reset
 .text.vendord_open
                0x10003ee0      0x110 CMakeFiles/projetoFinal.dir/home/matheus-moreira/Documentos/Faculdade/2025.1/Rtos/pico-sdk/lib/tinyusb/src/class/vendor/vendor_device.c.o
                0x10003ee0                vendord_open
 .text.vendord_xfer_cb
                0x10003ff0       0x9c CMakeFiles/projetoFinal.dir/home/matheus-moreira/Documentos/Faculdade/2025.1/Rtos/pico-sdk/lib/tinyusb/src/class/vendor/vendor_device.c.o
                0x10003ff0                vendord_xfer_cb
 .text.tusb_rhport_init
                0x1000408c       0x48 CMakeFiles/projetoFinal.dir/home/matheus-moreira/Documentos/Faculdade/2025.1/Rtos/pico-sdk/lib/tinyusb/src/tusb.c.o
                0x1000408c                tusb_rhport_init
 .text.tu_edpt_claim
                0x100040d4       0x50 CMakeFiles/projetoFinal.dir/home/matheus-moreira/Documentos/Faculdade/2025.1/Rtos/pico-sdk/lib/tinyusb/src/tusb.c.o
                0x100040d4                tu_edpt_claim
 .text.tu_edpt_release
                0x10004124       0x38 CMakeFiles/projetoFinal.dir/home/matheus-moreira/Documentos/Faculdade/2025.1/Rtos/pico-sdk/lib/tinyusb/src/tusb.c.o
                0x10004124                tu_edpt_release
 .text.tu_edpt_validate
                0x1000415c       0xb8 CMakeFiles/projetoFinal.dir/home/matheus-moreira/Documentos/Faculdade/2025.1/Rtos/pico-sdk/lib/tinyusb/src/tusb.c.o
                0x1000415c                tu_edpt_validate
 .text.tu_edpt_bind_driver
                0x10004214       0x34 CMakeFiles/projetoFinal.dir/home/matheus-moreira/Documentos/Faculdade/2025.1/Rtos/pico-sdk/lib/tinyusb/src/tusb.c.o
                0x10004214                tu_edpt_bind_driver
 .text.tu_edpt_stream_init
                0x10004248       0x6c CMakeFiles/projetoFinal.dir/home/matheus-moreira/Documentos/Faculdade/2025.1/Rtos/pico-sdk/lib/tinyusb/src/tusb.c.o
                0x10004248                tu_edpt_stream_init
 .text.tu_edpt_stream_deinit
                0x100042b4        0x4 CMakeFiles/projetoFinal.dir/home/matheus-moreira/Documentos/Faculdade/2025.1/Rtos/pico-sdk/lib/tinyusb/src/tusb.c.o
                0x100042b4                tu_edpt_stream_deinit
 .text.tu_edpt_stream_write_zlp_if_needed
                0x100042b8       0x68 CMakeFiles/projetoFinal.dir/home/matheus-moreira/Documentos/Faculdade/2025.1/Rtos/pico-sdk/lib/tinyusb/src/tusb.c.o
                0x100042b8                tu_edpt_stream_write_zlp_if_needed
 .text.tu_edpt_stream_write_xfer
                0x10004320       0x64 CMakeFiles/projetoFinal.dir/home/matheus-moreira/Documentos/Faculdade/2025.1/Rtos/pico-sdk/lib/tinyusb/src/tusb.c.o
                0x10004320                tu_edpt_stream_write_xfer
 .text.tu_edpt_stream_read_xfer
                0x10004384       0xdc CMakeFiles/projetoFinal.dir/home/matheus-moreira/Documentos/Faculdade/2025.1/Rtos/pico-sdk/lib/tinyusb/src/tusb.c.o
                0x10004384                tu_edpt_stream_read_xfer
 .text.tu_fifo_config
                0x10004460       0x6c CMakeFiles/projetoFinal.dir/home/matheus-moreira/Documentos/Faculdade/2025.1/Rtos/pico-sdk/lib/tinyusb/src/common/tusb_fifo.c.o
                0x10004460                tu_fifo_config
 .text.tu_fifo_count
                0x100044cc       0x2c CMakeFiles/projetoFinal.dir/home/matheus-moreira/Documentos/Faculdade/2025.1/Rtos/pico-sdk/lib/tinyusb/src/common/tusb_fifo.c.o
                0x100044cc                tu_fifo_count
 .text.tu_fifo_empty
                0x100044f8       0x10 CMakeFiles/projetoFinal.dir/home/matheus-moreira/Documentos/Faculdade/2025.1/Rtos/pico-sdk/lib/tinyusb/src/common/tusb_fifo.c.o
                0x100044f8                tu_fifo_empty
 .text.tu_fifo_remaining
                0x10004508       0x2c CMakeFiles/projetoFinal.dir/home/matheus-moreira/Documentos/Faculdade/2025.1/Rtos/pico-sdk/lib/tinyusb/src/common/tusb_fifo.c.o
                0x10004508                tu_fifo_remaining
 .text.tu_fifo_read
                0x10004534       0x9c CMakeFiles/projetoFinal.dir/home/matheus-moreira/Documentos/Faculdade/2025.1/Rtos/pico-sdk/lib/tinyusb/src/common/tusb_fifo.c.o
                0x10004534                tu_fifo_read
 .text.tu_fifo_read_n
                0x100045d0       0xe8 CMakeFiles/projetoFinal.dir/home/matheus-moreira/Documentos/Faculdade/2025.1/Rtos/pico-sdk/lib/tinyusb/src/common/tusb_fifo.c.o
                0x100045d0                tu_fifo_read_n
 .text.tu_fifo_write
                0x100046b8       0xa8 CMakeFiles/projetoFinal.dir/home/matheus-moreira/Documentos/Faculdade/2025.1/Rtos/pico-sdk/lib/tinyusb/src/common/tusb_fifo.c.o
                0x100046b8                tu_fifo_write
 .text.tu_fifo_write_n
                0x10004760      0x178 CMakeFiles/projetoFinal.dir/home/matheus-moreira/Documentos/Faculdade/2025.1/Rtos/pico-sdk/lib/tinyusb/src/common/tusb_fifo.c.o
                0x10004760                tu_fifo_write_n
 .text.tu_fifo_clear
                0x100048d8       0x40 CMakeFiles/projetoFinal.dir/home/matheus-moreira/Documentos/Faculdade/2025.1/Rtos/pico-sdk/lib/tinyusb/src/common/tusb_fifo.c.o
                0x100048d8                tu_fifo_clear
 .text.tu_fifo_set_overwritable
                0x10004918       0x50 CMakeFiles/projetoFinal.dir/home/matheus-moreira/Documentos/Faculdade/2025.1/Rtos/pico-sdk/lib/tinyusb/src/common/tusb_fifo.c.o
                0x10004918                tu_fifo_set_overwritable
 .text.pvPortMalloc
                0x10004968      0x124 CMakeFiles/projetoFinal.dir/lib/FreeRTOS-Kernel/portable/MemMang/heap_4.c.o
                0x10004968                pvPortMalloc
 .text.vPortFree
                0x10004a8c       0x98 CMakeFiles/projetoFinal.dir/lib/FreeRTOS-Kernel/portable/MemMang/heap_4.c.o
                0x10004a8c                vPortFree
 *fill*         0x10004b24        0xc 
 .text.vPortStartFirstTask
                0x10004b30       0x34 CMakeFiles/projetoFinal.dir/lib/FreeRTOS-Kernel/portable/ThirdParty/GCC/RP2040/port.c.o
 *fill*         0x10004b64        0xc 
 .text.xPortPendSVHandler
                0x10004b70       0x64 CMakeFiles/projetoFinal.dir/lib/FreeRTOS-Kernel/portable/ThirdParty/GCC/RP2040/port.c.o
                0x10004b70                xPortPendSVHandler
 .text.prvTaskExitError
                0x10004bd4        0x8 CMakeFiles/projetoFinal.dir/lib/FreeRTOS-Kernel/portable/ThirdParty/GCC/RP2040/port.c.o
 .text.prvFIFOInterruptHandler
                0x10004bdc       0x80 CMakeFiles/projetoFinal.dir/lib/FreeRTOS-Kernel/portable/ThirdParty/GCC/RP2040/port.c.o
 .text.vPortSVCHandler
                0x10004c5c        0x4 CMakeFiles/projetoFinal.dir/lib/FreeRTOS-Kernel/portable/ThirdParty/GCC/RP2040/port.c.o
                0x10004c5c                vPortSVCHandler
 .text.pxPortInitialiseStack
                0x10004c60       0x20 CMakeFiles/projetoFinal.dir/lib/FreeRTOS-Kernel/portable/ThirdParty/GCC/RP2040/port.c.o
                0x10004c60                pxPortInitialiseStack
 .text.vPortYield
                0x10004c80       0x18 CMakeFiles/projetoFinal.dir/lib/FreeRTOS-Kernel/portable/ThirdParty/GCC/RP2040/port.c.o
                0x10004c80                vPortYield
 .text.vPortEnterCritical
                0x10004c98       0x18 CMakeFiles/projetoFinal.dir/lib/FreeRTOS-Kernel/portable/ThirdParty/GCC/RP2040/port.c.o
                0x10004c98                vPortEnterCritical
 .text.vPortExitCritical
                0x10004cb0       0x14 CMakeFiles/projetoFinal.dir/lib/FreeRTOS-Kernel/portable/ThirdParty/GCC/RP2040/port.c.o
                0x10004cb0                vPortExitCritical
 .text.ulSetInterruptMaskFromISR
                0x10004cc4        0x8 CMakeFiles/projetoFinal.dir/lib/FreeRTOS-Kernel/portable/ThirdParty/GCC/RP2040/port.c.o
                0x10004cc4                ulSetInterruptMaskFromISR
 .text.vClearInterruptMaskFromISR
                0x10004ccc        0x8 CMakeFiles/projetoFinal.dir/lib/FreeRTOS-Kernel/portable/ThirdParty/GCC/RP2040/port.c.o
                0x10004ccc                vClearInterruptMaskFromISR
 .text.xPortSysTickHandler
                0x10004cd4       0x24 CMakeFiles/projetoFinal.dir/lib/FreeRTOS-Kernel/portable/ThirdParty/GCC/RP2040/port.c.o
                0x10004cd4                xPortSysTickHandler
 .text.vPortSetupTimerInterrupt
                0x10004cf8       0x34 CMakeFiles/projetoFinal.dir/lib/FreeRTOS-Kernel/portable/ThirdParty/GCC/RP2040/port.c.o
                0x10004cf8                vPortSetupTimerInterrupt
 .text.xPortStartScheduler
                0x10004d2c       0x9c CMakeFiles/projetoFinal.dir/lib/FreeRTOS-Kernel/portable/ThirdParty/GCC/RP2040/port.c.o
                0x10004d2c                xPortStartScheduler
 .text.ulPortLockGetCurrentOwnerId
                0x10004dc8       0x2c CMakeFiles/projetoFinal.dir/lib/FreeRTOS-Kernel/portable/ThirdParty/GCC/RP2040/port.c.o
                0x10004dc8                ulPortLockGetCurrentOwnerId
 .text.vPortLockInternalSpinUnlockWithNotify
                0x10004df4       0xd4 CMakeFiles/projetoFinal.dir/lib/FreeRTOS-Kernel/portable/ThirdParty/GCC/RP2040/port.c.o
                0x10004df4                vPortLockInternalSpinUnlockWithNotify
 .text.xPortLockInternalSpinUnlockWithBestEffortWaitOrTimeout
                0x10004ec8       0xfc CMakeFiles/projetoFinal.dir/lib/FreeRTOS-Kernel/portable/ThirdParty/GCC/RP2040/port.c.o
                0x10004ec8                xPortLockInternalSpinUnlockWithBestEffortWaitOrTimeout
 .text.startup.prvRuntimeInitializer
                0x10004fc4       0x28 CMakeFiles/projetoFinal.dir/lib/FreeRTOS-Kernel/portable/ThirdParty/GCC/RP2040/port.c.o
 .text.xEventGroupCreate
                0x10004fec       0x18 CMakeFiles/projetoFinal.dir/lib/FreeRTOS-Kernel/event_groups.c.o
                0x10004fec                xEventGroupCreate
 .text.xEventGroupWaitBits
                0x10005004       0xb8 CMakeFiles/projetoFinal.dir/lib/FreeRTOS-Kernel/event_groups.c.o
                0x10005004                xEventGroupWaitBits
 .text.xEventGroupSetBits
                0x100050bc       0x9c CMakeFiles/projetoFinal.dir/lib/FreeRTOS-Kernel/event_groups.c.o
                0x100050bc                xEventGroupSetBits
 .text.vEventGroupSetBitsCallback
                0x10005158       0x90 CMakeFiles/projetoFinal.dir/lib/FreeRTOS-Kernel/event_groups.c.o
                0x10005158                vEventGroupSetBitsCallback
 .text.vListInitialise
                0x100051e8       0x18 CMakeFiles/projetoFinal.dir/lib/FreeRTOS-Kernel/list.c.o
                0x100051e8                vListInitialise
 .text.vListInitialiseItem
                0x10005200        0x8 CMakeFiles/projetoFinal.dir/lib/FreeRTOS-Kernel/list.c.o
                0x10005200                vListInitialiseItem
 .text.vListInsert
                0x10005208       0x30 CMakeFiles/projetoFinal.dir/lib/FreeRTOS-Kernel/list.c.o
                0x10005208                vListInsert
 .text.uxListRemove
                0x10005238       0x20 CMakeFiles/projetoFinal.dir/lib/FreeRTOS-Kernel/list.c.o
                0x10005238                uxListRemove
 .text.prvUnlockQueue
                0x10005258      0x180 CMakeFiles/projetoFinal.dir/lib/FreeRTOS-Kernel/queue.c.o
 .text.prvNotifyQueueSetContainer
                0x100053d8       0x90 CMakeFiles/projetoFinal.dir/lib/FreeRTOS-Kernel/queue.c.o
 .text.xQueueGenericCreate
                0x10005468       0x9c CMakeFiles/projetoFinal.dir/lib/FreeRTOS-Kernel/queue.c.o
                0x10005468                xQueueGenericCreate
 .text.xQueueGenericSendFromISR
                0x10005504      0x134 CMakeFiles/projetoFinal.dir/lib/FreeRTOS-Kernel/queue.c.o
                0x10005504                xQueueGenericSendFromISR
 .text.xQueueReceive
                0x10005638      0x11c CMakeFiles/projetoFinal.dir/lib/FreeRTOS-Kernel/queue.c.o
                0x10005638                xQueueReceive
 .text.vQueueAddToRegistry
                0x10005754      0x118 CMakeFiles/projetoFinal.dir/lib/FreeRTOS-Kernel/queue.c.o
                0x10005754                vQueueAddToRegistry
 .text.vQueueWaitForMessageRestricted
                0x1000586c       0x48 CMakeFiles/projetoFinal.dir/lib/FreeRTOS-Kernel/queue.c.o
                0x1000586c                vQueueWaitForMessageRestricted
 .text.prvAddNewTaskToReadyList
                0x100058b4      0x120 CMakeFiles/projetoFinal.dir/lib/FreeRTOS-Kernel/tasks.c.o
 .text.prvCreateTask
                0x100059d4      0x130 CMakeFiles/projetoFinal.dir/lib/FreeRTOS-Kernel/tasks.c.o
 .text.prvIdleTask
                0x10005b04       0x60 CMakeFiles/projetoFinal.dir/lib/FreeRTOS-Kernel/tasks.c.o
 .text.xTaskIncrementTick.part.0
                0x10005b64      0x190 CMakeFiles/projetoFinal.dir/lib/FreeRTOS-Kernel/tasks.c.o
 .text.xTaskCreate
                0x10005cf4       0x24 CMakeFiles/projetoFinal.dir/lib/FreeRTOS-Kernel/tasks.c.o
                0x10005cf4                xTaskCreate
 .text.vTaskStartScheduler
                0x10005d18       0x74 CMakeFiles/projetoFinal.dir/lib/FreeRTOS-Kernel/tasks.c.o
                0x10005d18                vTaskStartScheduler
 .text.vTaskSuspendAll
                0x10005d8c       0x10 CMakeFiles/projetoFinal.dir/lib/FreeRTOS-Kernel/tasks.c.o
                0x10005d8c                vTaskSuspendAll
 .text.xTaskResumeAll
                0x10005d9c      0x188 CMakeFiles/projetoFinal.dir/lib/FreeRTOS-Kernel/tasks.c.o
                0x10005d9c                xTaskResumeAll
 .text.vTaskDelay
                0x10005f24       0x84 CMakeFiles/projetoFinal.dir/lib/FreeRTOS-Kernel/tasks.c.o
                0x10005f24                vTaskDelay
 .text.xTaskGetTickCount
                0x10005fa8        0xc CMakeFiles/projetoFinal.dir/lib/FreeRTOS-Kernel/tasks.c.o
                0x10005fa8                xTaskGetTickCount
 .text.uxTaskGetNumberOfTasks
                0x10005fb4        0xc CMakeFiles/projetoFinal.dir/lib/FreeRTOS-Kernel/tasks.c.o
                0x10005fb4                uxTaskGetNumberOfTasks
 .text.xTaskIncrementTick
                0x10005fc0       0x24 CMakeFiles/projetoFinal.dir/lib/FreeRTOS-Kernel/tasks.c.o
                0x10005fc0                xTaskIncrementTick
 .text.vTaskSwitchContext
                0x10005fe4       0x7c CMakeFiles/projetoFinal.dir/lib/FreeRTOS-Kernel/tasks.c.o
                0x10005fe4                vTaskSwitchContext
 .text.vTaskPlaceOnEventList
                0x10006060       0xa0 CMakeFiles/projetoFinal.dir/lib/FreeRTOS-Kernel/tasks.c.o
                0x10006060                vTaskPlaceOnEventList
 .text.vTaskPlaceOnUnorderedEventList
                0x10006100       0xc4 CMakeFiles/projetoFinal.dir/lib/FreeRTOS-Kernel/tasks.c.o
                0x10006100                vTaskPlaceOnUnorderedEventList
 .text.vTaskPlaceOnEventListRestricted
                0x100061c4       0xf4 CMakeFiles/projetoFinal.dir/lib/FreeRTOS-Kernel/tasks.c.o
                0x100061c4                vTaskPlaceOnEventListRestricted
 .text.xTaskRemoveFromEventList
                0x100062b8       0xcc CMakeFiles/projetoFinal.dir/lib/FreeRTOS-Kernel/tasks.c.o
                0x100062b8                xTaskRemoveFromEventList
 .text.vTaskRemoveFromUnorderedEventList
                0x10006384       0x94 CMakeFiles/projetoFinal.dir/lib/FreeRTOS-Kernel/tasks.c.o
                0x10006384                vTaskRemoveFromUnorderedEventList
 .text.vTaskInternalSetTimeOutState
                0x10006418       0x18 CMakeFiles/projetoFinal.dir/lib/FreeRTOS-Kernel/tasks.c.o
                0x10006418                vTaskInternalSetTimeOutState
 .text.xTaskCheckForTimeOut
                0x10006430       0x74 CMakeFiles/projetoFinal.dir/lib/FreeRTOS-Kernel/tasks.c.o
                0x10006430                xTaskCheckForTimeOut
 .text.vTaskMissedYield
                0x100064a4        0xc CMakeFiles/projetoFinal.dir/lib/FreeRTOS-Kernel/tasks.c.o
                0x100064a4                vTaskMissedYield
 .text.xTaskGetCurrentTaskHandle
                0x100064b0        0xc CMakeFiles/projetoFinal.dir/lib/FreeRTOS-Kernel/tasks.c.o
                0x100064b0                xTaskGetCurrentTaskHandle
 .text.xTaskPriorityDisinherit
                0x100064bc       0x64 CMakeFiles/projetoFinal.dir/lib/FreeRTOS-Kernel/tasks.c.o
                0x100064bc                xTaskPriorityDisinherit
 .text.uxTaskResetEventItemValue
                0x10006520       0x18 CMakeFiles/projetoFinal.dir/lib/FreeRTOS-Kernel/tasks.c.o
                0x10006520                uxTaskResetEventItemValue
 .text.prvTimerTask
                0x10006538      0x3b4 CMakeFiles/projetoFinal.dir/lib/FreeRTOS-Kernel/timers.c.o
 .text.xTimerCreateTimerTask
                0x100068ec       0x8c CMakeFiles/projetoFinal.dir/lib/FreeRTOS-Kernel/timers.c.o
                0x100068ec                xTimerCreateTimerTask
 .text.xTimerPendFunctionCallFromISR
                0x10006978       0x28 CMakeFiles/projetoFinal.dir/lib/FreeRTOS-Kernel/timers.c.o
                0x10006978                xTimerPendFunctionCallFromISR
 .text.exception_set_exclusive_handler
                0x100069a0       0x48 CMakeFiles/projetoFinal.dir/home/matheus-moreira/Documentos/Faculdade/2025.1/Rtos/pico-sdk/src/rp2_common/hardware_exception/exception.c.o
                0x100069a0                exception_set_exclusive_handler
 .text.adc_init
                0x100069e8       0x38 CMakeFiles/projetoFinal.dir/home/matheus-moreira/Documentos/Faculdade/2025.1/Rtos/pico-sdk/src/rp2_common/hardware_adc/adc.c.o
                0x100069e8                adc_init
 .text          0x10006a20       0x10 /usr/lib/gcc/arm-none-eabi/13.2.1/../../../arm-none-eabi/lib/thumb/v6-m/nofp/libg.a(libc_a-atexit.o)
                0x10006a20                atexit
 .text          0x10006a30       0x5c /usr/lib/gcc/arm-none-eabi/13.2.1/../../../arm-none-eabi/lib/thumb/v6-m/nofp/libg.a(libc_a-strlen-stub.o)
                0x10006a30                strlen
 .text          0x10006a8c       0x28 /usr/lib/gcc/arm-none-eabi/13.2.1/../../../arm-none-eabi/lib/thumb/v6-m/nofp/libg.a(libc_a-fini.o)
                0x10006a8c                __libc_fini_array
 .text          0x10006ab4       0x78 /usr/lib/gcc/arm-none-eabi/13.2.1/../../../arm-none-eabi/lib/thumb/v6-m/nofp/libg.a(libc_a-__atexit.o)
                0x10006ab4                __register_exitproc
 .text.startup  0x10006b2c       0x18 /usr/lib/gcc/arm-none-eabi/13.2.1/../../../arm-none-eabi/lib/thumb/v6-m/nofp/libg.a(libc_a-__call_atexit.o)
 *(.fini)
 .fini          0x10006b44        0x4 /usr/lib/gcc/arm-none-eabi/13.2.1/thumb/v6-m/nofp/crti.o
                0x10006b44                _fini
 .fini.__stub   0x10006b48       0xc0 linker stubs
 *crtbegin.o(.ctors)
 *crtbegin?.o(.ctors)
 *(EXCLUDE_FILE(*crtend.o *crtend?.o) .ctors)
 *(SORT_BY_NAME(.ctors.*))
 *(.ctors)
 *crtbegin.o(.dtors)
 *crtbegin?.o(.dtors)
 *(EXCLUDE_FILE(*crtend.o *crtend?.o) .dtors)
 *(SORT_BY_NAME(.dtors.*))
 *(.dtors)
                0x10006c08                        . = ALIGN (0x4)
                0x10006c08                        PROVIDE (__preinit_array_start = .)
 *(SORT_BY_NAME(.preinit_array.*))
 .preinit_array.00100
                0x10006c08        0x4 CMakeFiles/projetoFinal.dir/home/matheus-moreira/Documentos/Faculdade/2025.1/Rtos/pico-sdk/src/rp2_common/pico_runtime_init/runtime_init.c.o
                0x10006c08                __pre_init_runtime_init_early_resets
 .preinit_array.00101
                0x10006c0c        0x4 CMakeFiles/projetoFinal.dir/home/matheus-moreira/Documentos/Faculdade/2025.1/Rtos/pico-sdk/src/rp2_common/pico_runtime_init/runtime_init.c.o
                0x10006c0c                __pre_init_runtime_init_usb_power_down
 .preinit_array.00275
                0x10006c10        0x4 CMakeFiles/projetoFinal.dir/home/matheus-moreira/Documentos/Faculdade/2025.1/Rtos/pico-sdk/src/rp2_common/pico_bit_ops/bit_ops_aeabi.S.o
 .preinit_array.00300
                0x10006c14        0x4 CMakeFiles/projetoFinal.dir/home/matheus-moreira/Documentos/Faculdade/2025.1/Rtos/pico-sdk/src/rp2_common/pico_mem_ops/mem_ops_aeabi.S.o
 .preinit_array.00350
                0x10006c18        0x4 CMakeFiles/projetoFinal.dir/home/matheus-moreira/Documentos/Faculdade/2025.1/Rtos/pico-sdk/src/rp2_common/pico_double/double_aeabi_rp2040.S.o
 .preinit_array.00350
                0x10006c1c        0x4 CMakeFiles/projetoFinal.dir/home/matheus-moreira/Documentos/Faculdade/2025.1/Rtos/pico-sdk/src/rp2_common/pico_float/float_aeabi_rp2040.S.o
 .preinit_array.00500
                0x10006c20        0x4 CMakeFiles/projetoFinal.dir/home/matheus-moreira/Documentos/Faculdade/2025.1/Rtos/pico-sdk/src/rp2_common/pico_runtime_init/runtime_init.c.o
                0x10006c20                __pre_init_runtime_init_clocks
 .preinit_array.00600
                0x10006c24        0x4 CMakeFiles/projetoFinal.dir/home/matheus-moreira/Documentos/Faculdade/2025.1/Rtos/pico-sdk/src/rp2_common/pico_runtime_init/runtime_init.c.o
                0x10006c24                __pre_init_runtime_init_post_clock_resets
 .preinit_array.00700
                0x10006c28        0x4 CMakeFiles/projetoFinal.dir/home/matheus-moreira/Documentos/Faculdade/2025.1/Rtos/pico-sdk/src/rp2_common/pico_runtime_init/runtime_init.c.o
                0x10006c28                __pre_init_runtime_init_rp2040_gpio_ie_disable
 .preinit_array.01000
                0x10006c2c        0x4 CMakeFiles/projetoFinal.dir/home/matheus-moreira/Documentos/Faculdade/2025.1/Rtos/pico-sdk/src/rp2_common/pico_runtime_init/runtime_init.c.o
                0x10006c2c                __pre_init_runtime_init_spin_locks_reset
 .preinit_array.01100
                0x10006c30        0x4 CMakeFiles/projetoFinal.dir/home/matheus-moreira/Documentos/Faculdade/2025.1/Rtos/pico-sdk/src/common/pico_sync/mutex.c.o
                0x10006c30                __pre_init_runtime_init_mutex
 .preinit_array.10080
                0x10006c34        0x4 CMakeFiles/projetoFinal.dir/home/matheus-moreira/Documentos/Faculdade/2025.1/Rtos/pico-sdk/src/rp2_common/pico_runtime_init/runtime_init.c.o
                0x10006c34                __pre_init_runtime_init_install_ram_vector_table
 .preinit_array.11000
                0x10006c38        0x4 CMakeFiles/projetoFinal.dir/home/matheus-moreira/Documentos/Faculdade/2025.1/Rtos/pico-sdk/src/common/pico_time/time.c.o
                0x10006c38                __pre_init_runtime_init_default_alarm_pool
 .preinit_array.YYYYY
                0x10006c3c        0x4 CMakeFiles/projetoFinal.dir/home/matheus-moreira/Documentos/Faculdade/2025.1/Rtos/pico-sdk/src/rp2_common/pico_runtime/runtime.c.o
                0x10006c3c                __pre_init_first_per_core_initializer
 .preinit_array.ZZZZZ.01200
                0x10006c40        0x4 CMakeFiles/projetoFinal.dir/home/matheus-moreira/Documentos/Faculdade/2025.1/Rtos/pico-sdk/src/rp2_common/hardware_irq/irq.c.o
                0x10006c40                __pre_init_runtime_init_per_core_irq_priorities
 *(.preinit_array)
                0x10006c44                        PROVIDE (__preinit_array_end = .)
                0x10006c44                        . = ALIGN (0x4)
                0x10006c44                        PROVIDE (__init_array_start = .)
 *(SORT_BY_NAME(.init_array.*))
 .init_array.00000
                0x10006c44        0x4 /usr/lib/gcc/arm-none-eabi/13.2.1/../../../arm-none-eabi/lib/thumb/v6-m/nofp/libg.a(libc_a-__call_atexit.o)
 *(.init_array)
 .init_array    0x10006c48        0x4 /usr/lib/gcc/arm-none-eabi/13.2.1/thumb/v6-m/nofp/crtbegin.o
 .init_array    0x10006c4c        0x4 CMakeFiles/projetoFinal.dir/home/matheus-moreira/Documentos/Faculdade/2025.1/Rtos/pico-sdk/src/rp2_common/pico_unique_id/unique_id.c.o
 .init_array    0x10006c50        0x4 CMakeFiles/projetoFinal.dir/lib/FreeRTOS-Kernel/portable/ThirdParty/GCC/RP2040/port.c.o
                0x10006c54                        PROVIDE (__init_array_end = .)
                0x10006c54                        . = ALIGN (0x4)
                0x10006c54                        PROVIDE (__fini_array_start = .)
 *(SORT_BY_NAME(.fini_array.*))
 *(.fini_array)
                0x10006c54                        PROVIDE (__fini_array_end = .)
 *(.eh_frame*)
 .eh_frame      0x10006c54        0x0 /usr/lib/gcc/arm-none-eabi/13.2.1/thumb/v6-m/nofp/crtbegin.o
                0x10006c54                        . = ALIGN (0x4)

.glue_7         0x10006c54        0x0
 .glue_7        0x10006c54        0x0 linker stubs

.glue_7t        0x10006c54        0x0
 .glue_7t       0x10006c54        0x0 linker stubs

.vfp11_veneer   0x10006c54        0x0
 .vfp11_veneer  0x10006c54        0x0 linker stubs

.v4_bx          0x10006c54        0x0
 .v4_bx         0x10006c54        0x0 linker stubs

.iplt           0x10006c54        0x0
 .iplt          0x10006c54        0x0 /usr/lib/gcc/arm-none-eabi/13.2.1/thumb/v6-m/nofp/crtbegin.o

.rodata         0x10006c54      0x480
 *(EXCLUDE_FILE(*libm.a: *libc.a:*lib_a-mem*.o *libgcc.a:) .rodata*)
 .rodata.main.str1.4
                0x10006c54      0x19c CMakeFiles/projetoFinal.dir/src/projetoFinal.c.o
                                 0x1d (size before relaxing)
 .rodata.panic.str1.4
                0x10006df0       0x12 CMakeFiles/projetoFinal.dir/home/matheus-moreira/Documentos/Faculdade/2025.1/Rtos/pico-sdk/src/rp2_common/pico_platform_panic/panic.c.o
 .rodata.panic_unsupported.str1.4
                0x10006df0        0xe CMakeFiles/projetoFinal.dir/home/matheus-moreira/Documentos/Faculdade/2025.1/Rtos/pico-sdk/src/rp2_common/pico_platform_panic/panic.c.o
 .rodata.spin_lock_claim_unused.str1.4
                0x10006df0       0x1b CMakeFiles/projetoFinal.dir/home/matheus-moreira/Documentos/Faculdade/2025.1/Rtos/pico-sdk/src/rp2_common/hardware_sync/sync.c.o
 .rodata.user_irq_claim_unused.str1.4
                0x10006df0       0x1b CMakeFiles/projetoFinal.dir/home/matheus-moreira/Documentos/Faculdade/2025.1/Rtos/pico-sdk/src/rp2_common/hardware_irq/irq.c.o
 .rodata.timer_hardware_alarm_claim.str1.4
                0x10006df0       0x22 CMakeFiles/projetoFinal.dir/home/matheus-moreira/Documentos/Faculdade/2025.1/Rtos/pico-sdk/src/rp2_common/hardware_timer/timer.c.o
 .rodata.hard_assertion_failure.str1.4
                0x10006df0        0xc CMakeFiles/projetoFinal.dir/home/matheus-moreira/Documentos/Faculdade/2025.1/Rtos/pico-sdk/src/rp2_common/pico_runtime/runtime.c.o
 .rodata.str1.4
                0x10006df0       0x44 CMakeFiles/projetoFinal.dir/home/matheus-moreira/Documentos/Faculdade/2025.1/Rtos/pico-sdk/src/rp2_common/pico_standard_binary_info/standard_binary_info.c.o
 .rodata.__bi_84
                0x10006df0        0xc CMakeFiles/projetoFinal.dir/home/matheus-moreira/Documentos/Faculdade/2025.1/Rtos/pico-sdk/src/rp2_common/pico_standard_binary_info/standard_binary_info.c.o
 .rodata.__bi_78
                0x10006dfc        0xc CMakeFiles/projetoFinal.dir/home/matheus-moreira/Documentos/Faculdade/2025.1/Rtos/pico-sdk/src/rp2_common/pico_standard_binary_info/standard_binary_info.c.o
 .rodata.__bi_54
                0x10006e08        0xc CMakeFiles/projetoFinal.dir/home/matheus-moreira/Documentos/Faculdade/2025.1/Rtos/pico-sdk/src/rp2_common/pico_standard_binary_info/standard_binary_info.c.o
 .rodata.__bi_48
                0x10006e14        0xc CMakeFiles/projetoFinal.dir/home/matheus-moreira/Documentos/Faculdade/2025.1/Rtos/pico-sdk/src/rp2_common/pico_standard_binary_info/standard_binary_info.c.o
 .rodata.__bi_42
                0x10006e20        0xc CMakeFiles/projetoFinal.dir/home/matheus-moreira/Documentos/Faculdade/2025.1/Rtos/pico-sdk/src/rp2_common/pico_standard_binary_info/standard_binary_info.c.o
 .rodata.__bi_34
                0x10006e2c        0xc CMakeFiles/projetoFinal.dir/home/matheus-moreira/Documentos/Faculdade/2025.1/Rtos/pico-sdk/src/rp2_common/pico_standard_binary_info/standard_binary_info.c.o
 .rodata.__bi_26
                0x10006e38        0xc CMakeFiles/projetoFinal.dir/home/matheus-moreira/Documentos/Faculdade/2025.1/Rtos/pico-sdk/src/rp2_common/pico_standard_binary_info/standard_binary_info.c.o
 .rodata.crlf_str.0
                0x10006e44        0x2 CMakeFiles/projetoFinal.dir/home/matheus-moreira/Documentos/Faculdade/2025.1/Rtos/pico-sdk/src/rp2_common/pico_stdio/stdio.c.o
 *fill*         0x10006e46        0x2 
 .rodata._resetd_driver
                0x10006e48       0x20 CMakeFiles/projetoFinal.dir/home/matheus-moreira/Documentos/Faculdade/2025.1/Rtos/pico-sdk/src/rp2_common/pico_stdio_usb/reset_interface.c.o
 .rodata.desc_ms_os_20
                0x10006e68       0xa6 CMakeFiles/projetoFinal.dir/home/matheus-moreira/Documentos/Faculdade/2025.1/Rtos/pico-sdk/src/rp2_common/pico_stdio_usb/reset_interface.c.o
 *fill*         0x10006f0e        0x2 
 .rodata.desc_bos
                0x10006f10       0x21 CMakeFiles/projetoFinal.dir/home/matheus-moreira/Documentos/Faculdade/2025.1/Rtos/pico-sdk/src/rp2_common/pico_stdio_usb/reset_interface.c.o
                0x10006f10                desc_bos
 .rodata.str1.4
                0x10006f31       0x13 CMakeFiles/projetoFinal.dir/home/matheus-moreira/Documentos/Faculdade/2025.1/Rtos/pico-sdk/src/rp2_common/pico_stdio_usb/stdio_usb.c.o
 *fill*         0x10006f31        0x3 
 .rodata.__bi_197.0
                0x10006f34        0xc CMakeFiles/projetoFinal.dir/home/matheus-moreira/Documentos/Faculdade/2025.1/Rtos/pico-sdk/src/rp2_common/pico_stdio_usb/stdio_usb.c.o
 .rodata.str1.4
                0x10006f40       0x2a CMakeFiles/projetoFinal.dir/home/matheus-moreira/Documentos/Faculdade/2025.1/Rtos/pico-sdk/src/rp2_common/pico_stdio_usb/stdio_usb_descriptors.c.o
 .rodata.usbd_desc_str
                0x10006f40       0x18 CMakeFiles/projetoFinal.dir/home/matheus-moreira/Documentos/Faculdade/2025.1/Rtos/pico-sdk/src/rp2_common/pico_stdio_usb/stdio_usb_descriptors.c.o
 .rodata.usbd_desc_cfg
                0x10006f58       0x54 CMakeFiles/projetoFinal.dir/home/matheus-moreira/Documentos/Faculdade/2025.1/Rtos/pico-sdk/src/rp2_common/pico_stdio_usb/stdio_usb_descriptors.c.o
 .rodata.usbd_desc_device
                0x10006fac       0x12 CMakeFiles/projetoFinal.dir/home/matheus-moreira/Documentos/Faculdade/2025.1/Rtos/pico-sdk/src/rp2_common/pico_stdio_usb/stdio_usb_descriptors.c.o
 .rodata.str1.4
                0x10006fbe       0x14 CMakeFiles/projetoFinal.dir/home/matheus-moreira/Documentos/Faculdade/2025.1/Rtos/pico-sdk/lib/tinyusb/src/portable/raspberrypi/rp2040/dcd_rp2040.c.o
 .rodata.str1.4
                0x10006fbe       0x48 CMakeFiles/projetoFinal.dir/home/matheus-moreira/Documentos/Faculdade/2025.1/Rtos/pico-sdk/lib/tinyusb/src/portable/raspberrypi/rp2040/rp2040_usb.c.o
 *fill*         0x10006fbe        0x2 
 .rodata.tud_task_ext
                0x10006fc0       0x8c CMakeFiles/projetoFinal.dir/home/matheus-moreira/Documentos/Faculdade/2025.1/Rtos/pico-sdk/lib/tinyusb/src/device/usbd.c.o
 .rodata        0x1000704c       0x1c CMakeFiles/projetoFinal.dir/home/matheus-moreira/Documentos/Faculdade/2025.1/Rtos/pico-sdk/lib/tinyusb/src/device/usbd.c.o
 .rodata._usbd_driver
                0x10007068       0x40 CMakeFiles/projetoFinal.dir/home/matheus-moreira/Documentos/Faculdade/2025.1/Rtos/pico-sdk/lib/tinyusb/src/device/usbd.c.o
 .rodata.uxTopUsedPriority
                0x100070a8        0x4 CMakeFiles/projetoFinal.dir/lib/FreeRTOS-Kernel/tasks.c.o
 .rodata.prvTimerTask
                0x100070ac       0x28 CMakeFiles/projetoFinal.dir/lib/FreeRTOS-Kernel/timers.c.o
 .rodata.xTimerCreateTimerTask.str1.4
                0x100070d4       0x10 CMakeFiles/projetoFinal.dir/lib/FreeRTOS-Kernel/timers.c.o
                0x100070e4                        . = ALIGN (0x4)
 *(SORT_BY_ALIGNMENT(SORT_BY_NAME(.flashdata*)))
                0x100070e4                        . = ALIGN (0x4)

.ARM.extab
 *(.ARM.extab* .gnu.linkonce.armextab.*)
                0x100070d4                        __exidx_start = .

.ARM.exidx
 *(.ARM.exidx* .gnu.linkonce.armexidx.*)
                0x100070d4                        __exidx_end = .
                0x100070e4                        . = ALIGN (0x4)
                0x100070d4                        __binary_info_start = .

.binary_info    0x100070d4       0x20
 *(.binary_info.keep.*)
 .binary_info.keep.__bi_ptr84
                0x100070d4        0x4 CMakeFiles/projetoFinal.dir/home/matheus-moreira/Documentos/Faculdade/2025.1/Rtos/pico-sdk/src/rp2_common/pico_standard_binary_info/standard_binary_info.c.o
 .binary_info.keep.__bi_ptr78
                0x100070d8        0x4 CMakeFiles/projetoFinal.dir/home/matheus-moreira/Documentos/Faculdade/2025.1/Rtos/pico-sdk/src/rp2_common/pico_standard_binary_info/standard_binary_info.c.o
 .binary_info.keep.__bi_ptr54
                0x100070dc        0x4 CMakeFiles/projetoFinal.dir/home/matheus-moreira/Documentos/Faculdade/2025.1/Rtos/pico-sdk/src/rp2_common/pico_standard_binary_info/standard_binary_info.c.o
 .binary_info.keep.__bi_ptr48
                0x100070e0        0x4 CMakeFiles/projetoFinal.dir/home/matheus-moreira/Documentos/Faculdade/2025.1/Rtos/pico-sdk/src/rp2_common/pico_standard_binary_info/standard_binary_info.c.o
 .binary_info.keep.__bi_ptr42
                0x100070e4        0x4 CMakeFiles/projetoFinal.dir/home/matheus-moreira/Documentos/Faculdade/2025.1/Rtos/pico-sdk/src/rp2_common/pico_standard_binary_info/standard_binary_info.c.o
 .binary_info.keep.__bi_ptr34
                0x100070e8        0x4 CMakeFiles/projetoFinal.dir/home/matheus-moreira/Documentos/Faculdade/2025.1/Rtos/pico-sdk/src/rp2_common/pico_standard_binary_info/standard_binary_info.c.o
 .binary_info.keep.__bi_ptr26
                0x100070ec        0x4 CMakeFiles/projetoFinal.dir/home/matheus-moreira/Documentos/Faculdade/2025.1/Rtos/pico-sdk/src/rp2_common/pico_standard_binary_info/standard_binary_info.c.o
 *(.binary_info.*)
 .binary_info.__bi_ptr197
                0x100070f0        0x4 CMakeFiles/projetoFinal.dir/home/matheus-moreira/Documentos/Faculdade/2025.1/Rtos/pico-sdk/src/rp2_common/pico_stdio_usb/stdio_usb.c.o
                0x100070f4                        __binary_info_end = .

.rel.dyn        0x100070f4        0x0
 .rel.iplt      0x100070f4        0x0 /usr/lib/gcc/arm-none-eabi/13.2.1/thumb/v6-m/nofp/crtbegin.o
                0x100070f4                        . = ALIGN (0x4)

.ram_vector_table
                0x20000000       0xc0
 *(.ram_vector_table)
 .ram_vector_table
                0x20000000       0xc0 CMakeFiles/projetoFinal.dir/home/matheus-moreira/Documentos/Faculdade/2025.1/Rtos/pico-sdk/src/rp2_common/pico_runtime_init/runtime_init.c.o
                0x20000000                ram_vector_table

.uninitialized_data
                0x200000c0        0x0
                0x200000c0                        . = ALIGN (0x4)
 *(.uninitialized_data*)

.data           0x200000c0      0xf8c load address 0x100070f4
                0x200000c0                        __data_start__ = .
 *(vtable)
 *(.time_critical*)
 .time_critical.mutex_try_enter
                0x200000c0       0x40 CMakeFiles/projetoFinal.dir/home/matheus-moreira/Documentos/Faculdade/2025.1/Rtos/pico-sdk/src/common/pico_sync/mutex.c.o
                0x200000c0                mutex_try_enter
 .time_critical.mutex_try_enter_block_until
                0x20000100       0xa0 CMakeFiles/projetoFinal.dir/home/matheus-moreira/Documentos/Faculdade/2025.1/Rtos/pico-sdk/src/common/pico_sync/mutex.c.o
                0x20000100                mutex_try_enter_block_until
 .time_critical.mutex_enter_timeout_ms
                0x200001a0       0x78 CMakeFiles/projetoFinal.dir/home/matheus-moreira/Documentos/Faculdade/2025.1/Rtos/pico-sdk/src/common/pico_sync/mutex.c.o
                0x200001a0                mutex_enter_timeout_ms
 .time_critical.mutex_exit
                0x20000218       0x20 CMakeFiles/projetoFinal.dir/home/matheus-moreira/Documentos/Faculdade/2025.1/Rtos/pico-sdk/src/common/pico_sync/mutex.c.o
                0x20000218                mutex_exit
 .time_critical.flash_init_boot2_copyout
                0x20000238       0x30 CMakeFiles/projetoFinal.dir/home/matheus-moreira/Documentos/Faculdade/2025.1/Rtos/pico-sdk/src/rp2_common/hardware_flash/flash.c.o
 .time_critical.flash_enable_xip_via_boot2
                0x20000268        0xc CMakeFiles/projetoFinal.dir/home/matheus-moreira/Documentos/Faculdade/2025.1/Rtos/pico-sdk/src/rp2_common/hardware_flash/flash.c.o
 .time_critical.flash_cs_force
                0x20000274       0x38 CMakeFiles/projetoFinal.dir/home/matheus-moreira/Documentos/Faculdade/2025.1/Rtos/pico-sdk/src/rp2_common/hardware_flash/flash.c.o
 .time_critical.flash_do_cmd
                0x200002ac       0xc0 CMakeFiles/projetoFinal.dir/home/matheus-moreira/Documentos/Faculdade/2025.1/Rtos/pico-sdk/src/rp2_common/hardware_flash/flash.c.o
                0x200002ac                flash_do_cmd
 .time_critical.reset_non_control_endpoints
                0x2000036c       0x68 CMakeFiles/projetoFinal.dir/home/matheus-moreira/Documentos/Faculdade/2025.1/Rtos/pico-sdk/lib/tinyusb/src/portable/raspberrypi/rp2040/dcd_rp2040.c.o
 .time_critical.hw_handle_buff_status
                0x200003d4       0xa0 CMakeFiles/projetoFinal.dir/home/matheus-moreira/Documentos/Faculdade/2025.1/Rtos/pico-sdk/lib/tinyusb/src/portable/raspberrypi/rp2040/dcd_rp2040.c.o
 .time_critical.dcd_rp2040_irq
                0x20000474      0x560 CMakeFiles/projetoFinal.dir/home/matheus-moreira/Documentos/Faculdade/2025.1/Rtos/pico-sdk/lib/tinyusb/src/portable/raspberrypi/rp2040/dcd_rp2040.c.o
 .time_critical.prepare_ep_buffer
                0x200009d4       0xe0 CMakeFiles/projetoFinal.dir/home/matheus-moreira/Documentos/Faculdade/2025.1/Rtos/pico-sdk/lib/tinyusb/src/portable/raspberrypi/rp2040/rp2040_usb.c.o
 .time_critical.sync_ep_buffer
                0x20000ab4       0xa8 CMakeFiles/projetoFinal.dir/home/matheus-moreira/Documentos/Faculdade/2025.1/Rtos/pico-sdk/lib/tinyusb/src/portable/raspberrypi/rp2040/rp2040_usb.c.o
 .time_critical._hw_endpoint_xfer_sync
                0x20000b5c       0x28 CMakeFiles/projetoFinal.dir/home/matheus-moreira/Documentos/Faculdade/2025.1/Rtos/pico-sdk/lib/tinyusb/src/portable/raspberrypi/rp2040/rp2040_usb.c.o
 .time_critical.e15_is_bulkin_ep
                0x20000b84       0x28 CMakeFiles/projetoFinal.dir/home/matheus-moreira/Documentos/Faculdade/2025.1/Rtos/pico-sdk/lib/tinyusb/src/portable/raspberrypi/rp2040/rp2040_usb.c.o
 .time_critical.e15_is_critical_frame_period
                0x20000bac       0x34 CMakeFiles/projetoFinal.dir/home/matheus-moreira/Documentos/Faculdade/2025.1/Rtos/pico-sdk/lib/tinyusb/src/portable/raspberrypi/rp2040/rp2040_usb.c.o
 .time_critical.hw_endpoint_reset_transfer
                0x20000be0        0xc CMakeFiles/projetoFinal.dir/home/matheus-moreira/Documentos/Faculdade/2025.1/Rtos/pico-sdk/lib/tinyusb/src/portable/raspberrypi/rp2040/rp2040_usb.c.o
                0x20000be0                hw_endpoint_reset_transfer
 .time_critical._hw_endpoint_buffer_control_update32
                0x20000bec       0x50 CMakeFiles/projetoFinal.dir/home/matheus-moreira/Documentos/Faculdade/2025.1/Rtos/pico-sdk/lib/tinyusb/src/portable/raspberrypi/rp2040/rp2040_usb.c.o
                0x20000bec                _hw_endpoint_buffer_control_update32
 .time_critical.hw_endpoint_start_next_buffer
                0x20000c3c       0x6c CMakeFiles/projetoFinal.dir/home/matheus-moreira/Documentos/Faculdade/2025.1/Rtos/pico-sdk/lib/tinyusb/src/portable/raspberrypi/rp2040/rp2040_usb.c.o
                0x20000c3c                hw_endpoint_start_next_buffer
 .time_critical.hw_endpoint_xfer_continue
                0x20000ca8       0x40 CMakeFiles/projetoFinal.dir/home/matheus-moreira/Documentos/Faculdade/2025.1/Rtos/pico-sdk/lib/tinyusb/src/portable/raspberrypi/rp2040/rp2040_usb.c.o
                0x20000ca8                hw_endpoint_xfer_continue
 .time_critical.tinyusb
                0x20000ce8      0x1e4 CMakeFiles/projetoFinal.dir/home/matheus-moreira/Documentos/Faculdade/2025.1/Rtos/pico-sdk/lib/tinyusb/src/device/usbd.c.o
                0x20000ce8                dcd_event_handler
 *(.text*)
 .text          0x20000ecc        0x4 /usr/lib/gcc/arm-none-eabi/13.2.1/thumb/v6-m/nofp/libgcc.a(_dvmd_tls.o)
                0x20000ecc                __aeabi_ldiv0
                0x20000ecc                __aeabi_idiv0
 .text.__stub   0x20000ed0       0xa0 linker stubs
                0x20000f70                        . = ALIGN (0x4)
 *(.rodata*)
                0x20000f70                        . = ALIGN (0x4)
 *(.data*)
 .data.striped_spin_lock_num
                0x20000f70        0x1 CMakeFiles/projetoFinal.dir/home/matheus-moreira/Documentos/Faculdade/2025.1/Rtos/pico-sdk/src/rp2_common/hardware_sync/sync.c.o
 *fill*         0x20000f71        0x3 
 .data          0x20000f74       0x48 CMakeFiles/projetoFinal.dir/home/matheus-moreira/Documentos/Faculdade/2025.1/Rtos/pico-sdk/src/rp2_common/hardware_irq/irq_handler_chain.S.o
                0x20000f74                irq_handler_chain_slots
                0x20000fa4                irq_handler_chain_first_slot
                0x20000fae                irq_handler_chain_remove_tail
 .data.default_alarm_pool
                0x20000fbc       0x18 CMakeFiles/projetoFinal.dir/home/matheus-moreira/Documentos/Faculdade/2025.1/Rtos/pico-sdk/src/common/pico_time/time.c.o
 *fill*         0x20000fd4        0xc 
 .data.aeabi_bits_funcs
                0x20000fe0       0x10 CMakeFiles/projetoFinal.dir/home/matheus-moreira/Documentos/Faculdade/2025.1/Rtos/pico-sdk/src/rp2_common/pico_bit_ops/bit_ops_aeabi.S.o
                0x20000fe0                aeabi_bits_funcs
                0x20000ff0                aeabi_bits_funcs_end
 .data.aeabi_mem_funcs
                0x20000ff0       0x10 CMakeFiles/projetoFinal.dir/home/matheus-moreira/Documentos/Faculdade/2025.1/Rtos/pico-sdk/src/rp2_common/pico_mem_ops/mem_ops_aeabi.S.o
                0x20000ff0                aeabi_mem_funcs
                0x20001000                aeabi_mem_funcs_end
 .data.stdio_usb
                0x20001000       0x18 CMakeFiles/projetoFinal.dir/home/matheus-moreira/Documentos/Faculdade/2025.1/Rtos/pico-sdk/src/rp2_common/pico_stdio_usb/stdio_usb.c.o
                0x20001000                stdio_usb
 .data._usbd_qdef
                0x20001018       0x1c CMakeFiles/projetoFinal.dir/home/matheus-moreira/Documentos/Faculdade/2025.1/Rtos/pico-sdk/lib/tinyusb/src/device/usbd.c.o
                0x20001018                _usbd_qdef
 .data._usbd_rhport
                0x20001034        0x1 CMakeFiles/projetoFinal.dir/home/matheus-moreira/Documentos/Faculdade/2025.1/Rtos/pico-sdk/lib/tinyusb/src/device/usbd.c.o
 *fill*         0x20001035        0x3 
 .data._cdcd_cfg
                0x20001038        0x1 CMakeFiles/projetoFinal.dir/home/matheus-moreira/Documentos/Faculdade/2025.1/Rtos/pico-sdk/lib/tinyusb/src/class/cdc/cdc_device.c.o
 .data.ucPrimaryCoreNum
                0x20001039        0x1 CMakeFiles/projetoFinal.dir/lib/FreeRTOS-Kernel/portable/ThirdParty/GCC/RP2040/port.c.o
                0x2000103c                        . = ALIGN (0x4)
 *fill*         0x2000103a        0x2 
 *(.after_data.*)
                0x2000103c                        . = ALIGN (0x4)
                0x2000103c                        PROVIDE (__mutex_array_start = .)
 *(SORT_BY_NAME(.mutex_array.*))
 *(.mutex_array)
 .mutex_array   0x2000103c        0x8 CMakeFiles/projetoFinal.dir/home/matheus-moreira/Documentos/Faculdade/2025.1/Rtos/pico-sdk/src/rp2_common/pico_malloc/malloc.c.o
 .mutex_array   0x20001044        0x8 CMakeFiles/projetoFinal.dir/home/matheus-moreira/Documentos/Faculdade/2025.1/Rtos/pico-sdk/src/rp2_common/pico_stdio/stdio.c.o
                0x2000104c                        PROVIDE (__mutex_array_end = .)
                0x2000104c                        . = ALIGN (0x4)
 *(.jcr)
                0x2000104c                        . = ALIGN (0x4)

.tm_clone_table
                0x2000104c        0x0 load address 0x10008080
 .tm_clone_table
                0x2000104c        0x0 /usr/lib/gcc/arm-none-eabi/13.2.1/thumb/v6-m/nofp/crtbegin.o
 .tm_clone_table
                0x2000104c        0x0 /usr/lib/gcc/arm-none-eabi/13.2.1/thumb/v6-m/nofp/crtend.o

.igot.plt       0x2000104c        0x0 load address 0x10008080
 .igot.plt      0x2000104c        0x0 /usr/lib/gcc/arm-none-eabi/13.2.1/thumb/v6-m/nofp/crtbegin.o

.tdata          0x2000104c        0x0 load address 0x10008080
                0x2000104c                        . = ALIGN (0x4)
 *(.tdata .tdata.* .gnu.linkonce.td.*)
                0x2000104c                        __tdata_end = .
                0x2000104c                        PROVIDE (__data_end__ = .)
                0x100070f4                        __etext = LOADADDR (.data)

.tbss           0x2000104c        0x0 load address 0x10008080
                0x2000104c                        . = ALIGN (0x4)
                0x2000104c                        __bss_start__ = .
                0x2000104c                        __tls_base = .
 *(.tbss .tbss.* .gnu.linkonce.tb.*)
 *(.tcommon)
                0x2000104c                        __tls_end = .

.bss            0x20001050    0x2145c load address 0x10008080
                0x20001050                        . = ALIGN (0x4)
                0x20001050                        __tbss_end = .
 *(SORT_BY_ALIGNMENT(SORT_BY_NAME(.bss*)))
 .bss.default_alarm_pool_entries
                0x20001050      0x180 CMakeFiles/projetoFinal.dir/home/matheus-moreira/Documentos/Faculdade/2025.1/Rtos/pico-sdk/src/common/pico_time/time.c.o
 .bss.last_avail_time.1
                0x200011d0        0x8 CMakeFiles/projetoFinal.dir/home/matheus-moreira/Documentos/Faculdade/2025.1/Rtos/pico-sdk/src/rp2_common/pico_stdio_usb/stdio_usb.c.o
 .bss.sd_table  0x200011d8      0x100 CMakeFiles/projetoFinal.dir/home/matheus-moreira/Documentos/Faculdade/2025.1/Rtos/pico-sdk/src/rp2_common/pico_double/double_init_rom_rp2040.c.o
                0x200011d8                sd_table
 .bss.sf_table  0x200012d8      0x100 CMakeFiles/projetoFinal.dir/home/matheus-moreira/Documentos/Faculdade/2025.1/Rtos/pico-sdk/src/rp2_common/pico_float/float_init_rom_rp2040.c.o
                0x200012d8                sf_table
 .bss.xQueueRegistry
                0x200013d8       0x40 CMakeFiles/projetoFinal.dir/lib/FreeRTOS-Kernel/queue.c.o
                0x200013d8                xQueueRegistry
 .bss           0x20001418       0x1c /usr/lib/gcc/arm-none-eabi/13.2.1/thumb/v6-m/nofp/crtbegin.o
 .bss           0x20001434      0x190 /usr/lib/gcc/arm-none-eabi/13.2.1/../../../arm-none-eabi/lib/thumb/v6-m/nofp/libg.a(libc_a-__atexit.o)
                0x20001434                __atexit0
 .bss           0x200015c4        0x4 /usr/lib/gcc/arm-none-eabi/13.2.1/../../../arm-none-eabi/lib/thumb/v6-m/nofp/libg.a(libc_a-__call_atexit.o)
                0x200015c4                __atexit
 .bss._app_driver
                0x200015c8        0x4 CMakeFiles/projetoFinal.dir/home/matheus-moreira/Documentos/Faculdade/2025.1/Rtos/pico-sdk/lib/tinyusb/src/device/usbd.c.o
 .bss._cdcd_epbuf
                0x200015cc       0x80 CMakeFiles/projetoFinal.dir/home/matheus-moreira/Documentos/Faculdade/2025.1/Rtos/pico-sdk/lib/tinyusb/src/class/cdc/cdc_device.c.o
 .bss._cdcd_itf
                0x2000164c       0xc8 CMakeFiles/projetoFinal.dir/home/matheus-moreira/Documentos/Faculdade/2025.1/Rtos/pico-sdk/lib/tinyusb/src/class/cdc/cdc_device.c.o
 .bss._ctrl_epbuf
                0x20001714       0x40 CMakeFiles/projetoFinal.dir/home/matheus-moreira/Documentos/Faculdade/2025.1/Rtos/pico-sdk/lib/tinyusb/src/device/usbd_control.c.o
 .bss._ctrl_xfer
                0x20001754       0x14 CMakeFiles/projetoFinal.dir/home/matheus-moreira/Documentos/Faculdade/2025.1/Rtos/pico-sdk/lib/tinyusb/src/device/usbd_control.c.o
 .bss._tusb_rhport_role
                0x20001768        0x2 CMakeFiles/projetoFinal.dir/home/matheus-moreira/Documentos/Faculdade/2025.1/Rtos/pico-sdk/lib/tinyusb/src/tusb.c.o
                0x20001768                _tusb_rhport_role
 *fill*         0x2000176a        0x2 
 .bss._ubsd_mutexdef
                0x2000176c        0x8 CMakeFiles/projetoFinal.dir/home/matheus-moreira/Documentos/Faculdade/2025.1/Rtos/pico-sdk/lib/tinyusb/src/device/usbd.c.o
 .bss._usbd_dev
                0x20001774       0x54 CMakeFiles/projetoFinal.dir/home/matheus-moreira/Documentos/Faculdade/2025.1/Rtos/pico-sdk/lib/tinyusb/src/device/usbd.c.o
 .bss._usbd_mutex
                0x200017c8        0x4 CMakeFiles/projetoFinal.dir/home/matheus-moreira/Documentos/Faculdade/2025.1/Rtos/pico-sdk/lib/tinyusb/src/device/usbd.c.o
 .bss._usbd_q   0x200017cc        0x4 CMakeFiles/projetoFinal.dir/home/matheus-moreira/Documentos/Faculdade/2025.1/Rtos/pico-sdk/lib/tinyusb/src/device/usbd.c.o
 .bss._usbd_qdef_buf
                0x200017d0       0xc0 CMakeFiles/projetoFinal.dir/home/matheus-moreira/Documentos/Faculdade/2025.1/Rtos/pico-sdk/lib/tinyusb/src/device/usbd.c.o
                0x200017d0                _usbd_qdef_buf
 .bss._vendord_epbuf