Archive member included to satisfy reference by file (symbol)

/usr/lib/gcc/arm-none-eabi/13.2.1/thumb/v6-m/nofp/libgcc.a(_dvmd_tls.o)
                              CMakeFiles/pratica5.dir/home/matheus-moreira/Documentos/Faculdade/2025.1/Rtos/pico-sdk/src/rp2_common/pico_divider/divider_hardware.S.o (__aeabi_idiv0)
/usr/lib/gcc/arm-none-eabi/13.2.1/../../../arm-none-eabi/lib/thumb/v6-m/nofp/libg.a(libc_a-calloc.o)
                              CMakeFiles/pratica5.dir/home/matheus-moreira/Documentos/Faculdade/2025.1/Rtos/pico-sdk/src/rp2_common/pico_malloc/malloc.c.o (calloc)
/usr/lib/gcc/arm-none-eabi/13.2.1/../../../arm-none-eabi/lib/thumb/v6-m/nofp/libg.a(libc_a-impure.o)
                              /usr/lib/gcc/arm-none-eabi/13.2.1/../../../arm-none-eabi/lib/thumb/v6-m/nofp/libg.a(libc_a-calloc.o) (_impure_ptr)
/usr/lib/gcc/arm-none-eabi/13.2.1/../../../arm-none-eabi/lib/thumb/v6-m/nofp/libg.a(libc_a-callocr.o)
                              /usr/lib/gcc/arm-none-eabi/13.2.1/../../../arm-none-eabi/lib/thumb/v6-m/nofp/libg.a(libc_a-calloc.o) (_calloc_r)
/usr/lib/gcc/arm-none-eabi/13.2.1/../../../arm-none-eabi/lib/thumb/v6-m/nofp/libg.a(libc_a-realloc.o)
                              CMakeFiles/pratica5.dir/home/matheus-moreira/Documentos/Faculdade/2025.1/Rtos/pico-sdk/src/rp2_common/pico_malloc/malloc.c.o (realloc)
/usr/lib/gcc/arm-none-eabi/13.2.1/../../../arm-none-eabi/lib/thumb/v6-m/nofp/libg.a(libc_a-mallocr.o)
                              /usr/lib/gcc/arm-none-eabi/13.2.1/../../../arm-none-eabi/lib/thumb/v6-m/nofp/libg.a(libc_a-callocr.o) (_malloc_r)
/usr/lib/gcc/arm-none-eabi/13.2.1/../../../arm-none-eabi/lib/thumb/v6-m/nofp/libg.a(libc_a-freer.o)
                              /usr/lib/gcc/arm-none-eabi/13.2.1/../../../arm-none-eabi/lib/thumb/v6-m/nofp/libg.a(libc_a-mallocr.o) (_free_r)
/usr/lib/gcc/arm-none-eabi/13.2.1/../../../arm-none-eabi/lib/thumb/v6-m/nofp/libg.a(libc_a-memcmp.o)
                              CMakeFiles/pratica5.dir/home/matheus-moreira/Documentos/Faculdade/2025.1/Rtos/pico-sdk/src/rp2_common/pico_atomic/atomic.c.o (memcmp)
/usr/lib/gcc/arm-none-eabi/13.2.1/../../../arm-none-eabi/lib/thumb/v6-m/nofp/libg.a(libc_a-malloc.o)
                              CMakeFiles/pratica5.dir/home/matheus-moreira/Documentos/Faculdade/2025.1/Rtos/pico-sdk/src/rp2_common/pico_malloc/malloc.c.o (malloc)
/usr/lib/gcc/arm-none-eabi/13.2.1/../../../arm-none-eabi/lib/thumb/v6-m/nofp/libg.a(libc_a-sysconf.o)
                              /usr/lib/gcc/arm-none-eabi/13.2.1/../../../arm-none-eabi/lib/thumb/v6-m/nofp/libg.a(libc_a-mallocr.o) (sysconf)
/usr/lib/gcc/arm-none-eabi/13.2.1/../../../arm-none-eabi/lib/thumb/v6-m/nofp/libg.a(libc_a-init.o)
                              /usr/lib/gcc/arm-none-eabi/13.2.1/../../../arm-none-eabi/lib/thumb/v6-m/nofp/crt0.o (__libc_init_array)
/usr/lib/gcc/arm-none-eabi/13.2.1/../../../arm-none-eabi/lib/thumb/v6-m/nofp/libg.a(libc_a-reallocr.o)
                              /usr/lib/gcc/arm-none-eabi/13.2.1/../../../arm-none-eabi/lib/thumb/v6-m/nofp/libg.a(libc_a-realloc.o) (_realloc_r)
/usr/lib/gcc/arm-none-eabi/13.2.1/../../../arm-none-eabi/lib/thumb/v6-m/nofp/libg.a(libc_a-mktime.o)
                              CMakeFiles/pratica5.dir/home/matheus-moreira/Documentos/Faculdade/2025.1/Rtos/pico-sdk/src/common/pico_util/datetime.c.o (mktime)
/usr/lib/gcc/arm-none-eabi/13.2.1/../../../arm-none-eabi/lib/thumb/v6-m/nofp/libg.a(libc_a-mlock.o)
                              /usr/lib/gcc/arm-none-eabi/13.2.1/../../../arm-none-eabi/lib/thumb/v6-m/nofp/libg.a(libc_a-mallocr.o) (__malloc_lock)
/usr/lib/gcc/arm-none-eabi/13.2.1/../../../arm-none-eabi/lib/thumb/v6-m/nofp/libg.a(libc_a-findfp.o)
                              /usr/lib/gcc/arm-none-eabi/13.2.1/../../../arm-none-eabi/lib/thumb/v6-m/nofp/libg.a(libc_a-impure.o) (__sf)
/usr/lib/gcc/arm-none-eabi/13.2.1/../../../arm-none-eabi/lib/thumb/v6-m/nofp/libg.a(libc_a-tzlock.o)
                              /usr/lib/gcc/arm-none-eabi/13.2.1/../../../arm-none-eabi/lib/thumb/v6-m/nofp/libg.a(libc_a-mktime.o) (__tz_lock)
/usr/lib/gcc/arm-none-eabi/13.2.1/../../../arm-none-eabi/lib/thumb/v6-m/nofp/libg.a(libc_a-atexit.o)
                              /usr/lib/gcc/arm-none-eabi/13.2.1/../../../arm-none-eabi/lib/thumb/v6-m/nofp/crt0.o (atexit)
/usr/lib/gcc/arm-none-eabi/13.2.1/../../../arm-none-eabi/lib/thumb/v6-m/nofp/libg.a(libc_a-lcltime_r.o)
                              CMakeFiles/pratica5.dir/home/matheus-moreira/Documentos/Faculdade/2025.1/Rtos/pico-sdk/src/common/pico_util/datetime.c.o (localtime_r)
/usr/lib/gcc/arm-none-eabi/13.2.1/../../../arm-none-eabi/lib/thumb/v6-m/nofp/libg.a(libc_a-strlen-stub.o)
                              CMakeFiles/pratica5.dir/home/matheus-moreira/Documentos/Faculdade/2025.1/Rtos/pico-sdk/src/rp2_common/pico_stdio/stdio.c.o (strlen)
/usr/lib/gcc/arm-none-eabi/13.2.1/../../../arm-none-eabi/lib/thumb/v6-m/nofp/libg.a(libc_a-sbrkr.o)
[...]
Memory Configuration

Name             Origin             Length             Attributes
FLASH            0x10000000         0x00200000         xr
RAM              0x20000000         0x00040000         xrw
SCRATCH_X        0x20040000         0x00001000         xrw
SCRATCH_Y        0x20041000         0x00001000         xrw
*default*        0x00000000         0xffffffff

Linker script and memory map

LOAD /usr/lib/gcc/arm-none-eabi/13.2.1/thumb/v6-m/nofp/crti.o
LOAD /usr/lib/gcc/arm-none-eabi/13.2.1/thumb/v6-m/nofp/crtbegin.o
LOAD /usr/lib/gcc/arm-none-eabi/13.2.1/../../../arm-none-eabi/lib/thumb/v6-m/nofp/crt0.o

.flash_begin    0x10000000        0x0
                0x10000000                        __flash_binary_start = .

.boot2          0x10000000      0x100
                0x10000000                        __boot2_start__ = .
 *(.boot2)
 .boot2         0x10000000      0x100 pico-sdk/src/rp2040/boot_stage2/CMakeFiles/bs2_default_library.dir/bs2_default_padded_checksummed.S.o
                0x10000100                        __boot2_end__ = .
                0x00000001                        ASSERT (((__boot2_end__ - __boot2_start__) == 0x100), ERROR: Pico second stage bootloader must be 256 bytes in size)

.text           0x10000100     0x7644
                0x10000100                        __logical_binary_start = .
 *(.vectors)
 .vectors       0x10000100       0xd4 CMakeFiles/pratica5.dir/home/matheus-moreira/Documentos/Faculdade/2025.1/Rtos/pico-sdk/src/rp2_common/pico_crt0/crt0.S.o
                0x10000100                __vectors
                0x10000100                __VECTOR_TABLE
                0x100001c0                isr_invalid
                0x100001c0                __default_isrs_start
                0x100001c2                isr_nmi
                0x100001c4                isr_hardfault
                0x100001c6                isr_svcall
                0x100001c8                isr_pendsv
                0x100001ca                isr_systick
                0x100001cc                isr_irq30
                0x100001cc                __unhandled_user_irq
                0x100001cc                isr_irq13
                0x100001cc                isr_irq27
                0x100001cc                isr_irq31
                0x100001cc                isr_irq5
                0x100001cc                isr_irq11
                0x100001cc                isr_irq23
                0x100001cc                isr_irq18
                0x100001cc                isr_irq28
                0x100001cc                isr_irq19
                0x100001cc                isr_irq0
                0x100001cc                isr_irq6
                0x100001cc                isr_irq22
                0x100001cc                isr_irq17
                0x100001cc                isr_irq14
                0x100001cc                isr_irq2
                0x100001cc                isr_irq10
                0x100001cc                isr_irq8
                0x100001cc                isr_irq24
                0x100001cc                isr_irq1
                0x100001cc                isr_irq7
                0x100001cc                isr_irq21
                0x100001cc                isr_irq20
                0x100001cc                isr_irq15
                0x100001cc                isr_irq25
                0x100001cc                isr_irq4
                0x100001cc                isr_irq16
                0x100001cc                isr_irq29
                0x100001cc                isr_irq26
                0x100001cc                __default_isrs_end
                0x100001cc                isr_irq3
                0x100001cc                isr_irq12
                0x100001cc                isr_irq9
                0x100001d2                unhandled_user_irq_num_in_r0
 *(.binary_info_header)
 .binary_info_header
                0x100001d4       0x14 CMakeFiles/pratica5.dir/home/matheus-moreira/Documentos/Faculdade/2025.1/Rtos/pico-sdk/src/rp2_common/pico_crt0/crt0.S.o
                0x100001e8                        __binary_info_header_end = .
 *(.embedded_block)
                0x100001e8                        __embedded_block_end = .
 *(.reset)
 .reset         0x100001e8       0x9c CMakeFiles/pratica5.dir/home/matheus-moreira/Documentos/Faculdade/2025.1/Rtos/pico-sdk/src/rp2_common/pico_crt0/crt0.S.o
                0x100001e8                _entry_point
 *(.init)
 .init          0x10000284        0x4 /usr/lib/gcc/arm-none-eabi/13.2.1/thumb/v6-m/nofp/crti.o
                0x10000284                _init
 *(EXCLUDE_FILE(*libm.a: *libc.a:*lib_a-mem*.o *libgcc.a:) .text*)
 .text          0x10000288       0x98 /usr/lib/gcc/arm-none-eabi/13.2.1/thumb/v6-m/nofp/crtbegin.o
 .text.button_task
                0x10000320       0x88 CMakeFiles/pratica5.dir/src/pratica5.c.o
                0x10000320                button_task
 .text.semaphore_test
                0x100003a8       0x5c CMakeFiles/pratica5.dir/src/pratica5.c.o
                0x100003a8                semaphore_test
 .text.led_task
                0x10000404       0x3c CMakeFiles/pratica5.dir/src/pratica5.c.o
                0x10000404                led_task
 .text.button_isr
                0x10000440       0x7c CMakeFiles/pratica5.dir/src/pratica5.c.o
                0x10000440                button_isr
 .text.startup.main
                0x100004bc       0xb8 CMakeFiles/pratica5.dir/src/pratica5.c.o
                0x100004bc                main
 .text.gpio_default_irq_handler
                0x10000574      0x274 CMakeFiles/pratica5.dir/home/matheus-moreira/Documentos/Faculdade/2025.1/Rtos/pico-sdk/src/rp2_common/hardware_gpio/gpio.c.o
 .text.gpio_set_pulls
                0x100007e8       0x28 CMakeFiles/pratica5.dir/home/matheus-moreira/Documentos/Faculdade/2025.1/Rtos/pico-sdk/src/rp2_common/hardware_gpio/gpio.c.o
                0x100007e8                gpio_set_pulls
 .text.gpio_set_irq_enabled_with_callback
                0x10000810       0xd0 CMakeFiles/pratica5.dir/home/matheus-moreira/Documentos/Faculdade/2025.1/Rtos/pico-sdk/src/rp2_common/hardware_gpio/gpio.c.o
                0x10000810                gpio_set_irq_enabled_with_callback
 .text.gpio_init
                0x100008e0       0x40 CMakeFiles/pratica5.dir/home/matheus-moreira/Documentos/Faculdade/2025.1/Rtos/pico-sdk/src/rp2_common/hardware_gpio/gpio.c.o
                0x100008e0                gpio_init
 .text.rp2040_chip_version
                0x10000920        0xc CMakeFiles/pratica5.dir/home/matheus-moreira/Documentos/Faculdade/2025.1/Rtos/pico-sdk/src/rp2040/pico_platform/platform.c.o
                0x10000920                rp2040_chip_version
 .text.panic    0x1000092c       0x30 CMakeFiles/pratica5.dir/home/matheus-moreira/Documentos/Faculdade/2025.1/Rtos/pico-sdk/src/rp2_common/pico_platform_panic/panic.c.o
                0x1000092c                panic
 .text.panic_unsupported
                0x1000095c        0xc CMakeFiles/pratica5.dir/home/matheus-moreira/Documentos/Faculdade/2025.1/Rtos/pico-sdk/src/rp2_common/pico_platform_panic/panic.c.o
                0x1000095c                panic_unsupported
 .text.hw_claim_or_assert
                0x10000968       0x44 CMakeFiles/pratica5.dir/home/matheus-moreira/Documentos/Faculdade/2025.1/Rtos/pico-sdk/src/common/hardware_claim/claim.c.o
                0x10000968                hw_claim_or_assert
 .text.hw_claim_unused_from_range
                0x100009ac       0x9c CMakeFiles/pratica5.dir/home/matheus-moreira/Documentos/Faculdade/2025.1/Rtos/pico-sdk/src/common/hardware_claim/claim.c.o
                0x100009ac                hw_claim_unused_from_range
 .text.next_striped_spin_lock_num
                0x10000a48       0x18 CMakeFiles/pratica5.dir/home/matheus-moreira/Documentos/Faculdade/2025.1/Rtos/pico-sdk/src/rp2_common/hardware_sync/sync.c.o
                0x10000a48                next_striped_spin_lock_num
 .text.spin_lock_claim_unused
                0x10000a60       0x24 CMakeFiles/pratica5.dir/home/matheus-moreira/Documentos/Faculdade/2025.1/Rtos/pico-sdk/src/rp2_common/hardware_sync/sync.c.o
                0x10000a60                spin_lock_claim_unused
 .text.spin_locks_reset
                0x10000a84       0x1c CMakeFiles/pratica5.dir/home/matheus-moreira/Documentos/Faculdade/2025.1/Rtos/pico-sdk/src/rp2_common/hardware_sync_spin_lock/sync_spin_lock.c.o
                0x10000a84                spin_locks_reset
 .text.runtime_init_per_core_irq_priorities
                0x10000aa0       0x24 CMakeFiles/pratica5.dir/home/matheus-moreira/Documentos/Faculdade/2025.1/Rtos/pico-sdk/src/rp2_common/hardware_irq/irq.c.o
                0x10000aa0                runtime_init_per_core_irq_priorities
 .text.irq_set_enabled
                0x10000ac4       0x24 CMakeFiles/pratica5.dir/home/matheus-moreira/Documentos/Faculdade/2025.1/Rtos/pico-sdk/src/rp2_common/hardware_irq/irq.c.o
                0x10000ac4                irq_set_enabled
 .text.irq_is_enabled
                0x10000ae8       0x18 CMakeFiles/pratica5.dir/home/matheus-moreira/Documentos/Faculdade/2025.1/Rtos/pico-sdk/src/rp2_common/hardware_irq/irq.c.o
                0x10000ae8                irq_is_enabled
 .text.irq_set_pending
                0x10000b00       0x10 CMakeFiles/pratica5.dir/home/matheus-moreira/Documentos/Faculdade/2025.1/Rtos/pico-sdk/src/rp2_common/hardware_irq/irq.c.o
                0x10000b00                irq_set_pending
 .text.irq_has_shared_handler
                0x10000b10       0x24 CMakeFiles/pratica5.dir/home/matheus-moreira/Documentos/Faculdade/2025.1/Rtos/pico-sdk/src/rp2_common/hardware_irq/irq.c.o
                0x10000b10                irq_has_shared_handler
 .text.irq_set_exclusive_handler
                0x10000b34       0x54 CMakeFiles/pratica5.dir/home/matheus-moreira/Documentos/Faculdade/2025.1/Rtos/pico-sdk/src/rp2_common/hardware_irq/irq.c.o
                0x10000b34                irq_set_exclusive_handler
 .text.irq_add_shared_handler
                0x10000b88      0x1f4 CMakeFiles/pratica5.dir/home/matheus-moreira/Documentos/Faculdade/2025.1/Rtos/pico-sdk/src/rp2_common/hardware_irq/irq.c.o
                0x10000b88                irq_add_shared_handler
 .text.irq_remove_handler
                0x10000d7c      0x1d4 CMakeFiles/pratica5.dir/home/matheus-moreira/Documentos/Faculdade/2025.1/Rtos/pico-sdk/src/rp2_common/hardware_irq/irq.c.o
                0x10000d7c                irq_remove_handler
 .text.irq_set_priority
                0x10000f50       0x28 CMakeFiles/pratica5.dir/home/matheus-moreira/Documentos/Faculdade/2025.1/Rtos/pico-sdk/src/rp2_common/hardware_irq/irq.c.o
                0x10000f50                irq_set_priority
 .text.irq_add_tail_to_free_list
                0x10000f78       0xb4 CMakeFiles/pratica5.dir/home/matheus-moreira/Documentos/Faculdade/2025.1/Rtos/pico-sdk/src/rp2_common/hardware_irq/irq.c.o
                0x10000f78                irq_add_tail_to_free_list
 .text.user_irq_claim_unused
                0x1000102c       0x2c CMakeFiles/pratica5.dir/home/matheus-moreira/Documentos/Faculdade/2025.1/Rtos/pico-sdk/src/rp2_common/hardware_irq/irq.c.o
                0x1000102c                user_irq_claim_unused
 .text.lock_init
                0x10001058       0x10 CMakeFiles/pratica5.dir/home/matheus-moreira/Documentos/Faculdade/2025.1/Rtos/pico-sdk/src/common/pico_sync/lock_core.c.o
                0x10001058                lock_init
 .text.runtime_init_mutex
                0x10001068       0x54 CMakeFiles/pratica5.dir/home/matheus-moreira/Documentos/Faculdade/2025.1/Rtos/pico-sdk/src/common/pico_sync/mutex.c.o
                0x10001068                runtime_init_mutex
 .text.mutex_init
                0x100010bc       0x1c CMakeFiles/pratica5.dir/home/matheus-moreira/Documentos/Faculdade/2025.1/Rtos/pico-sdk/src/common/pico_sync/mutex.c.o
                0x100010bc                mutex_init
 .text.critical_section_init
                0x100010d8       0x1c CMakeFiles/pratica5.dir/home/matheus-moreira/Documentos/Faculdade/2025.1/Rtos/pico-sdk/src/common/pico_sync/critical_section.c.o
                0x100010d8                critical_section_init
 .text.critical_section_init_with_lock_num
                0x100010f4       0x14 CMakeFiles/pratica5.dir/home/matheus-moreira/Documentos/Faculdade/2025.1/Rtos/pico-sdk/src/common/pico_sync/critical_section.c.o
                0x100010f4                critical_section_init_with_lock_num
 .text.alarm_pool_irq_handler
                0x10001108      0x2fc CMakeFiles/pratica5.dir/home/matheus-moreira/Documentos/Faculdade/2025.1/Rtos/pico-sdk/src/common/pico_time/time.c.o
 .text.sleep_until_callback
                0x10001404       0x24 CMakeFiles/pratica5.dir/home/matheus-moreira/Documentos/Faculdade/2025.1/Rtos/pico-sdk/src/common/pico_time/time.c.o
 .text.runtime_init_default_alarm_pool
                0x10001428       0xdc CMakeFiles/pratica5.dir/home/matheus-moreira/Documentos/Faculdade/2025.1/Rtos/pico-sdk/src/common/pico_time/time.c.o
                0x10001428                runtime_init_default_alarm_pool
 .text.alarm_pool_get_default
                0x10001504        0x8 CMakeFiles/pratica5.dir/home/matheus-moreira/Documentos/Faculdade/2025.1/Rtos/pico-sdk/src/common/pico_time/time.c.o
                0x10001504                alarm_pool_get_default
 .text.alarm_pool_add_alarm_at
                0x1000150c       0xd4 CMakeFiles/pratica5.dir/home/matheus-moreira/Documentos/Faculdade/2025.1/Rtos/pico-sdk/src/common/pico_time/time.c.o
                0x1000150c                alarm_pool_add_alarm_at
 .text.alarm_pool_add_alarm_at_force_in_context
                0x100015e0       0xb0 CMakeFiles/pratica5.dir/home/matheus-moreira/Documentos/Faculdade/2025.1/Rtos/pico-sdk/src/common/pico_time/time.c.o
                0x100015e0                alarm_pool_add_alarm_at_force_in_context
 .text.alarm_pool_cancel_alarm
                0x10001690       0x74 CMakeFiles/pratica5.dir/home/matheus-moreira/Documentos/Faculdade/2025.1/Rtos/pico-sdk/src/common/pico_time/time.c.o
                0x10001690                alarm_pool_cancel_alarm
 .text.alarm_pool_core_num
                0x10001704        0x4 CMakeFiles/pratica5.dir/home/matheus-moreira/Documentos/Faculdade/2025.1/Rtos/pico-sdk/src/common/pico_time/time.c.o
                0x10001704                alarm_pool_core_num
 .text.best_effort_wfe_or_timeout
                0x10001708       0xf8 CMakeFiles/pratica5.dir/home/matheus-moreira/Documentos/Faculdade/2025.1/Rtos/pico-sdk/src/common/pico_time/time.c.o
                0x10001708                best_effort_wfe_or_timeout
 .text.timer_hardware_alarm_claim
                0x10001800       0x14 CMakeFiles/pratica5.dir/home/matheus-moreira/Documentos/Faculdade/2025.1/Rtos/pico-sdk/src/rp2_common/hardware_timer/timer.c.o
                0x10001800                timer_hardware_alarm_claim
 .text.timer_time_us_64
                0x10001814       0x10 CMakeFiles/pratica5.dir/home/matheus-moreira/Documentos/Faculdade/2025.1/Rtos/pico-sdk/src/rp2_common/hardware_timer/timer.c.o
                0x10001814                timer_time_us_64
 .text.time_us_64
                0x10001824       0x14 CMakeFiles/pratica5.dir/home/matheus-moreira/Documentos/Faculdade/2025.1/Rtos/pico-sdk/src/rp2_common/hardware_timer/timer.c.o
                0x10001824                time_us_64
 .text.clock_configure_int_divider
                0x10001838       0xf4 CMakeFiles/pratica5.dir/home/matheus-moreira/Documentos/Faculdade/2025.1/Rtos/pico-sdk/src/rp2_common/hardware_clocks/clocks.c.o
                0x10001838                clock_configure_int_divider
 .text.clock_configure_undivided
                0x1000192c       0xe8 CMakeFiles/pratica5.dir/home/matheus-moreira/Documentos/Faculdade/2025.1/Rtos/pico-sdk/src/rp2_common/hardware_clocks/clocks.c.o
                0x1000192c                clock_configure_undivided
 .text.clock_get_hz
                0x10001a14        0xc CMakeFiles/pratica5.dir/home/matheus-moreira/Documentos/Faculdade/2025.1/Rtos/pico-sdk/src/rp2_common/hardware_clocks/clocks.c.o
                0x10001a14                clock_get_hz
 .text.pll_init
                0x10001a20       0xa4 CMakeFiles/pratica5.dir/home/matheus-moreira/Documentos/Faculdade/2025.1/Rtos/pico-sdk/src/rp2_common/hardware_pll/pll.c.o
                0x10001a20                pll_init
 .text.watchdog_reboot
                0x10001ac4       0x9c CMakeFiles/pratica5.dir/home/matheus-moreira/Documentos/Faculdade/2025.1/Rtos/pico-sdk/src/rp2_common/hardware_watchdog/watchdog.c.o
                0x10001ac4                watchdog_reboot
 .text.tick_start
                0x10001b60       0x10 CMakeFiles/pratica5.dir/home/matheus-moreira/Documentos/Faculdade/2025.1/Rtos/pico-sdk/src/rp2_common/hardware_ticks/ticks.c.o
                0x10001b60                tick_start
 .text.rom_func_lookup
                0x10001b70       0x10 CMakeFiles/pratica5.dir/home/matheus-moreira/Documentos/Faculdade/2025.1/Rtos/pico-sdk/src/rp2_common/pico_bootrom/bootrom.c.o
                0x10001b70                rom_func_lookup
 .text.rom_data_lookup
                0x10001b80       0x10 CMakeFiles/pratica5.dir/home/matheus-moreira/Documentos/Faculdade/2025.1/Rtos/pico-sdk/src/rp2_common/pico_bootrom/bootrom.c.o
                0x10001b80                rom_data_lookup
 .text.rom_funcs_lookup
                0x10001b90       0x44 CMakeFiles/pratica5.dir/home/matheus-moreira/Documentos/Faculdade/2025.1/Rtos/pico-sdk/src/rp2_common/pico_bootrom/bootrom.c.o
                0x10001b90                rom_funcs_lookup
 .text.rom_reset_usb_boot_extra
                0x10001bd4       0x28 CMakeFiles/pratica5.dir/home/matheus-moreira/Documentos/Faculdade/2025.1/Rtos/pico-sdk/src/rp2_common/pico_bootrom/bootrom.c.o
                0x10001bd4                rom_reset_usb_boot_extra
 .text.xosc_init
                0x10001bfc       0x28 CMakeFiles/pratica5.dir/home/matheus-moreira/Documentos/Faculdade/2025.1/Rtos/pico-sdk/src/rp2_common/hardware_xosc/xosc.c.o
                0x10001bfc                xosc_init
 .text.first_per_core_initializer
                0x10001c24        0x4 CMakeFiles/pratica5.dir/home/matheus-moreira/Documentos/Faculdade/2025.1/Rtos/pico-sdk/src/rp2_common/pico_runtime/runtime.c.o
 .text.hard_assertion_failure
                0x10001c28        0xc CMakeFiles/pratica5.dir/home/matheus-moreira/Documentos/Faculdade/2025.1/Rtos/pico-sdk/src/rp2_common/pico_runtime/runtime.c.o
                0x10001c28                hard_assertion_failure
 .text.runtime_run_initializers
                0x10001c34       0x28 CMakeFiles/pratica5.dir/home/matheus-moreira/Documentos/Faculdade/2025.1/Rtos/pico-sdk/src/rp2_common/pico_runtime/runtime.c.o
                0x10001c34                runtime_run_initializers
 .text.runtime_init_early_resets
                0x10001c5c       0x2c CMakeFiles/pratica5.dir/home/matheus-moreira/Documentos/Faculdade/2025.1/Rtos/pico-sdk/src/rp2_common/pico_runtime_init/runtime_init.c.o
                0x10001c5c                runtime_init_early_resets
 .text.runtime_init_usb_power_down
                0x10001c88       0x1c CMakeFiles/pratica5.dir/home/matheus-moreira/Documentos/Faculdade/2025.1/Rtos/pico-sdk/src/rp2_common/pico_runtime_init/runtime_init.c.o
                0x10001c88                runtime_init_usb_power_down
 .text.runtime_init_post_clock_resets
                0x10001ca4       0x20 CMakeFiles/pratica5.dir/home/matheus-moreira/Documentos/Faculdade/2025.1/Rtos/pico-sdk/src/rp2_common/pico_runtime_init/runtime_init.c.o
                0x10001ca4                runtime_init_post_clock_resets
 .text.runtime_init_rp2040_gpio_ie_disable
                0x10001cc4       0x14 CMakeFiles/pratica5.dir/home/matheus-moreira/Documentos/Faculdade/2025.1/Rtos/pico-sdk/src/rp2_common/pico_runtime_init/runtime_init.c.o
                0x10001cc4                runtime_init_rp2040_gpio_ie_disable
 .text.runtime_init_spin_locks_reset
                0x10001cd8        0x8 CMakeFiles/pratica5.dir/home/matheus-moreira/Documentos/Faculdade/2025.1/Rtos/pico-sdk/src/rp2_common/pico_runtime_init/runtime_init.c.o
                0x10001cd8                runtime_init_spin_locks_reset
 .text.runtime_init_install_ram_vector_table
                0x10001ce0       0x1c CMakeFiles/pratica5.dir/home/matheus-moreira/Documentos/Faculdade/2025.1/Rtos/pico-sdk/src/rp2_common/pico_runtime_init/runtime_init.c.o
                0x10001ce0                runtime_init_install_ram_vector_table
 .text.runtime_init_clocks
                0x10001cfc       0xd8 CMakeFiles/pratica5.dir/home/matheus-moreira/Documentos/Faculdade/2025.1/Rtos/pico-sdk/src/rp2_common/pico_runtime_init/runtime_init_clocks.c.o
                0x10001cfc                runtime_init_clocks
 .text          0x10001dd4       0x10 CMakeFiles/pratica5.dir/home/matheus-moreira/Documentos/Faculdade/2025.1/Rtos/pico-sdk/src/rp2_common/pico_bit_ops/bit_ops_aeabi.S.o
 .text.__wrap___aeabi_uidiv
                0x10001de4       0x4c CMakeFiles/pratica5.dir/home/matheus-moreira/Documentos/Faculdade/2025.1/Rtos/pico-sdk/src/rp2_common/pico_divider/divider_hardware.S.o
                0x10001de4                __wrap___aeabi_uidiv
                0x10001de4                __wrap___aeabi_uidivmod
                0x10001de4                div_u32u32
                0x10001de4                divmod_u32u32
                0x10001dec                divmod_u32u32_unsafe
                0x10001e14                divmod_u32u32_savestate
 .text.__wrap___aeabi_ldiv
                0x10001e30      0x424 CMakeFiles/pratica5.dir/home/matheus-moreira/Documentos/Faculdade/2025.1/Rtos/pico-sdk/src/rp2_common/pico_divider/divider_hardware.S.o
                0x10001e30                div_s64s64
                0x10001e30                divmod_s64s64
                0x10001e30                __wrap___aeabi_ldivmod
                0x10001e60                div_u64u64
                0x10001e60                divmod_u64u64
                0x10001e60                __wrap___aeabi_uldivmod
                0x10001e70                divmod_u64u64_savestate
                0x10001e90                divmod_s64s64_unsafe
                0x10001f18                divmod_u64u64_unsafe
 .text.__aeabi_double_init
                0x10002254       0xa4 CMakeFiles/pratica5.dir/home/matheus-moreira/Documentos/Faculdade/2025.1/Rtos/pico-sdk/src/rp2_common/pico_double/double_init_rom_rp2040.c.o
                0x10002254                __aeabi_double_init
 .text.double_table_shim_on_use_helper
                0x100022f8       0x2c CMakeFiles/pratica5.dir/home/matheus-moreira/Documentos/Faculdade/2025.1/Rtos/pico-sdk/src/rp2_common/pico_double/double_v1_rom_shim_rp2040.S.o
                0x100022f8                double_table_shim_on_use_helper
 .text.__aeabi_lmul
                0x10002324       0x32 CMakeFiles/pratica5.dir/home/matheus-moreira/Documentos/Faculdade/2025.1/Rtos/pico-sdk/src/rp2_common/pico_int64_ops/pico_int64_ops_aeabi.S.o
                0x10002324                __wrap___aeabi_lmul
 *fill*         0x10002356        0x2 
 .text.__aeabi_float_init
                0x10002358       0x64 CMakeFiles/pratica5.dir/home/matheus-moreira/Documentos/Faculdade/2025.1/Rtos/pico-sdk/src/rp2_common/pico_float/float_init_rom_rp2040.c.o
                0x10002358                __aeabi_float_init
 .text.float_table_shim_on_use_helper
                0x100023bc       0x2c CMakeFiles/pratica5.dir/home/matheus-moreira/Documentos/Faculdade/2025.1/Rtos/pico-sdk/src/rp2_common/pico_float/float_v1_rom_shim_rp2040.S.o
                0x100023bc                float_table_shim_on_use_helper
 .text          0x100023e8       0x10 CMakeFiles/pratica5.dir/home/matheus-moreira/Documentos/Faculdade/2025.1/Rtos/pico-sdk/src/rp2_common/pico_mem_ops/mem_ops_aeabi.S.o
                0x100023e8                __aeabi_mem_init
 .text.memset   0x100023f8        0xc CMakeFiles/pratica5.dir/home/matheus-moreira/Documentos/Faculdade/2025.1/Rtos/pico-sdk/src/rp2_common/pico_mem_ops/mem_ops_aeabi.S.o
                0x100023f8                __wrap_memset
 .text.memcpy   0x10002404        0xc CMakeFiles/pratica5.dir/home/matheus-moreira/Documentos/Faculdade/2025.1/Rtos/pico-sdk/src/rp2_common/pico_mem_ops/mem_ops_aeabi.S.o
                0x10002404                __wrap___aeabi_memcpy
                0x10002404                __wrap_memcpy
 .text._out_char
                0x10002410       0x10 CMakeFiles/pratica5.dir/home/matheus-moreira/Documentos/Faculdade/2025.1/Rtos/pico-sdk/src/rp2_common/pico_printf/printf.c.o
 .text.weak_raw_vprintf
                0x10002420       0x30 CMakeFiles/pratica5.dir/home/matheus-moreira/Documentos/Faculdade/2025.1/Rtos/pico-sdk/src/rp2_common/pico_printf/printf.c.o
                0x10002420                weak_raw_vprintf
 .text._exit    0x10002450        0x4 CMakeFiles/pratica5.dir/home/matheus-moreira/Documentos/Faculdade/2025.1/Rtos/pico-sdk/src/rp2_common/pico_clib_interface/newlib_interface.c.o
                0x10002450                _exit
 .text.exit     0x10002454        0x8 CMakeFiles/pratica5.dir/home/matheus-moreira/Documentos/Faculdade/2025.1/Rtos/pico-sdk/src/rp2_common/pico_clib_interface/newlib_interface.c.o
                0x10002454                exit
 .text.runtime_init
                0x1000245c       0x2c CMakeFiles/pratica5.dir/home/matheus-moreira/Documentos/Faculdade/2025.1/Rtos/pico-sdk/src/rp2_common/pico_clib_interface/newlib_interface.c.o
                0x1000245c                runtime_init
 .text.stdio_out_chars_no_crlf
                0x10002488       0x10 CMakeFiles/pratica5.dir/home/matheus-moreira/Documentos/Faculdade/2025.1/Rtos/pico-sdk/src/rp2_common/pico_stdio/stdio.c.o
 .text.stdio_out_chars_crlf
                0x10002498       0x94 CMakeFiles/pratica5.dir/home/matheus-moreira/Documentos/Faculdade/2025.1/Rtos/pico-sdk/src/rp2_common/pico_stdio/stdio.c.o
 .text.stdio_put_string
                0x1000252c      0x100 CMakeFiles/pratica5.dir/home/matheus-moreira/Documentos/Faculdade/2025.1/Rtos/pico-sdk/src/rp2_common/pico_stdio/stdio.c.o
                0x1000252c                stdio_put_string
 .text.stdio_set_driver_enabled
                0x1000262c       0x30 CMakeFiles/pratica5.dir/home/matheus-moreira/Documentos/Faculdade/2025.1/Rtos/pico-sdk/src/rp2_common/pico_stdio/stdio.c.o
                0x1000262c                stdio_set_driver_enabled
 .text.stdio_init_all
                0x1000265c        0x8 CMakeFiles/pratica5.dir/home/matheus-moreira/Documentos/Faculdade/2025.1/Rtos/pico-sdk/src/rp2_common/pico_stdio/stdio.c.o
                0x1000265c                stdio_init_all
 .text.__wrap_putchar
                0x10002664       0x98 CMakeFiles/pratica5.dir/home/matheus-moreira/Documentos/Faculdade/2025.1/Rtos/pico-sdk/src/rp2_common/pico_stdio/stdio.c.o
                0x10002664                stdio_putchar
                0x10002664                __wrap_putchar
 .text.__wrap_puts
                0x100026fc       0x3c CMakeFiles/pratica5.dir/home/matheus-moreira/Documentos/Faculdade/2025.1/Rtos/pico-sdk/src/rp2_common/pico_stdio/stdio.c.o
                0x100026fc                __wrap_puts
                0x100026fc                stdio_puts
 .text.resetd_init
                0x10002738        0x4 CMakeFiles/pratica5.dir/home/matheus-moreira/Documentos/Faculdade/2025.1/Rtos/pico-sdk/src/rp2_common/pico_stdio_usb/reset_interface.c.o
 .text.resetd_reset
                0x1000273c        0xc CMakeFiles/pratica5.dir/home/matheus-moreira/Documentos/Faculdade/2025.1/Rtos/pico-sdk/src/rp2_common/pico_stdio_usb/reset_interface.c.o
 .text.resetd_open
                0x10002748       0x28 CMakeFiles/pratica5.dir/home/matheus-moreira/Documentos/Faculdade/2025.1/Rtos/pico-sdk/src/rp2_common/pico_stdio_usb/reset_interface.c.o
 .text.resetd_xfer_cb
                0x10002770        0x4 CMakeFiles/pratica5.dir/home/matheus-moreira/Documentos/Faculdade/2025.1/Rtos/pico-sdk/src/rp2_common/pico_stdio_usb/reset_interface.c.o
 .text.resetd_control_xfer_cb
                0x10002774       0x5c CMakeFiles/pratica5.dir/home/matheus-moreira/Documentos/Faculdade/2025.1/Rtos/pico-sdk/src/rp2_common/pico_stdio_usb/reset_interface.c.o
 .text.tud_descriptor_bos_cb
                0x100027d0        0x8 CMakeFiles/pratica5.dir/home/matheus-moreira/Documentos/Faculdade/2025.1/Rtos/pico-sdk/src/rp2_common/pico_stdio_usb/reset_interface.c.o
                0x100027d0                tud_descriptor_bos_cb
 .text.tud_vendor_control_xfer_cb
                0x100027d8       0x34 CMakeFiles/pratica5.dir/home/matheus-moreira/Documentos/Faculdade/2025.1/Rtos/pico-sdk/src/rp2_common/pico_stdio_usb/reset_interface.c.o
                0x100027d8                tud_vendor_control_xfer_cb
 .text.usbd_app_driver_get_cb
                0x1000280c        0xc CMakeFiles/pratica5.dir/home/matheus-moreira/Documentos/Faculdade/2025.1/Rtos/pico-sdk/src/rp2_common/pico_stdio_usb/reset_interface.c.o
                0x1000280c                usbd_app_driver_get_cb
 .text.tud_cdc_line_coding_cb
                0x10002818       0x2c CMakeFiles/pratica5.dir/home/matheus-moreira/Documentos/Faculdade/2025.1/Rtos/pico-sdk/src/rp2_common/pico_stdio_usb/reset_interface.c.o
                0x10002818                tud_cdc_line_coding_cb
 .text.stdio_usb_set_chars_available_callback
                0x10002844       0x14 CMakeFiles/pratica5.dir/home/matheus-moreira/Documentos/Faculdade/2025.1/Rtos/pico-sdk/src/rp2_common/pico_stdio_usb/stdio_usb.c.o
                0x10002844                stdio_usb_set_chars_available_callback
 .text.usb_irq  0x10002858       0x10 CMakeFiles/pratica5.dir/home/matheus-moreira/Documentos/Faculdade/2025.1/Rtos/pico-sdk/src/rp2_common/pico_stdio_usb/stdio_usb.c.o
 .text.timer_task
                0x10002868       0x64 CMakeFiles/pratica5.dir/home/matheus-moreira/Documentos/Faculdade/2025.1/Rtos/pico-sdk/src/rp2_common/pico_stdio_usb/stdio_usb.c.o
 .text.stdio_usb_in_chars
                0x100028cc       0x90 CMakeFiles/pratica5.dir/home/matheus-moreira/Documentos/Faculdade/2025.1/Rtos/pico-sdk/src/rp2_common/pico_stdio_usb/stdio_usb.c.o
                0x100028cc                stdio_usb_in_chars
 .text.stdio_usb_out_flush
                0x1000295c       0x50 CMakeFiles/pratica5.dir/home/matheus-moreira/Documentos/Faculdade/2025.1/Rtos/pico-sdk/src/rp2_common/pico_stdio_usb/stdio_usb.c.o
 .text.stdio_usb_out_chars
                0x100029ac      0x104 CMakeFiles/pratica5.dir/home/matheus-moreira/Documentos/Faculdade/2025.1/Rtos/pico-sdk/src/rp2_common/pico_stdio_usb/stdio_usb.c.o
 .text.low_priority_worker_irq
                0x10002ab0       0xcc CMakeFiles/pratica5.dir/home/matheus-moreira/Documentos/Faculdade/2025.1/Rtos/pico-sdk/src/rp2_common/pico_stdio_usb/stdio_usb.c.o
 .text.stdio_usb_init
                0x10002b7c       0xec CMakeFiles/pratica5.dir/home/matheus-moreira/Documentos/Faculdade/2025.1/Rtos/pico-sdk/src/rp2_common/pico_stdio_usb/stdio_usb.c.o
                0x10002b7c                stdio_usb_init
 .text.tud_descriptor_device_cb
                0x10002c68        0x8 CMakeFiles/pratica5.dir/home/matheus-moreira/Documentos/Faculdade/2025.1/Rtos/pico-sdk/src/rp2_common/pico_stdio_usb/stdio_usb_descriptors.c.o
                0x10002c68                tud_descriptor_device_cb
 .text.tud_descriptor_configuration_cb
                0x10002c70        0x8 CMakeFiles/pratica5.dir/home/matheus-moreira/Documentos/Faculdade/2025.1/Rtos/pico-sdk/src/rp2_common/pico_stdio_usb/stdio_usb_descriptors.c.o
                0x10002c70                tud_descriptor_configuration_cb
 .text.tud_descriptor_string_cb
                0x10002c78       0x78 CMakeFiles/pratica5.dir/home/matheus-moreira/Documentos/Faculdade/2025.1/Rtos/pico-sdk/src/rp2_common/pico_stdio_usb/stdio_usb_descriptors.c.o
                0x10002c78                tud_descriptor_string_cb
 .text.startup._retrieve_unique_id_on_boot
                0x10002cf0       0x10 CMakeFiles/pratica5.dir/home/matheus-moreira/Documentos/Faculdade/2025.1/Rtos/pico-sdk/src/rp2_common/pico_unique_id/unique_id.c.o
 .text.pico_get_unique_board_id_string
                0x10002d00      0x1a8 CMakeFiles/pratica5.dir/home/matheus-moreira/Documentos/Faculdade/2025.1/Rtos/pico-sdk/src/rp2_common/pico_unique_id/unique_id.c.o
                0x10002d00                pico_get_unique_board_id_string
 .text.flash_get_unique_id
                0x10002ea8       0x3c CMakeFiles/pratica5.dir/home/matheus-moreira/Documentos/Faculdade/2025.1/Rtos/pico-sdk/src/rp2_common/hardware_flash/flash.c.o
                0x10002ea8                flash_get_unique_id
 .text.dcd_init
                0x10002ee4       0x90 CMakeFiles/pratica5.dir/home/matheus-moreira/Documentos/Faculdade/2025.1/Rtos/pico-sdk/lib/tinyusb/src/portable/raspberrypi/rp2040/dcd_rp2040.c.o
                0x10002ee4                dcd_init
 .text.dcd_int_enable
                0x10002f74        0xc CMakeFiles/pratica5.dir/home/matheus-moreira/Documentos/Faculdade/2025.1/Rtos/pico-sdk/lib/tinyusb/src/portable/raspberrypi/rp2040/dcd_rp2040.c.o
                0x10002f74                dcd_int_enable
 .text.dcd_set_address
                0x10002f80       0x14 CMakeFiles/pratica5.dir/home/matheus-moreira/Documentos/Faculdade/2025.1/Rtos/pico-sdk/lib/tinyusb/src/portable/raspberrypi/rp2040/dcd_rp2040.c.o
                0x10002f80                dcd_set_address
 .text.dcd_sof_enable
                0x10002f94       0x1c CMakeFiles/pratica5.dir/home/matheus-moreira/Documentos/Faculdade/2025.1/Rtos/pico-sdk/lib/tinyusb/src/portable/raspberrypi/rp2040/dcd_rp2040.c.o
                0x10002f94                dcd_sof_enable
 .text.dcd_edpt0_status_complete
                0x10002fb0       0x1c CMakeFiles/pratica5.dir/home/matheus-moreira/Documentos/Faculdade/2025.1/Rtos/pico-sdk/lib/tinyusb/src/portable/raspberrypi/rp2040/dcd_rp2040.c.o
                0x10002fb0                dcd_edpt0_status_complete
 .text.dcd_edpt_open
                0x10002fcc      0x114 CMakeFiles/pratica5.dir/home/matheus-moreira/Documentos/Faculdade/2025.1/Rtos/pico-sdk/lib/tinyusb/src/portable/raspberrypi/rp2040/dcd_rp2040.c.o
                0x10002fcc                dcd_edpt_open
 .text.dcd_edpt_close_all
                0x100030e0        0x8 CMakeFiles/pratica5.dir/home/matheus-moreira/Documentos/Faculdade/2025.1/Rtos/pico-sdk/lib/tinyusb/src/portable/raspberrypi/rp2040/dcd_rp2040.c.o
                0x100030e0                dcd_edpt_close_all
 .text.dcd_edpt_xfer
                0x100030e8       0x24 CMakeFiles/pratica5.dir/home/matheus-moreira/Documentos/Faculdade/2025.1/Rtos/pico-sdk/lib/tinyusb/src/portable/raspberrypi/rp2040/dcd_rp2040.c.o
                0x100030e8                dcd_edpt_xfer
 .text.dcd_edpt_stall
                0x1000310c       0x34 CMakeFiles/pratica5.dir/home/matheus-moreira/Documentos/Faculdade/2025.1/Rtos/pico-sdk/lib/tinyusb/src/portable/raspberrypi/rp2040/dcd_rp2040.c.o
                0x1000310c                dcd_edpt_stall
 .text.dcd_edpt_clear_stall
                0x10003140       0x30 CMakeFiles/pratica5.dir/home/matheus-moreira/Documentos/Faculdade/2025.1/Rtos/pico-sdk/lib/tinyusb/src/portable/raspberrypi/rp2040/dcd_rp2040.c.o
                0x10003140                dcd_edpt_clear_stall
 .text.rp2040_usb_init
                0x10003170       0x40 CMakeFiles/pratica5.dir/home/matheus-moreira/Documentos/Faculdade/2025.1/Rtos/pico-sdk/lib/tinyusb/src/portable/raspberrypi/rp2040/rp2040_usb.c.o
                0x10003170                rp2040_usb_init
 .text.hw_endpoint_xfer_start
                0x100031b0       0x40 CMakeFiles/pratica5.dir/home/matheus-moreira/Documentos/Faculdade/2025.1/Rtos/pico-sdk/lib/tinyusb/src/portable/raspberrypi/rp2040/rp2040_usb.c.o
                0x100031b0                hw_endpoint_xfer_start
 .text.tud_event_hook_cb
                0x100031f0        0x4 CMakeFiles/pratica5.dir/home/matheus-moreira/Documentos/Faculdade/2025.1/Rtos/pico-sdk/lib/tinyusb/src/device/usbd.c.o
                0x100031f0                tud_event_hook_cb
 .text.tud_sof_cb
                0x100031f4        0x4 CMakeFiles/pratica5.dir/home/matheus-moreira/Documentos/Faculdade/2025.1/Rtos/pico-sdk/lib/tinyusb/src/device/usbd.c.o
                0x100031f4                tud_sof_cb
 .text.tud_descriptor_device_qualifier_cb
                0x100031f8        0x4 CMakeFiles/pratica5.dir/home/matheus-moreira/Documentos/Faculdade/2025.1/Rtos/pico-sdk/lib/tinyusb/src/device/usbd.c.o
                0x100031f8                tud_descriptor_device_qualifier_cb
 .text.tud_descriptor_other_speed_configuration_cb
                0x100031fc        0x4 CMakeFiles/pratica5.dir/home/matheus-moreira/Documentos/Faculdade/2025.1/Rtos/pico-sdk/lib/tinyusb/src/device/usbd.c.o
                0x100031fc                tud_descriptor_other_speed_configuration_cb
 .text.tud_mount_cb
                0x10003200        0x4 CMakeFiles/pratica5.dir/home/matheus-moreira/Documentos/Faculdade/2025.1/Rtos/pico-sdk/lib/tinyusb/src/device/usbd.c.o
                0x10003200                tud_mount_cb
 .text.tud_umount_cb
                0x10003204        0x4 CMakeFiles/pratica5.dir/home/matheus-moreira/Documentos/Faculdade/2025.1/Rtos/pico-sdk/lib/tinyusb/src/device/usbd.c.o
                0x10003204                tud_umount_cb
 .text.tud_suspend_cb
                0x10003208        0x4 CMakeFiles/pratica5.dir/home/matheus-moreira/Documentos/Faculdade/2025.1/Rtos/pico-sdk/lib/tinyusb/src/device/usbd.c.o
                0x10003208                tud_suspend_cb
 .text.tud_resume_cb
                0x1000320c        0x4 CMakeFiles/pratica5.dir/home/matheus-moreira/Documentos/Faculdade/2025.1/Rtos/pico-sdk/lib/tinyusb/src/device/usbd.c.o
                0x1000320c                tud_resume_cb
 .text.tud_mounted
                0x10003210       0x10 CMakeFiles/pratica5.dir/home/matheus-moreira/Documentos/Faculdade/2025.1/Rtos/pico-sdk/lib/tinyusb/src/device/usbd.c.o
                0x10003210                tud_mounted
 .text.tud_suspended
                0x10003220       0x10 CMakeFiles/pratica5.dir/home/matheus-moreira/Documentos/Faculdade/2025.1/Rtos/pico-sdk/lib/tinyusb/src/device/usbd.c.o
                0x10003220                tud_suspended
 .text.tud_rhport_init
                0x10003230       0xfc CMakeFiles/pratica5.dir/home/matheus-moreira/Documentos/Faculdade/2025.1/Rtos/pico-sdk/lib/tinyusb/src/device/usbd.c.o
                0x10003230                tud_rhport_init
 .text.tud_task_ext
                0x1000332c      0x800 CMakeFiles/pratica5.dir/home/matheus-moreira/Documentos/Faculdade/2025.1/Rtos/pico-sdk/lib/tinyusb/src/device/usbd.c.o
                0x1000332c                tud_task_ext
 .text.usbd_open_edpt_pair
                0x10003b2c       0xa0 CMakeFiles/pratica5.dir/home/matheus-moreira/Documentos/Faculdade/2025.1/Rtos/pico-sdk/lib/tinyusb/src/device/usbd.c.o
                0x10003b2c                usbd_open_edpt_pair
 .text.usbd_edpt_open
                0x10003bcc       0x38 CMakeFiles/pratica5.dir/home/matheus-moreira/Documentos/Faculdade/2025.1/Rtos/pico-sdk/lib/tinyusb/src/device/usbd.c.o
                0x10003bcc                usbd_edpt_open
 .text.usbd_edpt_claim
                0x10003c04       0x28 CMakeFiles/pratica5.dir/home/matheus-moreira/Documentos/Faculdade/2025.1/Rtos/pico-sdk/lib/tinyusb/src/device/usbd.c.o
                0x10003c04                usbd_edpt_claim
 .text.usbd_edpt_release
                0x10003c2c       0x28 CMakeFiles/pratica5.dir/home/matheus-moreira/Documentos/Faculdade/2025.1/Rtos/pico-sdk/lib/tinyusb/src/device/usbd.c.o
                0x10003c2c                usbd_edpt_release
 .text.usbd_edpt_xfer
                0x10003c54       0x4c CMakeFiles/pratica5.dir/home/matheus-moreira/Documentos/Faculdade/2025.1/Rtos/pico-sdk/lib/tinyusb/src/device/usbd.c.o
                0x10003c54                usbd_edpt_xfer
 .text.tud_control_status
                0x10003ca0       0x2c CMakeFiles/pratica5.dir/home/matheus-moreira/Documentos/Faculdade/2025.1/Rtos/pico-sdk/lib/tinyusb/src/device/usbd_control.c.o
                0x10003ca0                tud_control_status
 .text.tud_control_xfer
                0x10003ccc       0xac CMakeFiles/pratica5.dir/home/matheus-moreira/Documentos/Faculdade/2025.1/Rtos/pico-sdk/lib/tinyusb/src/device/usbd_control.c.o
                0x10003ccc                tud_control_xfer
 .text.usbd_control_reset
                0x10003d78       0x14 CMakeFiles/pratica5.dir/home/matheus-moreira/Documentos/Faculdade/2025.1/Rtos/pico-sdk/lib/tinyusb/src/device/usbd_control.c.o
                0x10003d78                usbd_control_reset
 .text.usbd_control_set_complete_callback
                0x10003d8c        0xc CMakeFiles/pratica5.dir/home/matheus-moreira/Documentos/Faculdade/2025.1/Rtos/pico-sdk/lib/tinyusb/src/device/usbd_control.c.o
                0x10003d8c                usbd_control_set_complete_callback
 .text.usbd_control_set_request
                0x10003d98       0x1c CMakeFiles/pratica5.dir/home/matheus-moreira/Documentos/Faculdade/2025.1/Rtos/pico-sdk/lib/tinyusb/src/device/usbd_control.c.o
                0x10003d98                usbd_control_set_request
 .text.usbd_control_xfer_cb
                0x10003db4       0xec CMakeFiles/pratica5.dir/home/matheus-moreira/Documentos/Faculdade/2025.1/Rtos/pico-sdk/lib/tinyusb/src/device/usbd_control.c.o
                0x10003db4                usbd_control_xfer_cb
 .text._prep_out_transaction.isra.0
                0x10003ea0       0x6c CMakeFiles/pratica5.dir/home/matheus-moreira/Documentos/Faculdade/2025.1/Rtos/pico-sdk/lib/tinyusb/src/class/cdc/cdc_device.c.o
 .text.tud_cdc_n_connected
                0x10003f0c       0x2c CMakeFiles/pratica5.dir/home/matheus-moreira/Documentos/Faculdade/2025.1/Rtos/pico-sdk/lib/tinyusb/src/class/cdc/cdc_device.c.o
                0x10003f0c                tud_cdc_n_connected
 .text.tud_cdc_n_available
                0x10003f38       0x14 CMakeFiles/pratica5.dir/home/matheus-moreira/Documentos/Faculdade/2025.1/Rtos/pico-sdk/lib/tinyusb/src/class/cdc/cdc_device.c.o
                0x10003f38                tud_cdc_n_available
 .text.tud_cdc_n_read
                0x10003f4c       0x94 CMakeFiles/pratica5.dir/home/matheus-moreira/Documentos/Faculdade/2025.1/Rtos/pico-sdk/lib/tinyusb/src/class/cdc/cdc_device.c.o
                0x10003f4c                tud_cdc_n_read
 .text.tud_cdc_n_write_flush
                0x10003fe0       0x74 CMakeFiles/pratica5.dir/home/matheus-moreira/Documentos/Faculdade/2025.1/Rtos/pico-sdk/lib/tinyusb/src/class/cdc/cdc_device.c.o
                0x10003fe0                tud_cdc_n_write_flush
 .text.tud_cdc_n_write
                0x10004054       0x40 CMakeFiles/pratica5.dir/home/matheus-moreira/Documentos/Faculdade/2025.1/Rtos/pico-sdk/lib/tinyusb/src/class/cdc/cdc_device.c.o
                0x10004054                tud_cdc_n_write
 .text.tud_cdc_n_write_available
                0x10004094       0x14 CMakeFiles/pratica5.dir/home/matheus-moreira/Documentos/Faculdade/2025.1/Rtos/pico-sdk/lib/tinyusb/src/class/cdc/cdc_device.c.o
                0x10004094                tud_cdc_n_write_available
 .text.cdcd_init
                0x100040a8       0x74 CMakeFiles/pratica5.dir/home/matheus-moreira/Documentos/Faculdade/2025.1/Rtos/pico-sdk/lib/tinyusb/src/class/cdc/cdc_device.c.o
                0x100040a8                cdcd_init
 .text.cdcd_deinit
                0x1000411c       0x34 CMakeFiles/pratica5.dir/home/matheus-moreira/Documentos/Faculdade/2025.1/Rtos/pico-sdk/lib/tinyusb/src/class/cdc/cdc_device.c.o
                0x1000411c                cdcd_deinit
 .text.cdcd_reset
                0x10004150       0x50 CMakeFiles/pratica5.dir/home/matheus-moreira/Documentos/Faculdade/2025.1/Rtos/pico-sdk/lib/tinyusb/src/class/cdc/cdc_device.c.o
                0x10004150                cdcd_reset
 .text.cdcd_open
                0x100041a0       0xa8 CMakeFiles/pratica5.dir/home/matheus-moreira/Documentos/Faculdade/2025.1/Rtos/pico-sdk/lib/tinyusb/src/class/cdc/cdc_device.c.o
                0x100041a0                cdcd_open
 .text.cdcd_control_xfer_cb
                0x10004248      0x100 CMakeFiles/pratica5.dir/home/matheus-moreira/Documentos/Faculdade/2025.1/Rtos/pico-sdk/lib/tinyusb/src/class/cdc/cdc_device.c.o
                0x10004248                cdcd_control_xfer_cb
 .text.cdcd_xfer_cb
                0x10004348      0x100 CMakeFiles/pratica5.dir/home/matheus-moreira/Documentos/Faculdade/2025.1/Rtos/pico-sdk/lib/tinyusb/src/class/cdc/cdc_device.c.o
                0x10004348                cdcd_xfer_cb
 .text.vendord_init
                0x10004448       0x5c CMakeFiles/pratica5.dir/home/matheus-moreira/Documentos/Faculdade/2025.1/Rtos/pico-sdk/lib/tinyusb/src/class/vendor/vendor_device.c.o
                0x10004448                vendord_init
 .text.vendord_deinit
                0x100044a4       0x1c CMakeFiles/pratica5.dir/home/matheus-moreira/Documentos/Faculdade/2025.1/Rtos/pico-sdk/lib/tinyusb/src/class/vendor/vendor_device.c.o
                0x100044a4                vendord_deinit
 .text.vendord_reset
                0x100044c0       0x28 CMakeFiles/pratica5.dir/home/matheus-moreira/Documentos/Faculdade/2025.1/Rtos/pico-sdk/lib/tinyusb/src/class/vendor/vendor_device.c.o
                0x100044c0                vendord_reset
 .text.vendord_open
                0x100044e8      0x110 CMakeFiles/pratica5.dir/home/matheus-moreira/Documentos/Faculdade/2025.1/Rtos/pico-sdk/lib/tinyusb/src/class/vendor/vendor_device.c.o
                0x100044e8                vendord_open
 .text.vendord_xfer_cb
                0x100045f8       0x9c CMakeFiles/pratica5.dir/home/matheus-moreira/Documentos/Faculdade/2025.1/Rtos/pico-sdk/lib/tinyusb/src/class/vendor/vendor_device.c.o
                0x100045f8                vendord_xfer_cb
 .text.tusb_rhport_init
                0x10004694       0x48 CMakeFiles/pratica5.dir/home/matheus-moreira/Documentos/Faculdade/2025.1/Rtos/pico-sdk/lib/tinyusb/src/tusb.c.o
                0x10004694                tusb_rhport_init
 .text.tu_edpt_claim
                0x100046dc       0x50 CMakeFiles/pratica5.dir/home/matheus-moreira/Documentos/Faculdade/2025.1/Rtos/pico-sdk/lib/tinyusb/src/tusb.c.o
                0x100046dc                tu_edpt_claim
 .text.tu_edpt_release
                0x1000472c       0x38 CMakeFiles/pratica5.dir/home/matheus-moreira/Documentos/Faculdade/2025.1/Rtos/pico-sdk/lib/tinyusb/src/tusb.c.o
                0x1000472c                tu_edpt_release
 .text.tu_edpt_validate
                0x10004764       0xb8 CMakeFiles/pratica5.dir/home/matheus-moreira/Documentos/Faculdade/2025.1/Rtos/pico-sdk/lib/tinyusb/src/tusb.c.o
                0x10004764                tu_edpt_validate
 .text.tu_edpt_bind_driver
                0x1000481c       0x34 CMakeFiles/pratica5.dir/home/matheus-moreira/Documentos/Faculdade/2025.1/Rtos/pico-sdk/lib/tinyusb/src/tusb.c.o
                0x1000481c                tu_edpt_bind_driver
 .text.tu_edpt_stream_init
                0x10004850       0x6c CMakeFiles/pratica5.dir/home/matheus-moreira/Documentos/Faculdade/2025.1/Rtos/pico-sdk/lib/tinyusb/src/tusb.c.o
                0x10004850                tu_edpt_stream_init
 .text.tu_edpt_stream_deinit
                0x100048bc        0x4 CMakeFiles/pratica5.dir/home/matheus-moreira/Documentos/Faculdade/2025.1/Rtos/pico-sdk/lib/tinyusb/src/tusb.c.o
                0x100048bc                tu_edpt_stream_deinit
 .text.tu_edpt_stream_write_zlp_if_needed
                0x100048c0       0x68 CMakeFiles/pratica5.dir/home/matheus-moreira/Documentos/Faculdade/2025.1/Rtos/pico-sdk/lib/tinyusb/src/tusb.c.o
                0x100048c0                tu_edpt_stream_write_zlp_if_needed
 .text.tu_edpt_stream_write_xfer
                0x10004928       0x64 CMakeFiles/pratica5.dir/home/matheus-moreira/Documentos/Faculdade/2025.1/Rtos/pico-sdk/lib/tinyusb/src/tusb.c.o
                0x10004928                tu_edpt_stream_write_xfer
 .text.tu_edpt_stream_read_xfer
                0x1000498c       0xdc CMakeFiles/pratica5.dir/home/matheus-moreira/Documentos/Faculdade/2025.1/Rtos/pico-sdk/lib/tinyusb/src/tusb.c.o
                0x1000498c                tu_edpt_stream_read_xfer
 .text.tu_fifo_config
                0x10004a68       0x6c CMakeFiles/pratica5.dir/home/matheus-moreira/Documentos/Faculdade/2025.1/Rtos/pico-sdk/lib/tinyusb/src/common/tusb_fifo.c.o
                0x10004a68                tu_fifo_config
 .text.tu_fifo_count
                0x10004ad4       0x2c CMakeFiles/pratica5.dir/home/matheus-moreira/Documentos/Faculdade/2025.1/Rtos/pico-sdk/lib/tinyusb/src/common/tusb_fifo.c.o
                0x10004ad4                tu_fifo_count
 .text.tu_fifo_empty
                0x10004b00       0x10 CMakeFiles/pratica5.dir/home/matheus-moreira/Documentos/Faculdade/2025.1/Rtos/pico-sdk/lib/tinyusb/src/common/tusb_fifo.c.o
                0x10004b00                tu_fifo_empty
 .text.tu_fifo_remaining
                0x10004b10       0x2c CMakeFiles/pratica5.dir/home/matheus-moreira/Documentos/Faculdade/2025.1/Rtos/pico-sdk/lib/tinyusb/src/common/tusb_fifo.c.o
                0x10004b10                tu_fifo_remaining
 .text.tu_fifo_read
                0x10004b3c       0x9c CMakeFiles/pratica5.dir/home/matheus-moreira/Documentos/Faculdade/2025.1/Rtos/pico-sdk/lib/tinyusb/src/common/tusb_fifo.c.o
                0x10004b3c                tu_fifo_read
 .text.tu_fifo_read_n
                0x10004bd8       0xe8 CMakeFiles/pratica5.dir/home/matheus-moreira/Documentos/Faculdade/2025.1/Rtos/pico-sdk/lib/tinyusb/src/common/tusb_fifo.c.o
                0x10004bd8                tu_fifo_read_n
 .text.tu_fifo_write
                0x10004cc0       0xa8 CMakeFiles/pratica5.dir/home/matheus-moreira/Documentos/Faculdade/2025.1/Rtos/pico-sdk/lib/tinyusb/src/common/tusb_fifo.c.o
                0x10004cc0                tu_fifo_write
 .text.tu_fifo_write_n
                0x10004d68      0x178 CMakeFiles/pratica5.dir/home/matheus-moreira/Documentos/Faculdade/2025.1/Rtos/pico-sdk/lib/tinyusb/src/common/tusb_fifo.c.o
                0x10004d68                tu_fifo_write_n
 .text.tu_fifo_clear
                0x10004ee0       0x40 CMakeFiles/pratica5.dir/home/matheus-moreira/Documentos/Faculdade/2025.1/Rtos/pico-sdk/lib/tinyusb/src/common/tusb_fifo.c.o
                0x10004ee0                tu_fifo_clear
 .text.tu_fifo_set_overwritable
                0x10004f20       0x50 CMakeFiles/pratica5.dir/home/matheus-moreira/Documentos/Faculdade/2025.1/Rtos/pico-sdk/lib/tinyusb/src/common/tusb_fifo.c.o
                0x10004f20                tu_fifo_set_overwritable
 .text.pvPortMalloc
                0x10004f70      0x124 CMakeFiles/pratica5.dir/lib/FreeRTOS-Kernel/portable/MemMang/heap_4.c.o
                0x10004f70                pvPortMalloc
 .text.vPortFree
                0x10005094       0x98 CMakeFiles/pratica5.dir/lib/FreeRTOS-Kernel/portable/MemMang/heap_4.c.o
                0x10005094                vPortFree
 *fill*         0x1000512c        0x4 
 .text.vPortStartFirstTask
                0x10005130       0x34 CMakeFiles/pratica5.dir/lib/FreeRTOS-Kernel/portable/ThirdParty/GCC/RP2040/port.c.o
 *fill*         0x10005164        0xc 
 .text.xPortPendSVHandler
                0x10005170       0x64 CMakeFiles/pratica5.dir/lib/FreeRTOS-Kernel/portable/ThirdParty/GCC/RP2040/port.c.o
                0x10005170                xPortPendSVHandler
 .text.prvTaskExitError
                0x100051d4        0x8 CMakeFiles/pratica5.dir/lib/FreeRTOS-Kernel/portable/ThirdParty/GCC/RP2040/port.c.o
 .text.prvFIFOInterruptHandler
                0x100051dc       0x80 CMakeFiles/pratica5.dir/lib/FreeRTOS-Kernel/portable/ThirdParty/GCC/RP2040/port.c.o
 .text.vPortSVCHandler
                0x1000525c        0x4 CMakeFiles/pratica5.dir/lib/FreeRTOS-Kernel/portable/ThirdParty/GCC/RP2040/port.c.o
                0x1000525c                vPortSVCHandler
 .text.pxPortInitialiseStack
                0x10005260       0x20 CMakeFiles/pratica5.dir/lib/FreeRTOS-Kernel/portable/ThirdParty/GCC/RP2040/port.c.o
                0x10005260                pxPortInitialiseStack
 .text.vPortYield
                0x10005280       0x18 CMakeFiles/pratica5.dir/lib/FreeRTOS-Kernel/portable/ThirdParty/GCC/RP2040/port.c.o
                0x10005280                vPortYield
 .text.vPortEnterCritical
                0x10005298       0x18 CMakeFiles/pratica5.dir/lib/FreeRTOS-Kernel/portable/ThirdParty/GCC/RP2040/port.c.o
                0x10005298                vPortEnterCritical
 .text.vPortExitCritical
                0x100052b0       0x14 CMakeFiles/pratica5.dir/lib/FreeRTOS-Kernel/portable/ThirdParty/GCC/RP2040/port.c.o
                0x100052b0                vPortExitCritical
 .text.ulSetInterruptMaskFromISR
                0x100052c4        0x8 CMakeFiles/pratica5.dir/lib/FreeRTOS-Kernel/portable/ThirdParty/GCC/RP2040/port.c.o
                0x100052c4                ulSetInterruptMaskFromISR
 .text.vClearInterruptMaskFromISR
                0x100052cc        0x8 CMakeFiles/pratica5.dir/lib/FreeRTOS-Kernel/portable/ThirdParty/GCC/RP2040/port.c.o
                0x100052cc                vClearInterruptMaskFromISR
 .text.xPortSysTickHandler
                0x100052d4       0x24 CMakeFiles/pratica5.dir/lib/FreeRTOS-Kernel/portable/ThirdParty/GCC/RP2040/port.c.o
                0x100052d4                xPortSysTickHandler
 .text.vPortSetupTimerInterrupt
                0x100052f8       0x34 CMakeFiles/pratica5.dir/lib/FreeRTOS-Kernel/portable/ThirdParty/GCC/RP2040/port.c.o
                0x100052f8                vPortSetupTimerInterrupt
 .text.xPortStartScheduler
                0x1000532c       0x9c CMakeFiles/pratica5.dir/lib/FreeRTOS-Kernel/portable/ThirdParty/GCC/RP2040/port.c.o
                0x1000532c                xPortStartScheduler
 .text.ulPortLockGetCurrentOwnerId
                0x100053c8       0x2c CMakeFiles/pratica5.dir/lib/FreeRTOS-Kernel/portable/ThirdParty/GCC/RP2040/port.c.o
                0x100053c8                ulPortLockGetCurrentOwnerId
 .text.vPortLockInternalSpinUnlockWithNotify
                0x100053f4       0xd4 CMakeFiles/pratica5.dir/lib/FreeRTOS-Kernel/portable/ThirdParty/GCC/RP2040/port.c.o
                0x100053f4                vPortLockInternalSpinUnlockWithNotify
 .text.xPortLockInternalSpinUnlockWithBestEffortWaitOrTimeout
                0x100054c8       0xfc CMakeFiles/pratica5.dir/lib/FreeRTOS-Kernel/portable/ThirdParty/GCC/RP2040/port.c.o
                0x100054c8                xPortLockInternalSpinUnlockWithBestEffortWaitOrTimeout
 .text.startup.prvRuntimeInitializer
                0x100055c4       0x28 CMakeFiles/pratica5.dir/lib/FreeRTOS-Kernel/portable/ThirdParty/GCC/RP2040/port.c.o
 .text.xEventGroupCreate
                0x100055ec       0x18 CMakeFiles/pratica5.dir/lib/FreeRTOS-Kernel/event_groups.c.o
                0x100055ec                xEventGroupCreate
 .text.xEventGroupWaitBits
                0x10005604       0xb8 CMakeFiles/pratica5.dir/lib/FreeRTOS-Kernel/event_groups.c.o
                0x10005604                xEventGroupWaitBits
 .text.xEventGroupSetBits
                0x100056bc       0x9c CMakeFiles/pratica5.dir/lib/FreeRTOS-Kernel/event_groups.c.o
                0x100056bc                xEventGroupSetBits
 .text.vEventGroupSetBitsCallback
                0x10005758       0x90 CMakeFiles/pratica5.dir/lib/FreeRTOS-Kernel/event_groups.c.o
                0x10005758                vEventGroupSetBitsCallback
 .text.vListInitialise
                0x100057e8       0x18 CMakeFiles/pratica5.dir/lib/FreeRTOS-Kernel/list.c.o
                0x100057e8                vListInitialise
 .text.vListInitialiseItem
                0x10005800        0x8 CMakeFiles/pratica5.dir/lib/FreeRTOS-Kernel/list.c.o
                0x10005800                vListInitialiseItem
 .text.vListInsert
                0x10005808       0x30 CMakeFiles/pratica5.dir/lib/FreeRTOS-Kernel/list.c.o
                0x10005808                vListInsert
 .text.uxListRemove
                0x10005838       0x20 CMakeFiles/pratica5.dir/lib/FreeRTOS-Kernel/list.c.o
                0x10005838                uxListRemove
 .text.prvUnlockQueue
                0x10005858      0x180 CMakeFiles/pratica5.dir/lib/FreeRTOS-Kernel/queue.c.o
 .text.prvNotifyQueueSetContainer
                0x100059d8       0x90 CMakeFiles/pratica5.dir/lib/FreeRTOS-Kernel/queue.c.o
 .text.xQueueGenericCreate
                0x10005a68       0x9c CMakeFiles/pratica5.dir/lib/FreeRTOS-Kernel/queue.c.o
                0x10005a68                xQueueGenericCreate
 .text.xQueueCreateCountingSemaphore
                0x10005b04       0x64 CMakeFiles/pratica5.dir/lib/FreeRTOS-Kernel/queue.c.o
                0x10005b04                xQueueCreateCountingSemaphore
 .text.xQueueGenericSend
                0x10005b68      0x1d8 CMakeFiles/pratica5.dir/lib/FreeRTOS-Kernel/queue.c.o
                0x10005b68                xQueueGenericSend
 .text.xQueueGenericSendFromISR
                0x10005d40      0x134 CMakeFiles/pratica5.dir/lib/FreeRTOS-Kernel/queue.c.o
                0x10005d40                xQueueGenericSendFromISR
 .text.xQueueGiveFromISR
                0x10005e74       0x7c CMakeFiles/pratica5.dir/lib/FreeRTOS-Kernel/queue.c.o
                0x10005e74                xQueueGiveFromISR
 .text.xQueueReceive
                0x10005ef0      0x11c CMakeFiles/pratica5.dir/lib/FreeRTOS-Kernel/queue.c.o
                0x10005ef0                xQueueReceive
 .text.xQueueSemaphoreTake
                0x1000600c      0x14c CMakeFiles/pratica5.dir/lib/FreeRTOS-Kernel/queue.c.o
                0x1000600c                xQueueSemaphoreTake
 .text.vQueueAddToRegistry
                0x10006158      0x118 CMakeFiles/pratica5.dir/lib/FreeRTOS-Kernel/queue.c.o
                0x10006158                vQueueAddToRegistry
 .text.vQueueWaitForMessageRestricted
                0x10006270       0x48 CMakeFiles/pratica5.dir/lib/FreeRTOS-Kernel/queue.c.o
                0x10006270                vQueueWaitForMessageRestricted
 .text.prvAddNewTaskToReadyList
                0x100062b8      0x120 CMakeFiles/pratica5.dir/lib/FreeRTOS-Kernel/tasks.c.o
 .text.prvCreateTask
                0x100063d8      0x130 CMakeFiles/pratica5.dir/lib/FreeRTOS-Kernel/tasks.c.o
 .text.prvIdleTask
                0x10006508       0x60 CMakeFiles/pratica5.dir/lib/FreeRTOS-Kernel/tasks.c.o
 .text.xTaskIncrementTick.part.0
                0x10006568      0x190 CMakeFiles/pratica5.dir/lib/FreeRTOS-Kernel/tasks.c.o
 .text.xTaskCreate
                0x100066f8       0x24 CMakeFiles/pratica5.dir/lib/FreeRTOS-Kernel/tasks.c.o
                0x100066f8                xTaskCreate
 .text.vTaskStartScheduler
                0x1000671c       0x74 CMakeFiles/pratica5.dir/lib/FreeRTOS-Kernel/tasks.c.o
                0x1000671c                vTaskStartScheduler
 .text.vTaskSuspendAll
                0x10006790       0x10 CMakeFiles/pratica5.dir/lib/FreeRTOS-Kernel/tasks.c.o
                0x10006790                vTaskSuspendAll
 .text.xTaskResumeAll
                0x100067a0      0x188 CMakeFiles/pratica5.dir/lib/FreeRTOS-Kernel/tasks.c.o
                0x100067a0                xTaskResumeAll
 .text.vTaskDelay
                0x10006928       0x84 CMakeFiles/pratica5.dir/lib/FreeRTOS-Kernel/tasks.c.o
                0x10006928                vTaskDelay
 .text.xTaskGetTickCount
                0x100069ac        0xc CMakeFiles/pratica5.dir/lib/FreeRTOS-Kernel/tasks.c.o
                0x100069ac                xTaskGetTickCount
 .text.uxTaskGetNumberOfTasks
                0x100069b8        0xc CMakeFiles/pratica5.dir/lib/FreeRTOS-Kernel/tasks.c.o
                0x100069b8                uxTaskGetNumberOfTasks
 .text.xTaskIncrementTick
                0x100069c4       0x24 CMakeFiles/pratica5.dir/lib/FreeRTOS-Kernel/tasks.c.o
                0x100069c4                xTaskIncrementTick
 .text.vTaskSwitchContext
                0x100069e8       0x7c CMakeFiles/pratica5.dir/lib/FreeRTOS-Kernel/tasks.c.o
                0x100069e8                vTaskSwitchContext
 .text.vTaskPlaceOnEventList
                0x10006a64       0xa0 CMakeFiles/pratica5.dir/lib/FreeRTOS-Kernel/tasks.c.o
                0x10006a64                vTaskPlaceOnEventList
 .text.vTaskPlaceOnUnorderedEventList
                0x10006b04       0xc4 CMakeFiles/pratica5.dir/lib/FreeRTOS-Kernel/tasks.c.o
                0x10006b04                vTaskPlaceOnUnorderedEventList
 .text.vTaskPlaceOnEventListRestricted
                0x10006bc8       0xf4 CMakeFiles/pratica5.dir/lib/FreeRTOS-Kernel/tasks.c.o
                0x10006bc8                vTaskPlaceOnEventListRestricted
 .text.xTaskRemoveFromEventList
                0x10006cbc       0xcc CMakeFiles/pratica5.dir/lib/FreeRTOS-Kernel/tasks.c.o
                0x10006cbc                xTaskRemoveFromEventList
 .text.vTaskRemoveFromUnorderedEventList
                0x10006d88       0x94 CMakeFiles/pratica5.dir/lib/FreeRTOS-Kernel/tasks.c.o
                0x10006d88                vTaskRemoveFromUnorderedEventList
 .text.vTaskInternalSetTimeOutState
                0x10006e1c       0x18 CMakeFiles/pratica5.dir/lib/FreeRTOS-Kernel/tasks.c.o
                0x10006e1c                vTaskInternalSetTimeOutState
 .text.xTaskCheckForTimeOut
                0x10006e34       0x74 CMakeFiles/pratica5.dir/lib/FreeRTOS-Kernel/tasks.c.o
                0x10006e34                xTaskCheckForTimeOut
 .text.vTaskMissedYield
                0x10006ea8        0xc CMakeFiles/pratica5.dir/lib/FreeRTOS-Kernel/tasks.c.o
                0x10006ea8                vTaskMissedYield
 .text.xTaskGetCurrentTaskHandle
                0x10006eb4        0xc CMakeFiles/pratica5.dir/lib/FreeRTOS-Kernel/tasks.c.o
                0x10006eb4                xTaskGetCurrentTaskHandle
 .text.xTaskPriorityInherit
                0x10006ec0       0x94 CMakeFiles/pratica5.dir/lib/FreeRTOS-Kernel/tasks.c.o
                0x10006ec0                xTaskPriorityInherit
 .text.xTaskPriorityDisinherit
                0x10006f54       0x64 CMakeFiles/pratica5.dir/lib/FreeRTOS-Kernel/tasks.c.o
                0x10006f54                xTaskPriorityDisinherit
 .text.vTaskPriorityDisinheritAfterTimeout
                0x10006fb8       0x7c CMakeFiles/pratica5.dir/lib/FreeRTOS-Kernel/tasks.c.o
                0x10006fb8                vTaskPriorityDisinheritAfterTimeout
 .text.uxTaskResetEventItemValue
                0x10007034       0x18 CMakeFiles/pratica5.dir/lib/FreeRTOS-Kernel/tasks.c.o
                0x10007034                uxTaskResetEventItemValue
 .text.pvTaskIncrementMutexHeldCount
                0x1000704c       0x14 CMakeFiles/pratica5.dir/lib/FreeRTOS-Kernel/tasks.c.o
                0x1000704c                pvTaskIncrementMutexHeldCount
 .text.prvTimerTask
                0x10007060      0x3b4 CMakeFiles/pratica5.dir/lib/FreeRTOS-Kernel/timers.c.o
 .text.xTimerCreateTimerTask
                0x10007414       0x8c CMakeFiles/pratica5.dir/lib/FreeRTOS-Kernel/timers.c.o
                0x10007414                xTimerCreateTimerTask
 .text.xTimerPendFunctionCallFromISR
                0x100074a0       0x28 CMakeFiles/pratica5.dir/lib/FreeRTOS-Kernel/timers.c.o
                0x100074a0                xTimerPendFunctionCallFromISR
 .text.exception_set_exclusive_handler
                0x100074c8       0x48 CMakeFiles/pratica5.dir/home/matheus-moreira/Documentos/Faculdade/2025.1/Rtos/pico-sdk/src/rp2_common/hardware_exception/exception.c.o
                0x100074c8                exception_set_exclusive_handler
 .text          0x10007510       0x10 /usr/lib/gcc/arm-none-eabi/13.2.1/../../../arm-none-eabi/lib/thumb/v6-m/nofp/libg.a(libc_a-atexit.o)
                0x10007510                atexit
 .text          0x10007520       0x5c /usr/lib/gcc/arm-none-eabi/13.2.1/../../../arm-none-eabi/lib/thumb/v6-m/nofp/libg.a(libc_a-strlen-stub.o)
                0x10007520                strlen
 .text          0x1000757c       0x28 /usr/lib/gcc/arm-none-eabi/13.2.1/../../../arm-none-eabi/lib/thumb/v6-m/nofp/libg.a(libc_a-fini.o)
                0x1000757c                __libc_fini_array
 .text          0x100075a4       0x78 /usr/lib/gcc/arm-none-eabi/13.2.1/../../../arm-none-eabi/lib/thumb/v6-m/nofp/libg.a(libc_a-__atexit.o)
                0x100075a4                __register_exitproc
 .text.startup  0x1000761c       0x18 /usr/lib/gcc/arm-none-eabi/13.2.1/../../../arm-none-eabi/lib/thumb/v6-m/nofp/libg.a(libc_a-__call_atexit.o)
 *(.fini)
 .fini          0x10007634        0x4 /usr/lib/gcc/arm-none-eabi/13.2.1/thumb/v6-m/nofp/crti.o
                0x10007634                _fini
 .fini.__stub   0x10007638       0xc0 linker stubs
 *crtbegin.o(.ctors)
 *crtbegin?.o(.ctors)
 *(EXCLUDE_FILE(*crtend.o *crtend?.o) .ctors)
 *(SORT_BY_NAME(.ctors.*))
 *(.ctors)
 *crtbegin.o(.dtors)
 *crtbegin?.o(.dtors)
 *(EXCLUDE_FILE(*crtend.o *crtend?.o) .dtors)
 *(SORT_BY_NAME(.dtors.*))
 *(.dtors)
                0x100076f8                        . = ALIGN (0x4)
                0x100076f8                        PROVIDE (__preinit_array_start = .)
 *(SORT_BY_NAME(.preinit_array.*))
 .preinit_array.00100
                0x100076f8        0x4 CMakeFiles/pratica5.dir/home/matheus-moreira/Documentos/Faculdade/2025.1/Rtos/pico-sdk/src/rp2_common/pico_runtime_init/runtime_init.c.o
                0x100076f8                __pre_init_runtime_init_early_resets
 .preinit_array.00101
                0x100076fc        0x4 CMakeFiles/pratica5.dir/home/matheus-moreira/Documentos/Faculdade/2025.1/Rtos/pico-sdk/src/rp2_common/pico_runtime_init/runtime_init.c.o
                0x100076fc                __pre_init_runtime_init_usb_power_down
 .preinit_array.00275
                0x10007700        0x4 CMakeFiles/pratica5.dir/home/matheus-moreira/Documentos/Faculdade/2025.1/Rtos/pico-sdk/src/rp2_common/pico_bit_ops/bit_ops_aeabi.S.o
 .preinit_array.00300
                0x10007704        0x4 CMakeFiles/pratica5.dir/home/matheus-moreira/Documentos/Faculdade/2025.1/Rtos/pico-sdk/src/rp2_common/pico_mem_ops/mem_ops_aeabi.S.o
 .preinit_array.00350
                0x10007708        0x4 CMakeFiles/pratica5.dir/home/matheus-moreira/Documentos/Faculdade/2025.1/Rtos/pico-sdk/src/rp2_common/pico_double/double_aeabi_rp2040.S.o
 .preinit_array.00350
                0x1000770c        0x4 CMakeFiles/pratica5.dir/home/matheus-moreira/Documentos/Faculdade/2025.1/Rtos/pico-sdk/src/rp2_common/pico_float/float_aeabi_rp2040.S.o
 .preinit_array.00500
                0x10007710        0x4 CMakeFiles/pratica5.dir/home/matheus-moreira/Documentos/Faculdade/2025.1/Rtos/pico-sdk/src/rp2_common/pico_runtime_init/runtime_init.c.o
                0x10007710                __pre_init_runtime_init_clocks
 .preinit_array.00600
                0x10007714        0x4 CMakeFiles/pratica5.dir/home/matheus-moreira/Documentos/Faculdade/2025.1/Rtos/pico-sdk/src/rp2_common/pico_runtime_init/runtime_init.c.o
                0x10007714                __pre_init_runtime_init_post_clock_resets
 .preinit_array.00700
                0x10007718        0x4 CMakeFiles/pratica5.dir/home/matheus-moreira/Documentos/Faculdade/2025.1/Rtos/pico-sdk/src/rp2_common/pico_runtime_init/runtime_init.c.o
                0x10007718                __pre_init_runtime_init_rp2040_gpio_ie_disable
 .preinit_array.01000
                0x1000771c        0x4 CMakeFiles/pratica5.dir/home/matheus-moreira/Documentos/Faculdade/2025.1/Rtos/pico-sdk/src/rp2_common/pico_runtime_init/runtime_init.c.o
                0x1000771c                __pre_init_runtime_init_spin_locks_reset
 .preinit_array.01100
                0x10007720        0x4 CMakeFiles/pratica5.dir/home/matheus-moreira/Documentos/Faculdade/2025.1/Rtos/pico-sdk/src/common/pico_sync/mutex.c.o
                0x10007720                __pre_init_runtime_init_mutex
 .preinit_array.10080
                0x10007724        0x4 CMakeFiles/pratica5.dir/home/matheus-moreira/Documentos/Faculdade/2025.1/Rtos/pico-sdk/src/rp2_common/pico_runtime_init/runtime_init.c.o
                0x10007724                __pre_init_runtime_init_install_ram_vector_table
 .preinit_array.11000
                0x10007728        0x4 CMakeFiles/pratica5.dir/home/matheus-moreira/Documentos/Faculdade/2025.1/Rtos/pico-sdk/src/common/pico_time/time.c.o
                0x10007728                __pre_init_runtime_init_default_alarm_pool
 .preinit_array.YYYYY
                0x1000772c        0x4 CMakeFiles/pratica5.dir/home/matheus-moreira/Documentos/Faculdade/2025.1/Rtos/pico-sdk/src/rp2_common/pico_runtime/runtime.c.o
                0x1000772c                __pre_init_first_per_core_initializer
 .preinit_array.ZZZZZ.01200
                0x10007730        0x4 CMakeFiles/pratica5.dir/home/matheus-moreira/Documentos/Faculdade/2025.1/Rtos/pico-sdk/src/rp2_common/hardware_irq/irq.c.o
                0x10007730                __pre_init_runtime_init_per_core_irq_priorities
 *(.preinit_array)
                0x10007734                        PROVIDE (__preinit_array_end = .)
                0x10007734                        . = ALIGN (0x4)
                0x10007734                        PROVIDE (__init_array_start = .)
 *(SORT_BY_NAME(.init_array.*))
 .init_array.00000
                0x10007734        0x4 /usr/lib/gcc/arm-none-eabi/13.2.1/../../../arm-none-eabi/lib/thumb/v6-m/nofp/libg.a(libc_a-__call_atexit.o)
 *(.init_array)
 .init_array    0x10007738        0x4 /usr/lib/gcc/arm-none-eabi/13.2.1/thumb/v6-m/nofp/crtbegin.o
 .init_array    0x1000773c        0x4 CMakeFiles/pratica5.dir/home/matheus-moreira/Documentos/Faculdade/2025.1/Rtos/pico-sdk/src/rp2_common/pico_unique_id/unique_id.c.o
 .init_array    0x10007740        0x4 CMakeFiles/pratica5.dir/lib/FreeRTOS-Kernel/portable/ThirdParty/GCC/RP2040/port.c.o
                0x10007744                        PROVIDE (__init_array_end = .)
                0x10007744                        . = ALIGN (0x4)
                0x10007744                        PROVIDE (__fini_array_start = .)
 *(SORT_BY_NAME(.fini_array.*))
 *(.fini_array)
                0x10007744                        PROVIDE (__fini_array_end = .)
 *(.eh_frame*)
 .eh_frame      0x10007744        0x0 /usr/lib/gcc/arm-none-eabi/13.2.1/thumb/v6-m/nofp/crtbegin.o
                0x10007744                        . = ALIGN (0x4)

.glue_7         0x10007744        0x0
 .glue_7        0x10007744        0x0 linker stubs

.glue_7t        0x10007744        0x0
 .glue_7t       0x10007744        0x0 linker stubs

.vfp11_veneer   0x10007744        0x0
 .vfp11_veneer  0x10007744        0x0 linker stubs

.v4_bx          0x10007744        0x0
 .v4_bx         0x10007744        0x0 linker stubs

.iplt           0x10007744        0x0
 .iplt          0x10007744        0x0 /usr/lib/gcc/arm-none-eabi/13.2.1/thumb/v6-m/nofp/crtbegin.o

.rodata         0x10007744      0x4f8
 *(EXCLUDE_FILE(*libm.a: *libc.a:*lib_a-mem*.o *libgcc.a:) .rodata*)
 .rodata.button_task.str1.4
                0x10007744      0x214 CMakeFiles/pratica5.dir/src/pratica5.c.o
                                 0x4e (size before relaxing)
 .rodata.semaphore_test.str1.4
                0x10007958       0x23 CMakeFiles/pratica5.dir/src/pratica5.c.o
 .rodata.main.str1.4
                0x10007958       0x22 CMakeFiles/pratica5.dir/src/pratica5.c.o
 .rodata.panic.str1.4
                0x10007958       0x12 CMakeFiles/pratica5.dir/home/matheus-moreira/Documentos/Faculdade/2025.1/Rtos/pico-sdk/src/rp2_common/pico_platform_panic/panic.c.o
 .rodata.panic_unsupported.str1.4
                0x10007958        0xe CMakeFiles/pratica5.dir/home/matheus-moreira/Documentos/Faculdade/2025.1/Rtos/pico-sdk/src/rp2_common/pico_platform_panic/panic.c.o
 .rodata.spin_lock_claim_unused.str1.4
                0x10007958       0x1b CMakeFiles/pratica5.dir/home/matheus-moreira/Documentos/Faculdade/2025.1/Rtos/pico-sdk/src/rp2_common/hardware_sync/sync.c.o
 .rodata.user_irq_claim_unused.str1.4
                0x10007958       0x1b CMakeFiles/pratica5.dir/home/matheus-moreira/Documentos/Faculdade/2025.1/Rtos/pico-sdk/src/rp2_common/hardware_irq/irq.c.o
 .rodata.timer_hardware_alarm_claim.str1.4
                0x10007958       0x22 CMakeFiles/pratica5.dir/home/matheus-moreira/Documentos/Faculdade/2025.1/Rtos/pico-sdk/src/rp2_common/hardware_timer/timer.c.o
 .rodata.hard_assertion_failure.str1.4
                0x10007958        0xc CMakeFiles/pratica5.dir/home/matheus-moreira/Documentos/Faculdade/2025.1/Rtos/pico-sdk/src/rp2_common/pico_runtime/runtime.c.o
 .rodata.str1.4
                0x10007958       0x40 CMakeFiles/pratica5.dir/home/matheus-moreira/Documentos/Faculdade/2025.1/Rtos/pico-sdk/src/rp2_common/pico_standard_binary_info/standard_binary_info.c.o
 .rodata.__bi_84
                0x10007958        0xc CMakeFiles/pratica5.dir/home/matheus-moreira/Documentos/Faculdade/2025.1/Rtos/pico-sdk/src/rp2_common/pico_standard_binary_info/standard_binary_info.c.o
 .rodata.__bi_78
                0x10007964        0xc CMakeFiles/pratica5.dir/home/matheus-moreira/Documentos/Faculdade/2025.1/Rtos/pico-sdk/src/rp2_common/pico_standard_binary_info/standard_binary_info.c.o
 .rodata.__bi_54
                0x10007970        0xc CMakeFiles/pratica5.dir/home/matheus-moreira/Documentos/Faculdade/2025.1/Rtos/pico-sdk/src/rp2_common/pico_standard_binary_info/standard_binary_info.c.o
 .rodata.__bi_48
                0x1000797c        0xc CMakeFiles/pratica5.dir/home/matheus-moreira/Documentos/Faculdade/2025.1/Rtos/pico-sdk/src/rp2_common/pico_standard_binary_info/standard_binary_info.c.o
 .rodata.__bi_42
                0x10007988        0xc CMakeFiles/pratica5.dir/home/matheus-moreira/Documentos/Faculdade/2025.1/Rtos/pico-sdk/src/rp2_common/pico_standard_binary_info/standard_binary_info.c.o
 .rodata.__bi_34
                0x10007994        0xc CMakeFiles/pratica5.dir/home/matheus-moreira/Documentos/Faculdade/2025.1/Rtos/pico-sdk/src/rp2_common/pico_standard_binary_info/standard_binary_info.c.o
 .rodata.__bi_26
                0x100079a0        0xc CMakeFiles/pratica5.dir/home/matheus-moreira/Documentos/Faculdade/2025.1/Rtos/pico-sdk/src/rp2_common/pico_standard_binary_info/standard_binary_info.c.o
 .rodata.crlf_str.0
                0x100079ac        0x2 CMakeFiles/pratica5.dir/home/matheus-moreira/Documentos/Faculdade/2025.1/Rtos/pico-sdk/src/rp2_common/pico_stdio/stdio.c.o
 *fill*         0x100079ae        0x2 
 .rodata._resetd_driver
                0x100079b0       0x20 CMakeFiles/pratica5.dir/home/matheus-moreira/Documentos/Faculdade/2025.1/Rtos/pico-sdk/src/rp2_common/pico_stdio_usb/reset_interface.c.o
 .rodata.desc_ms_os_20
                0x100079d0       0xa6 CMakeFiles/pratica5.dir/home/matheus-moreira/Documentos/Faculdade/2025.1/Rtos/pico-sdk/src/rp2_common/pico_stdio_usb/reset_interface.c.o
 *fill*         0x10007a76        0x2 
 .rodata.desc_bos
                0x10007a78       0x21 CMakeFiles/pratica5.dir/home/matheus-moreira/Documentos/Faculdade/2025.1/Rtos/pico-sdk/src/rp2_common/pico_stdio_usb/reset_interface.c.o
                0x10007a78                desc_bos
 .rodata.str1.4
                0x10007a99       0x13 CMakeFiles/pratica5.dir/home/matheus-moreira/Documentos/Faculdade/2025.1/Rtos/pico-sdk/src/rp2_common/pico_stdio_usb/stdio_usb.c.o
 *fill*         0x10007a99        0x3 
 .rodata.__bi_197.0
                0x10007a9c        0xc CMakeFiles/pratica5.dir/home/matheus-moreira/Documentos/Faculdade/2025.1/Rtos/pico-sdk/src/rp2_common/pico_stdio_usb/stdio_usb.c.o
 .rodata.str1.4
                0x10007aa8       0x2a CMakeFiles/pratica5.dir/home/matheus-moreira/Documentos/Faculdade/2025.1/Rtos/pico-sdk/src/rp2_common/pico_stdio_usb/stdio_usb_descriptors.c.o
 .rodata.usbd_desc_str
                0x10007aa8       0x18 CMakeFiles/pratica5.dir/home/matheus-moreira/Documentos/Faculdade/2025.1/Rtos/pico-sdk/src/rp2_common/pico_stdio_usb/stdio_usb_descriptors.c.o
 .rodata.usbd_desc_cfg
                0x10007ac0       0x54 CMakeFiles/pratica5.dir/home/matheus-moreira/Documentos/Faculdade/2025.1/Rtos/pico-sdk/src/rp2_common/pico_stdio_usb/stdio_usb_descriptors.c.o
 .rodata.usbd_desc_device
                0x10007b14       0x12 CMakeFiles/pratica5.dir/home/matheus-moreira/Documentos/Faculdade/2025.1/Rtos/pico-sdk/src/rp2_common/pico_stdio_usb/stdio_usb_descriptors.c.o
 .rodata.str1.4
                0x10007b26       0x14 CMakeFiles/pratica5.dir/home/matheus-moreira/Documentos/Faculdade/2025.1/Rtos/pico-sdk/lib/tinyusb/src/portable/raspberrypi/rp2040/dcd_rp2040.c.o
 .rodata.str1.4
                0x10007b26       0x48 CMakeFiles/pratica5.dir/home/matheus-moreira/Documentos/Faculdade/2025.1/Rtos/pico-sdk/lib/tinyusb/src/portable/raspberrypi/rp2040/rp2040_usb.c.o
 *fill*         0x10007b26        0x2 
 .rodata.tud_task_ext
                0x10007b28       0x8c CMakeFiles/pratica5.dir/home/matheus-moreira/Documentos/Faculdade/2025.1/Rtos/pico-sdk/lib/tinyusb/src/device/usbd.c.o
 .rodata        0x10007bb4       0x1c CMakeFiles/pratica5.dir/home/matheus-moreira/Documentos/Faculdade/2025.1/Rtos/pico-sdk/lib/tinyusb/src/device/usbd.c.o
 .rodata._usbd_driver
                0x10007bd0       0x40 CMakeFiles/pratica5.dir/home/matheus-moreira/Documentos/Faculdade/2025.1/Rtos/pico-sdk/lib/tinyusb/src/device/usbd.c.o
 .rodata.uxTopUsedPriority
                0x10007c10        0x4 CMakeFiles/pratica5.dir/lib/FreeRTOS-Kernel/tasks.c.o
 .rodata.prvTimerTask
                0x10007c14       0x28 CMakeFiles/pratica5.dir/lib/FreeRTOS-Kernel/timers.c.o
 .rodata.xTimerCreateTimerTask.str1.4
                0x10007c3c       0x10 CMakeFiles/pratica5.dir/lib/FreeRTOS-Kernel/timers.c.o
                0x10007c4c                        . = ALIGN (0x4)
 *(SORT_BY_ALIGNMENT(SORT_BY_NAME(.flashdata*)))
                0x10007c4c                        . = ALIGN (0x4)

.ARM.extab
 *(.ARM.extab* .gnu.linkonce.armextab.*)
                0x10007c3c                        __exidx_start = .

.ARM.exidx
 *(.ARM.exidx* .gnu.linkonce.armexidx.*)
                0x10007c3c                        __exidx_end = .
                0x10007c4c                        . = ALIGN (0x4)
                0x10007c3c                        __binary_info_start = .

.binary_info    0x10007c3c       0x20
 *(.binary_info.keep.*)
 .binary_info.keep.__bi_ptr84
                0x10007c3c        0x4 CMakeFiles/pratica5.dir/home/matheus-moreira/Documentos/Faculdade/2025.1/Rtos/pico-sdk/src/rp2_common/pico_standard_binary_info/standard_binary_info.c.o
 .binary_info.keep.__bi_ptr78
                0x10007c40        0x4 CMakeFiles/pratica5.dir/home/matheus-moreira/Documentos/Faculdade/2025.1/Rtos/pico-sdk/src/rp2_common/pico_standard_binary_info/standard_binary_info.c.o
 .binary_info.keep.__bi_ptr54
                0x10007c44        0x4 CMakeFiles/pratica5.dir/home/matheus-moreira/Documentos/Faculdade/2025.1/Rtos/pico-sdk/src/rp2_common/pico_standard_binary_info/standard_binary_info.c.o
 .binary_info.keep.__bi_ptr48
                0x10007c48        0x4 CMakeFiles/pratica5.dir/home/matheus-moreira/Documentos/Faculdade/2025.1/Rtos/pico-sdk/src/rp2_common/pico_standard_binary_info/standard_binary_info.c.o
 .binary_info.keep.__bi_ptr42
                0x10007c4c        0x4 CMakeFiles/pratica5.dir/home/matheus-moreira/Documentos/Faculdade/2025.1/Rtos/pico-sdk/src/rp2_common/pico_standard_binary_info/standard_binary_info.c.o
 .binary_info.keep.__bi_ptr34
                0x10007c50        0x4 CMakeFiles/pratica5.dir/home/matheus-moreira/Documentos/Faculdade/2025.1/Rtos/pico-sdk/src/rp2_common/pico_standard_binary_info/standard_binary_info.c.o
 .binary_info.keep.__bi_ptr26
                0x10007c54        0x4 CMakeFiles/pratica5.dir/home/matheus-moreira/Documentos/Faculdade/2025.1/Rtos/pico-sdk/src/rp2_common/pico_standard_binary_info/standard_binary_info.c.o
 *(.binary_info.*)
 .binary_info.__bi_ptr197
                0x10007c58        0x4 CMakeFiles/pratica5.dir/home/matheus-moreira/Documentos/Faculdade/2025.1/Rtos/pico-sdk/src/rp2_common/pico_stdio_usb/stdio_usb.c.o
                0x10007c5c                        __binary_info_end = .

.rel.dyn        0x10007c5c        0x0
 .rel.iplt      0x10007c5c        0x0 /usr/lib/gcc/arm-none-eabi/13.2.1/thumb/v6-m/nofp/crtbegin.o
                0x10007c5c                        . = ALIGN (0x4)

.ram_vector_table
                0x20000000       0xc0
 *(.ram_vector_table)
 .ram_vector_table
                0x20000000       0xc0 CMakeFiles/pratica5.dir/home/matheus-moreira/Documentos/Faculdade/2025.1/Rtos/pico-sdk/src/rp2_common/pico_runtime_init/runtime_init.c.o
                0x20000000                ram_vector_table

.uninitialized_data
                0x200000c0        0x0
                0x200000c0                        . = ALIGN (0x4)
 *(.uninitialized_data*)

.data           0x200000c0      0xf8c load address 0x10007c5c
                0x200000c0                        __data_start__ = .
 *(vtable)
 *(.time_critical*)
 .time_critical.mutex_try_enter
                0x200000c0       0x40 CMakeFiles/pratica5.dir/home/matheus-moreira/Documentos/Faculdade/2025.1/Rtos/pico-sdk/src/common/pico_sync/mutex.c.o
                0x200000c0                mutex_try_enter
 .time_critical.mutex_try_enter_block_until
                0x20000100       0xa0 CMakeFiles/pratica5.dir/home/matheus-moreira/Documentos/Faculdade/2025.1/Rtos/pico-sdk/src/common/pico_sync/mutex.c.o
                0x20000100                mutex_try_enter_block_until
 .time_critical.mutex_enter_timeout_ms
                0x200001a0       0x78 CMakeFiles/pratica5.dir/home/matheus-moreira/Documentos/Faculdade/2025.1/Rtos/pico-sdk/src/common/pico_sync/mutex.c.o
                0x200001a0                mutex_enter_timeout_ms
 .time_critical.mutex_exit
                0x20000218       0x20 CMakeFiles/pratica5.dir/home/matheus-moreira/Documentos/Faculdade/2025.1/Rtos/pico-sdk/src/common/pico_sync/mutex.c.o
                0x20000218                mutex_exit
 .time_critical.flash_init_boot2_copyout
                0x20000238       0x30 CMakeFiles/pratica5.dir/home/matheus-moreira/Documentos/Faculdade/2025.1/Rtos/pico-sdk/src/rp2_common/hardware_flash/flash.c.o
 .time_critical.flash_enable_xip_via_boot2
                0x20000268        0xc CMakeFiles/pratica5.dir/home/matheus-moreira/Documentos/Faculdade/2025.1/Rtos/pico-sdk/src/rp2_common/hardware_flash/flash.c.o
 .time_critical.flash_cs_force
                0x20000274       0x38 CMakeFiles/pratica5.dir/home/matheus-moreira/Documentos/Faculdade/2025.1/Rtos/pico-sdk/src/rp2_common/hardware_flash/flash.c.o
 .time_critical.flash_do_cmd
                0x200002ac       0xc0 CMakeFiles/pratica5.dir/home/matheus-moreira/Documentos/Faculdade/2025.1/Rtos/pico-sdk/src/rp2_common/hardware_flash/flash.c.o
                0x200002ac                flash_do_cmd
 .time_critical.reset_non_control_endpoints
                0x2000036c       0x68 CMakeFiles/pratica5.dir/home/matheus-moreira/Documentos/Faculdade/2025.1/Rtos/pico-sdk/lib/tinyusb/src/portable/raspberrypi/rp2040/dcd_rp2040.c.o
 .time_critical.hw_handle_buff_status
                0x200003d4       0xa0 CMakeFiles/pratica5.dir/home/matheus-moreira/Documentos/Faculdade/2025.1/Rtos/pico-sdk/lib/tinyusb/src/portable/raspberrypi/rp2040/dcd_rp2040.c.o
 .time_critical.dcd_rp2040_irq
                0x20000474      0x560 CMakeFiles/pratica5.dir/home/matheus-moreira/Documentos/Faculdade/2025.1/Rtos/pico-sdk/lib/tinyusb/src/portable/raspberrypi/rp2040/dcd_rp2040.c.o
 .time_critical.prepare_ep_buffer
                0x200009d4       0xe0 CMakeFiles/pratica5.dir/home/matheus-moreira/Documentos/Faculdade/2025.1/Rtos/pico-sdk/lib/tinyusb/src/portable/raspberrypi/rp2040/rp2040_usb.c.o
 .time_critical.sync_ep_buffer
                0x20000ab4       0xa8 CMakeFiles/pratica5.dir/home/matheus-moreira/Documentos/Faculdade/2025.1/Rtos/pico-sdk/lib/tinyusb/src/portable/raspberrypi/rp2040/rp2040_usb.c.o
 .time_critical._hw_endpoint_xfer_sync
                0x20000b5c       0x28 CMakeFiles/pratica5.dir/home/matheus-moreira/Documentos/Faculdade/2025.1/Rtos/pico-sdk/lib/tinyusb/src/portable/raspberrypi/rp2040/rp2040_usb.c.o
 .time_critical.e15_is_bulkin_ep
                0x20000b84       0x28 CMakeFiles/pratica5.dir/home/matheus-moreira/Documentos/Faculdade/2025.1/Rtos/pico-sdk/lib/tinyusb/src/portable/raspberrypi/rp2040/rp2040_usb.c.o
 .time_critical.e15_is_critical_frame_period
                0x20000bac       0x34 CMakeFiles/pratica5.dir/home/matheus-moreira/Documentos/Faculdade/2025.1/Rtos/pico-sdk/lib/tinyusb/src/portable/raspberrypi/rp2040/rp2040_usb.c.o
 .time_critical.hw_endpoint_reset_transfer
                0x20000be0        0xc CMakeFiles/pratica5.dir/home/matheus-moreira/Documentos/Faculdade/2025.1/Rtos/pico-sdk/lib/tinyusb/src/portable/raspberrypi/rp2040/rp2040_usb.c.o
                0x20000be0                hw_endpoint_reset_transfer
 .time_critical._hw_endpoint_buffer_control_update32
                0x20000bec       0x50 CMakeFiles/pratica5.dir/home/matheus-moreira/Documentos/Faculdade/2025.1/Rtos/pico-sdk/lib/tinyusb/src/portable/raspberrypi/rp2040/rp2040_usb.c.o
                0x20000bec                _hw_endpoint_buffer_control_update32
 .time_critical.hw_endpoint_start_next_buffer
                0x20000c3c       0x6c CMakeFiles/pratica5.dir/home/matheus-moreira/Documentos/Faculdade/2025.1/Rtos/pico-sdk/lib/tinyusb/src/portable/raspberrypi/rp2040/rp2040_usb.c.o
                0x20000c3c                hw_endpoint_start_next_buffer
 .time_critical.hw_endpoint_xfer_continue
                0x20000ca8       0x40 CMakeFiles/pratica5.dir/home/matheus-moreira/Documentos/Faculdade/2025.1/Rtos/pico-sdk/lib/tinyusb/src/portable/raspberrypi/rp2040/rp2040_usb.c.o
                0x20000ca8                hw_endpoint_xfer_continue
 .time_critical.tinyusb
                0x20000ce8      0x1e4 CMakeFiles/pratica5.dir/home/matheus-moreira/Documentos/Faculdade/2025.1/Rtos/pico-sdk/lib/tinyusb/src/device/usbd.c.o
                0x20000ce8                dcd_event_handler
 *(.text*)
 .text          0x20000ecc        0x4 /usr/lib/gcc/arm-none-eabi/13.2.1/thumb/v6-m/nofp/libgcc.a(_dvmd_tls.o)
                0x20000ecc                __aeabi_ldiv0
                0x20000ecc                __aeabi_idiv0
 .text.__stub   0x20000ed0       0xa0 linker stubs
                0x20000f70                        . = ALIGN (0x4)
 *(.rodata*)
                0x20000f70                        . = ALIGN (0x4)
 *(.data*)
 .data.striped_spin_lock_num
                0x20000f70        0x1 CMakeFiles/pratica5.dir/home/matheus-moreira/Documentos/Faculdade/2025.1/Rtos/pico-sdk/src/rp2_common/hardware_sync/sync.c.o
 *fill*         0x20000f71        0x3 
 .data          0x20000f74       0x48 CMakeFiles/pratica5.dir/home/matheus-moreira/Documentos/Faculdade/2025.1/Rtos/pico-sdk/src/rp2_common/hardware_irq/irq_handler_chain.S.o
                0x20000f74                irq_handler_chain_slots
                0x20000fa4                irq_handler_chain_first_slot
                0x20000fae                irq_handler_chain_remove_tail
 .data.default_alarm_pool
                0x20000fbc       0x18 CMakeFiles/pratica5.dir/home/matheus-moreira/Documentos/Faculdade/2025.1/Rtos/pico-sdk/src/common/pico_time/time.c.o
 *fill*         0x20000fd4        0xc 
 .data.aeabi_bits_funcs
                0x20000fe0       0x10 CMakeFiles/pratica5.dir/home/matheus-moreira/Documentos/Faculdade/2025.1/Rtos/pico-sdk/src/rp2_common/pico_bit_ops/bit_ops_aeabi.S.o
                0x20000fe0                aeabi_bits_funcs
                0x20000ff0                aeabi_bits_funcs_end
 .data.aeabi_mem_funcs
                0x20000ff0       0x10 CMakeFiles/pratica5.dir/home/matheus-moreira/Documentos/Faculdade/2025.1/Rtos/pico-sdk/src/rp2_common/pico_mem_ops/mem_ops_aeabi.S.o
                0x20000ff0                aeabi_mem_funcs
                0x20001000                aeabi_mem_funcs_end
 .data.stdio_usb
                0x20001000       0x18 CMakeFiles/pratica5.dir/home/matheus-moreira/Documentos/Faculdade/2025.1/Rtos/pico-sdk/src/rp2_common/pico_stdio_usb/stdio_usb.c.o
                0x20001000                stdio_usb
 .data._usbd_qdef
                0x20001018       0x1c CMakeFiles/pratica5.dir/home/matheus-moreira/Documentos/Faculdade/2025.1/Rtos/pico-sdk/lib/tinyusb/src/device/usbd.c.o
                0x20001018                _usbd_qdef
 .data._usbd_rhport
                0x20001034        0x1 CMakeFiles/pratica5.dir/home/matheus-moreira/Documentos/Faculdade/2025.1/Rtos/pico-sdk/lib/tinyusb/src/device/usbd.c.o
 *fill*         0x20001035        0x3 
 .data._cdcd_cfg
                0x20001038        0x1 CMakeFiles/pratica5.dir/home/matheus-moreira/Documentos/Faculdade/2025.1/Rtos/pico-sdk/lib/tinyusb/src/class/cdc/cdc_device.c.o
 .data.ucPrimaryCoreNum
                0x20001039        0x1 CMakeFiles/pratica5.dir/lib/FreeRTOS-Kernel/portable/ThirdParty/GCC/RP2040/port.c.o
                0x2000103c                        . = ALIGN (0x4)
 *fill*         0x2000103a        0x2 
 *(.after_data.*)
                0x2000103c                        . = ALIGN (0x4)
                0x2000103c                        PROVIDE (__mutex_array_start = .)
 *(SORT_BY_NAME(.mutex_array.*))
 *(.mutex_array)
 .mutex_array   0x2000103c        0x8 CMakeFiles/pratica5.dir/home/matheus-moreira/Documentos/Faculdade/2025.1/Rtos/pico-sdk/src/rp2_common/pico_malloc/malloc.c.o
 .mutex_array   0x20001044        0x8 CMakeFiles/pratica5.dir/home/matheus-moreira/Documentos/Faculdade/2025.1/Rtos/pico-sdk/src/rp2_common/pico_stdio/stdio.c.o
                0x2000104c                        PROVIDE (__mutex_array_end = .)
                0x2000104c                        . = ALIGN (0x4)
 *(.jcr)
                0x2000104c                        . = ALIGN (0x4)

.tm_clone_table
                0x2000104c        0x0 load address 0x10008be8
 .tm_clone_table
                0x2000104c        0x0 /usr/lib/gcc/arm-none-eabi/13.2.1/thumb/v6-m/nofp/crtbegin.o
 .tm_clone_table
                0x2000104c        0x0 /usr/lib/gcc/arm-none-eabi/13.2.1/thumb/v6-m/nofp/crtend.o

.igot.plt       0x2000104c        0x0 load address 0x10008be8
 .igot.plt      0x2000104c        0x0 /usr/lib/gcc/arm-none-eabi/13.2.1/thumb/v6-m/nofp/crtbegin.o

.tdata          0x2000104c        0x0 load address 0x10008be8
                0x2000104c                        . = ALIGN (0x4)
 *(.tdata .tdata.* .gnu.linkonce.td.*)
                0x2000104c                        __tdata_end = .
                0x2000104c                        PROVIDE (__data_end__ = .)
                0x10007c5c                        __etext = LOADADDR (.data)

.tbss           0x2000104c        0x0 load address 0x10008be8
                0x2000104c                        . = ALIGN (0x4)
                0x2000104c                        __bss_start__ = .
                0x2000104c                        __tls_base = .
 *(.tbss .tbss.* .gnu.linkonce.tb.*)
 *(.tcommon)
                0x2000104c                        __tls_end = .

.bss            0x20001050    0x2147c load address 0x10008be8
                0x20001050                        . = ALIGN (0x4)
                0x20001050                        __tbss_end = .
 *(SORT_BY_ALIGNMENT(SORT_BY_NAME(.bss*)))
 .bss.default_alarm_pool_entries
                0x20001050      0x180 CMakeFiles/pratica5.dir/home/matheus-moreira/Documentos/Faculdade/2025.1/Rtos/pico-sdk/src/common/pico_time/time.c.o
 .bss.last_avail_time.1
                0x200011d0        0x8 CMakeFiles/pratica5.dir/home/matheus-moreira/Documentos/Faculdade/2025.1/Rtos/pico-sdk/src/rp2_common/pico_stdio_usb/stdio_usb.c.o
 .bss.sd_table  0x200011d8      0x100 CMakeFiles/pratica5.dir/home/matheus-moreira/Documentos/Faculdade/2025.1/Rtos/pico-sdk/src/rp2_common/pico_double/double_init_rom_rp2040.c.o
                0x200011d8                sd_table
 .bss.sf_table  0x200012d8      0x100 CMakeFiles/pratica5.dir/home/matheus-moreira/Documentos/Faculdade/2025.1/Rtos/pico-sdk/src/rp2_common/pico_float/float_init_rom_rp2040.c.o
                0x200012d8                sf_table
 .bss.xQueueRegistry
                0x200013d8       0x40 CMakeFiles/pratica5.dir/lib/FreeRTOS-Kernel/queue.c.o
                0x200013d8                xQueueRegistry
 .bss           0x20001418       0x1c /usr/lib/gcc/arm-none-eabi/13.2.1/thumb/v6-m/nofp/crtbegin.o
 .bss           0x20001434      0x190 /usr/lib/gcc/arm-none-eabi/13.2.1/../../../arm-none-eabi/lib/thumb/v6-m/nofp/libg.a(libc_a-__atexit.o)
                0x20001434                __atexit0
 .bss           0x200015c4        0x4 /usr/lib/gcc/arm-none-eabi/13.2.1/../../../arm-none-eabi/lib/thumb/v6-m/nofp/libg.a(libc_a-__call_atexit.o)
                0x200015c4                __atexit
 .bss._app_driver
                0x200015c8        0x4 CMakeFiles/pratica5.dir/home/matheus-moreira/Documentos/Faculdade/2025.1/Rtos/pico-sdk/lib/tinyusb/src/device/usbd.c.o
 .bss._cdcd_epbuf
                0x200015cc       0x80 CMakeFiles/pratica5.dir/home/matheus-moreira/Documentos/Faculdade/2025.1/Rtos/pico-sdk/lib/tinyusb/src/class/cdc/cdc_device.c.o
 .bss._cdcd_itf
                0x2000164c       0xc8 CMakeFiles/pratica5.dir/home/matheus-moreira/Documentos/Faculdade/2025.1/Rtos/pico-sdk/lib/tinyusb/src/class/cdc/cdc_device.c.o
 .bss._ctrl_epbuf
                0x20001714       0x40 CMakeFiles/pratica5.dir/home/matheus-moreira/Documentos/Faculdade/2025.1/Rtos/pico-sdk/lib/tinyusb/src/device/usbd_control.c.o
 .bss._ctrl_xfer
                0x20001754       0x14 CMakeFiles/pratica5.dir/home/matheus-moreira/Documentos/Faculdade/2025.1/Rtos/pico-sdk/lib/tinyusb/src/device/usbd_control.c.o
 .bss._tusb_rhport_role
                0x20001768        0x2 CMakeFiles/pratica5.dir/home/matheus-moreira/Documentos/Faculdade/2025.1/Rtos/pico-sdk/lib/tinyusb/src/tusb.c.o
                0x20001768                _tusb_rhport_role
 *fill*         0x2000176a        0x2 
 .bss._ubsd_mutexdef
                0x2000176c        0x8 CMakeFiles/pratica5.dir/home/matheus-moreira/Documentos/Faculdade/2025.1/Rtos/pico-sdk/lib/tinyusb/src/device/usbd.c.o
 .bss._usbd_dev
                0x20001774       0x54 CMakeFiles/pratica5.dir/home/matheus-moreira/Documentos/Faculdade/2025.1/Rtos/pico-sdk/lib/tinyusb/src/device/usbd.c.o
 .bss._usbd_mutex
                0x200017c8        0x4 CMakeFiles/pratica5.dir/home/matheus-moreira/Documentos/Faculdade/2025.1/Rtos/pico-sdk/lib/tinyusb/src/device/usbd.c.o