Archive member included to satisfy reference by file (symbol)

/usr/lib/gcc/arm-none-eabi/13.2.1/thumb/v6-m/nofp/libgcc.a(_dvmd_tls.o)
                              CMakeFiles/projetoFinal.dir/home/matheus-moreira/Documentos/Faculdade/2025.1/Rtos/pico-sdk/src/rp2_common/pico_divider/divider_hardware.S.o (__aeabi_idiv0)
/usr/lib/gcc/arm-none-eabi/13.2.1/../../../arm-none-eabi/lib/thumb/v6-m/nofp/libg.a(libc_a-calloc.o)
                              CMakeFiles/projetoFinal.dir/home/matheus-moreira/Documentos/Faculdade/2025.1/Rtos/pico-sdk/src/rp2_common/pico_malloc/malloc.c.o (calloc)
/usr/lib/gcc/arm-none-eabi/13.2.1/../../../arm-none-eabi/lib/thumb/v6-m/nofp/libg.a(libc_a-impure.o)
                              /usr/lib/gcc/arm-none-eabi/13.2.1/../../../arm-none-eabi/lib/thumb/v6-m/nofp/libg.a(libc_a-calloc.o) (_impure_ptr)
/usr/lib/gcc/arm-none-eabi/13.2.1/../../../arm-none-eabi/lib/thumb/v6-m/nofp/libg.a(libc_a-callocr.o)
                              /usr/lib/gcc/arm-none-eabi/13.2.1/../../../arm-none-eabi/lib/thumb/v6-m/nofp/libg.a(libc_a-calloc.o) (_calloc_r)
/usr/lib/gcc/arm-none-eabi/13.2.1/../../../arm-none-eabi/lib/thumb/v6-m/nofp/libg.a(libc_a-realloc.o)
                              CMakeFiles/projetoFinal.dir/home/matheus-moreira/Documentos/Faculdade/2025.1/Rtos/pico-sdk/src/rp2_common/pico_malloc/malloc.c.o (realloc)
/usr/lib/gcc/arm-none-eabi/13.2.1/../../../arm-none-eabi/lib/thumb/v6-m/nofp/libg.a(libc_a-mallocr.o)
                              /usr/lib/gcc/arm-none-eabi/13.2.1/../../../arm-none-eabi/lib/thumb/v6-m/nofp/libg.a(libc_a-callocr.o) (_malloc_r)
/usr/lib/gcc/arm-none-eabi/13.2.1/../../../arm-none-eabi/lib/thumb/v6-m/nofp/libg.a(libc_a-freer.o)
                              /usr/lib/gcc/arm-none-eabi/13.2.1/../../../arm-none-eabi/lib/thumb/v6-m/nofp/libg.a(libc_a-mallocr.o) (_free_r)
/usr/lib/gcc/arm-none-eabi/13.2.1/../../../arm-none-eabi/lib/thumb/v6-m/nofp/libg.a(libc_a-memcmp.o)
                              CMakeFiles/projetoFinal.dir/home/matheus-moreira/Documentos/Faculdade/2025.1/Rtos/pico-sdk/src/rp2_common/pico_atomic/atomic.c.o (memcmp)
/usr/lib/gcc/arm-none-eabi/13.2.1/../../../arm-none-eabi/lib/thumb/v6-m/nofp/libg.a(libc_a-malloc.o)
                              CMakeFiles/projetoFinal.dir/home/matheus-moreira/Documentos/Faculdade/2025.1/Rtos/pico-sdk/src/rp2_common/pico_malloc/malloc.c.o (malloc)
/usr/lib/gcc/arm-none-eabi/13.2.1/../../../arm-none-eabi/lib/thumb/v6-m/nofp/libg.a(libc_a-sysconf.o)
                              /usr/lib/gcc/arm-none-eabi/13.2.1/../../../arm-none-eabi/lib/thumb/v6-m/nofp/libg.a(libc_a-mallocr.o) (sysconf)
/usr/lib/gcc/arm-none-eabi/13.2.1/../../../arm-none-eabi/lib/thumb/v6-m/nofp/libg.a(libc_a-init.o)
                              /usr/lib/gcc/arm-none-eabi/13.2.1/../../../arm-none-eabi/lib/thumb/v6-m/nofp/crt0.o (__libc_init_array)
/usr/lib/gcc/arm-none-eabi/13.2.1/../../../arm-none-eabi/lib/thumb/v6-m/nofp/libg.a(libc_a-reallocr.o)
                              /usr/lib/gcc/arm-none-eabi/13.2.1/../../../arm-none-eabi/lib/thumb/v6-m/nofp/libg.a(libc_a-realloc.o) (_realloc_r)
/usr/lib/gcc/arm-none-eabi/13.2.1/../../../arm-none-eabi/lib/thumb/v6-m/nofp/libg.a(libc_a-mktime.o)
                              CMakeFiles/projetoFinal.dir/home/matheus-moreira/Documentos/Faculdade/2025.1/Rtos/pico-sdk/src/common/pico_util/datetime.c.o (mktime)
/usr/lib/gcc/arm-none-eabi/13.2.1/../../../arm-none-eabi/lib/thumb/v6-m/nofp/libg.a(libc_a-mlock.o)
                              /usr/lib/gcc/arm-none-eabi/13.2.1/../../../arm-none-eabi/lib/thumb/v6-m/nofp/libg.a(libc_a-mallocr.o) (__malloc_lock)
/usr/lib/gcc/arm-none-eabi/13.2.1/../../../arm-none-eabi/lib/thumb/v6-m/nofp/libg.a(libc_a-findfp.o)
                              /usr/lib/gcc/arm-none-eabi/13.2.1/../../../arm-none-eabi/lib/thumb/v6-m/nofp/libg.a(libc_a-impure.o) (__sf)
/usr/lib/gcc/arm-none-eabi/13.2.1/../../../arm-none-eabi/lib/thumb/v6-m/nofp/libg.a(libc_a-tzlock.o)
                              /usr/lib/gcc/arm-none-eabi/13.2.1/../../../arm-none-eabi/lib/thumb/v6-m/nofp/libg.a(libc_a-mktime.o) (__tz_lock)
/usr/lib/gcc/arm-none-eabi/13.2.1/../../../arm-none-eabi/lib/thumb/v6-m/nofp/libg.a(libc_a-atexit.o)
                              /usr/lib/gcc/arm-none-eabi/13.2.1/../../../arm-none-eabi/lib/thumb/v6-m/nofp/crt0.o (atexit)
/usr/lib/gcc/arm-none-eabi/13.2.1/../../../arm-none-eabi/lib/thumb/v6-m/nofp/libg.a(libc_a-lcltime_r.o)
                              CMakeFiles/projetoFinal.dir/home/matheus-moreira/Documentos/Faculdade/2025.1/Rtos/pico-sdk/src/common/pico_util/datetime.c.o (localtime_r)
/usr/lib/gcc/arm-none-eabi/13.2.1/../../../arm-none-eabi/lib/thumb/v6-m/nofp/libg.a(libc_a-strlen-stub.o)
                              CMakeFiles/projetoFinal.dir/home/matheus-moreira/Documentos/Faculdade/2025.1/Rtos/pico-sdk/src/rp2_common/pico_stdio/stdio.c.o (strlen)
/usr/lib/gcc/arm-none-eabi/13.2.1/../../../arm-none-eabi/lib/thumb/v6-m/nofp/libg.a(libc_a-sbrkr.o)
[...]
Memory Configuration

Name             Origin             Length             Attributes
FLASH            0x10000000         0x00200000         xr
RAM              0x20000000         0x00040000         xrw
SCRATCH_X        0x20040000         0x00001000         xrw
SCRATCH_Y        0x20041000         0x00001000         xrw
*default*        0x00000000         0xffffffff

Linker script and memory map

LOAD /usr/lib/gcc/arm-none-eabi/13.2.1/thumb/v6-m/nofp/crti.o
LOAD /usr/lib/gcc/arm-none-eabi/13.2.1/thumb/v6-m/nofp/crtbegin.o
LOAD /usr/lib/gcc/arm-none-eabi/13.2.1/../../../arm-none-eabi/lib/thumb/v6-m/nofp/crt0.o

.flash_begin    0x10000000        0x0
                0x10000000                        __flash_binary_start = .

.boot2          0x10000000      0x100
                0x10000000                        __boot2_start__ = .
 *(.boot2)
 .boot2         0x10000000      0x100 pico-sdk/src/rp2040/boot_stage2/CMakeFiles/bs2_default_library.dir/bs2_default_padded_checksummed.S.o
                0x10000100                        __boot2_end__ = .
                0x00000001                        ASSERT (((__boot2_end__ - __boot2_start__) == 0x100), ERROR: Pico second stage bootloader must be 256 bytes in size)

.text           0x10000100     0x8f0c
                0x10000100                        __logical_binary_start = .
 *(.vectors)
 .vectors       0x10000100       0xd4 CMakeFiles/projetoFinal.dir/home/matheus-moreira/Documentos/Faculdade/2025.1/Rtos/pico-sdk/src/rp2_common/pico_crt0/crt0.S.o
                0x10000100                __vectors
                0x10000100                __VECTOR_TABLE
                0x100001c0                isr_invalid
                0x100001c0                __default_isrs_start
                0x100001c2                isr_nmi
                0x100001c4                isr_hardfault
                0x100001c6                isr_svcall
                0x100001c8                isr_pendsv
                0x100001ca                isr_systick
                0x100001cc                isr_irq30
                0x100001cc                __unhandled_user_irq
                0x100001cc                isr_irq13
                0x100001cc                isr_irq27
                0x100001cc                isr_irq31
                0x100001cc                isr_irq5
                0x100001cc                isr_irq11
                0x100001cc                isr_irq23
                0x100001cc                isr_irq18
                0x100001cc                isr_irq28
                0x100001cc                isr_irq19
                0x100001cc                isr_irq0
                0x100001cc                isr_irq6
                0x100001cc                isr_irq22
                0x100001cc                isr_irq17
                0x100001cc                isr_irq14
                0x100001cc                isr_irq2
                0x100001cc                isr_irq10
                0x100001cc                isr_irq8
                0x100001cc                isr_irq24
                0x100001cc                isr_irq1
                0x100001cc                isr_irq7
                0x100001cc                isr_irq21
                0x100001cc                isr_irq20
                0x100001cc                isr_irq15
                0x100001cc                isr_irq25
                0x100001cc                isr_irq4
                0x100001cc                isr_irq16
                0x100001cc                isr_irq29
                0x100001cc                isr_irq26
                0x100001cc                __default_isrs_end
                0x100001cc                isr_irq3
                0x100001cc                isr_irq12
                0x100001cc                isr_irq9
                0x100001d2                unhandled_user_irq_num_in_r0
 *(.binary_info_header)
 .binary_info_header
                0x100001d4       0x14 CMakeFiles/projetoFinal.dir/home/matheus-moreira/Documentos/Faculdade/2025.1/Rtos/pico-sdk/src/rp2_common/pico_crt0/crt0.S.o
                0x100001e8                        __binary_info_header_end = .
 *(.embedded_block)
                0x100001e8                        __embedded_block_end = .
 *(.reset)
 .reset         0x100001e8       0x9c CMakeFiles/projetoFinal.dir/home/matheus-moreira/Documentos/Faculdade/2025.1/Rtos/pico-sdk/src/rp2_common/pico_crt0/crt0.S.o
                0x100001e8                _entry_point
 *(.init)
 .init          0x10000284        0x4 /usr/lib/gcc/arm-none-eabi/13.2.1/thumb/v6-m/nofp/crti.o
                0x10000284                _init
 *(EXCLUDE_FILE(*libm.a: *libc.a:*lib_a-mem*.o *libgcc.a:) .text*)
 .text          0x10000288       0x98 /usr/lib/gcc/arm-none-eabi/13.2.1/thumb/v6-m/nofp/crtbegin.o
 .text.adc_gpio_init
                0x10000320       0x20 CMakeFiles/projetoFinal.dir/src/projetoFinal.c.o
 .text.task_read_mq2
                0x10000340       0xc0 CMakeFiles/projetoFinal.dir/src/projetoFinal.c.o
                0x10000340                task_read_mq2
 .text.task_read_temperature
                0x10000400       0xf0 CMakeFiles/projetoFinal.dir/src/projetoFinal.c.o
                0x10000400                task_read_temperature
 .text.pump_init
                0x100004f0       0x20 CMakeFiles/projetoFinal.dir/src/projetoFinal.c.o
                0x100004f0                pump_init
 .text.startup.main
                0x10000510       0x58 CMakeFiles/projetoFinal.dir/src/projetoFinal.c.o
                0x10000510                main
 .text.gpio_set_function
                0x10000568       0x34 CMakeFiles/projetoFinal.dir/home/matheus-moreira/Documentos/Faculdade/2025.1/Rtos/pico-sdk/src/rp2_common/hardware_gpio/gpio.c.o
                0x10000568                gpio_set_function
 .text.gpio_set_pulls
                0x1000059c       0x28 CMakeFiles/projetoFinal.dir/home/matheus-moreira/Documentos/Faculdade/2025.1/Rtos/pico-sdk/src/rp2_common/hardware_gpio/gpio.c.o
                0x1000059c                gpio_set_pulls
 .text.gpio_set_input_enabled
                0x100005c4       0x28 CMakeFiles/projetoFinal.dir/home/matheus-moreira/Documentos/Faculdade/2025.1/Rtos/pico-sdk/src/rp2_common/hardware_gpio/gpio.c.o
                0x100005c4                gpio_set_input_enabled
 .text.gpio_init
                0x100005ec       0x40 CMakeFiles/projetoFinal.dir/home/matheus-moreira/Documentos/Faculdade/2025.1/Rtos/pico-sdk/src/rp2_common/hardware_gpio/gpio.c.o
                0x100005ec                gpio_init
 .text.rp2040_chip_version
                0x1000062c        0xc CMakeFiles/projetoFinal.dir/home/matheus-moreira/Documentos/Faculdade/2025.1/Rtos/pico-sdk/src/rp2040/pico_platform/platform.c.o
                0x1000062c                rp2040_chip_version
 .text.panic    0x10000638       0x30 CMakeFiles/projetoFinal.dir/home/matheus-moreira/Documentos/Faculdade/2025.1/Rtos/pico-sdk/src/rp2_common/pico_platform_panic/panic.c.o
                0x10000638                panic
 .text.panic_unsupported
                0x10000668        0xc CMakeFiles/projetoFinal.dir/home/matheus-moreira/Documentos/Faculdade/2025.1/Rtos/pico-sdk/src/rp2_common/pico_platform_panic/panic.c.o
                0x10000668                panic_unsupported
 .text.hw_claim_or_assert
                0x10000674       0x44 CMakeFiles/projetoFinal.dir/home/matheus-moreira/Documentos/Faculdade/2025.1/Rtos/pico-sdk/src/common/hardware_claim/claim.c.o
                0x10000674                hw_claim_or_assert
 .text.hw_claim_unused_from_range
                0x100006b8       0x9c CMakeFiles/projetoFinal.dir/home/matheus-moreira/Documentos/Faculdade/2025.1/Rtos/pico-sdk/src/common/hardware_claim/claim.c.o
                0x100006b8                hw_claim_unused_from_range
 .text.next_striped_spin_lock_num
                0x10000754       0x18 CMakeFiles/projetoFinal.dir/home/matheus-moreira/Documentos/Faculdade/2025.1/Rtos/pico-sdk/src/rp2_common/hardware_sync/sync.c.o
                0x10000754                next_striped_spin_lock_num
 .text.spin_lock_claim_unused
                0x1000076c       0x24 CMakeFiles/projetoFinal.dir/home/matheus-moreira/Documentos/Faculdade/2025.1/Rtos/pico-sdk/src/rp2_common/hardware_sync/sync.c.o
                0x1000076c                spin_lock_claim_unused
 .text.spin_locks_reset
                0x10000790       0x1c CMakeFiles/projetoFinal.dir/home/matheus-moreira/Documentos/Faculdade/2025.1/Rtos/pico-sdk/src/rp2_common/hardware_sync_spin_lock/sync_spin_lock.c.o
                0x10000790                spin_locks_reset
 .text.runtime_init_per_core_irq_priorities
                0x100007ac       0x24 CMakeFiles/projetoFinal.dir/home/matheus-moreira/Documentos/Faculdade/2025.1/Rtos/pico-sdk/src/rp2_common/hardware_irq/irq.c.o
                0x100007ac                runtime_init_per_core_irq_priorities
 .text.irq_set_enabled
                0x100007d0       0x24 CMakeFiles/projetoFinal.dir/home/matheus-moreira/Documentos/Faculdade/2025.1/Rtos/pico-sdk/src/rp2_common/hardware_irq/irq.c.o
                0x100007d0                irq_set_enabled
 .text.irq_is_enabled
                0x100007f4       0x18 CMakeFiles/projetoFinal.dir/home/matheus-moreira/Documentos/Faculdade/2025.1/Rtos/pico-sdk/src/rp2_common/hardware_irq/irq.c.o
                0x100007f4                irq_is_enabled
 .text.irq_set_pending
                0x1000080c       0x10 CMakeFiles/projetoFinal.dir/home/matheus-moreira/Documentos/Faculdade/2025.1/Rtos/pico-sdk/src/rp2_common/hardware_irq/irq.c.o
                0x1000080c                irq_set_pending
 .text.irq_has_shared_handler
                0x1000081c       0x24 CMakeFiles/projetoFinal.dir/home/matheus-moreira/Documentos/Faculdade/2025.1/Rtos/pico-sdk/src/rp2_common/hardware_irq/irq.c.o
                0x1000081c                irq_has_shared_handler
 .text.irq_set_exclusive_handler
                0x10000840       0x54 CMakeFiles/projetoFinal.dir/home/matheus-moreira/Documentos/Faculdade/2025.1/Rtos/pico-sdk/src/rp2_common/hardware_irq/irq.c.o
                0x10000840                irq_set_exclusive_handler
 .text.irq_add_shared_handler
                0x10000894      0x1f4 CMakeFiles/projetoFinal.dir/home/matheus-moreira/Documentos/Faculdade/2025.1/Rtos/pico-sdk/src/rp2_common/hardware_irq/irq.c.o
                0x10000894                irq_add_shared_handler
 .text.irq_set_priority
                0x10000a88       0x28 CMakeFiles/projetoFinal.dir/home/matheus-moreira/Documentos/Faculdade/2025.1/Rtos/pico-sdk/src/rp2_common/hardware_irq/irq.c.o
                0x10000a88                irq_set_priority
 .text.irq_add_tail_to_free_list
                0x10000ab0       0xb4 CMakeFiles/projetoFinal.dir/home/matheus-moreira/Documentos/Faculdade/2025.1/Rtos/pico-sdk/src/rp2_common/hardware_irq/irq.c.o
                0x10000ab0                irq_add_tail_to_free_list
 .text.user_irq_claim_unused
                0x10000b64       0x2c CMakeFiles/projetoFinal.dir/home/matheus-moreira/Documentos/Faculdade/2025.1/Rtos/pico-sdk/src/rp2_common/hardware_irq/irq.c.o
                0x10000b64                user_irq_claim_unused
 .text.lock_init
                0x10000b90       0x10 CMakeFiles/projetoFinal.dir/home/matheus-moreira/Documentos/Faculdade/2025.1/Rtos/pico-sdk/src/common/pico_sync/lock_core.c.o
                0x10000b90                lock_init
 .text.runtime_init_mutex
                0x10000ba0       0x54 CMakeFiles/projetoFinal.dir/home/matheus-moreira/Documentos/Faculdade/2025.1/Rtos/pico-sdk/src/common/pico_sync/mutex.c.o
                0x10000ba0                runtime_init_mutex
 .text.mutex_init
                0x10000bf4       0x1c CMakeFiles/projetoFinal.dir/home/matheus-moreira/Documentos/Faculdade/2025.1/Rtos/pico-sdk/src/common/pico_sync/mutex.c.o
                0x10000bf4                mutex_init
 .text.critical_section_init
                0x10000c10       0x1c CMakeFiles/projetoFinal.dir/home/matheus-moreira/Documentos/Faculdade/2025.1/Rtos/pico-sdk/src/common/pico_sync/critical_section.c.o
                0x10000c10                critical_section_init
 .text.critical_section_init_with_lock_num
                0x10000c2c       0x14 CMakeFiles/projetoFinal.dir/home/matheus-moreira/Documentos/Faculdade/2025.1/Rtos/pico-sdk/src/common/pico_sync/critical_section.c.o
                0x10000c2c                critical_section_init_with_lock_num
 .text.alarm_pool_irq_handler
                0x10000c40      0x2fc CMakeFiles/projetoFinal.dir/home/matheus-moreira/Documentos/Faculdade/2025.1/Rtos/pico-sdk/src/common/pico_time/time.c.o
 .text.sleep_until_callback
                0x10000f3c       0x24 CMakeFiles/projetoFinal.dir/home/matheus-moreira/Documentos/Faculdade/2025.1/Rtos/pico-sdk/src/common/pico_time/time.c.o
 .text.runtime_init_default_alarm_pool
                0x10000f60       0xdc CMakeFiles/projetoFinal.dir/home/matheus-moreira/Documentos/Faculdade/2025.1/Rtos/pico-sdk/src/common/pico_time/time.c.o
                0x10000f60                runtime_init_default_alarm_pool
 .text.alarm_pool_get_default
                0x1000103c        0x8 CMakeFiles/projetoFinal.dir/home/matheus-moreira/Documentos/Faculdade/2025.1/Rtos/pico-sdk/src/common/pico_time/time.c.o
                0x1000103c                alarm_pool_get_default
 .text.alarm_pool_add_alarm_at
                0x10001044       0xd4 CMakeFiles/projetoFinal.dir/home/matheus-moreira/Documentos/Faculdade/2025.1/Rtos/pico-sdk/src/common/pico_time/time.c.o
                0x10001044                alarm_pool_add_alarm_at
 .text.alarm_pool_add_alarm_at_force_in_context
                0x10001118       0xb0 CMakeFiles/projetoFinal.dir/home/matheus-moreira/Documentos/Faculdade/2025.1/Rtos/pico-sdk/src/common/pico_time/time.c.o
                0x10001118                alarm_pool_add_alarm_at_force_in_context
 .text.alarm_pool_cancel_alarm
                0x100011c8       0x74 CMakeFiles/projetoFinal.dir/home/matheus-moreira/Documentos/Faculdade/2025.1/Rtos/pico-sdk/src/common/pico_time/time.c.o
                0x100011c8                alarm_pool_cancel_alarm
 .text.alarm_pool_core_num
                0x1000123c        0x4 CMakeFiles/projetoFinal.dir/home/matheus-moreira/Documentos/Faculdade/2025.1/Rtos/pico-sdk/src/common/pico_time/time.c.o
                0x1000123c                alarm_pool_core_num
 .text.sleep_until
                0x10001240       0xcc CMakeFiles/projetoFinal.dir/home/matheus-moreira/Documentos/Faculdade/2025.1/Rtos/pico-sdk/src/common/pico_time/time.c.o
                0x10001240                sleep_until
 .text.sleep_ms
                0x1000130c       0x38 CMakeFiles/projetoFinal.dir/home/matheus-moreira/Documentos/Faculdade/2025.1/Rtos/pico-sdk/src/common/pico_time/time.c.o
                0x1000130c                sleep_ms
 .text.best_effort_wfe_or_timeout
                0x10001344       0xf8 CMakeFiles/projetoFinal.dir/home/matheus-moreira/Documentos/Faculdade/2025.1/Rtos/pico-sdk/src/common/pico_time/time.c.o
                0x10001344                best_effort_wfe_or_timeout
 .text.timer_hardware_alarm_claim
                0x1000143c       0x14 CMakeFiles/projetoFinal.dir/home/matheus-moreira/Documentos/Faculdade/2025.1/Rtos/pico-sdk/src/rp2_common/hardware_timer/timer.c.o
                0x1000143c                timer_hardware_alarm_claim
 .text.timer_time_us_64
                0x10001450       0x10 CMakeFiles/projetoFinal.dir/home/matheus-moreira/Documentos/Faculdade/2025.1/Rtos/pico-sdk/src/rp2_common/hardware_timer/timer.c.o
                0x10001450                timer_time_us_64
 .text.time_us_64
                0x10001460       0x14 CMakeFiles/projetoFinal.dir/home/matheus-moreira/Documentos/Faculdade/2025.1/Rtos/pico-sdk/src/rp2_common/hardware_timer/timer.c.o
                0x10001460                time_us_64
 .text.busy_wait_until
                0x10001474       0x20 CMakeFiles/projetoFinal.dir/home/matheus-moreira/Documentos/Faculdade/2025.1/Rtos/pico-sdk/src/rp2_common/hardware_timer/timer.c.o
                0x10001474                busy_wait_until
 .text.clock_configure_int_divider
                0x10001494       0xf4 CMakeFiles/projetoFinal.dir/home/matheus-moreira/Documentos/Faculdade/2025.1/Rtos/pico-sdk/src/rp2_common/hardware_clocks/clocks.c.o
                0x10001494                clock_configure_int_divider
 .text.clock_configure_undivided
                0x10001588       0xe8 CMakeFiles/projetoFinal.dir/home/matheus-moreira/Documentos/Faculdade/2025.1/Rtos/pico-sdk/src/rp2_common/hardware_clocks/clocks.c.o
                0x10001588                clock_configure_undivided
 .text.clock_get_hz
                0x10001670        0xc CMakeFiles/projetoFinal.dir/home/matheus-moreira/Documentos/Faculdade/2025.1/Rtos/pico-sdk/src/rp2_common/hardware_clocks/clocks.c.o
                0x10001670                clock_get_hz
 .text.pll_init
                0x1000167c       0xa4 CMakeFiles/projetoFinal.dir/home/matheus-moreira/Documentos/Faculdade/2025.1/Rtos/pico-sdk/src/rp2_common/hardware_pll/pll.c.o
                0x1000167c                pll_init
 .text.watchdog_reboot
                0x10001720       0x9c CMakeFiles/projetoFinal.dir/home/matheus-moreira/Documentos/Faculdade/2025.1/Rtos/pico-sdk/src/rp2_common/hardware_watchdog/watchdog.c.o
                0x10001720                watchdog_reboot
 .text.tick_start
                0x100017bc       0x10 CMakeFiles/projetoFinal.dir/home/matheus-moreira/Documentos/Faculdade/2025.1/Rtos/pico-sdk/src/rp2_common/hardware_ticks/ticks.c.o
                0x100017bc                tick_start
 .text.rom_func_lookup
                0x100017cc       0x10 CMakeFiles/projetoFinal.dir/home/matheus-moreira/Documentos/Faculdade/2025.1/Rtos/pico-sdk/src/rp2_common/pico_bootrom/bootrom.c.o
                0x100017cc                rom_func_lookup
 .text.rom_data_lookup
                0x100017dc       0x10 CMakeFiles/projetoFinal.dir/home/matheus-moreira/Documentos/Faculdade/2025.1/Rtos/pico-sdk/src/rp2_common/pico_bootrom/bootrom.c.o
                0x100017dc                rom_data_lookup
 .text.rom_funcs_lookup
                0x100017ec       0x44 CMakeFiles/projetoFinal.dir/home/matheus-moreira/Documentos/Faculdade/2025.1/Rtos/pico-sdk/src/rp2_common/pico_bootrom/bootrom.c.o
                0x100017ec                rom_funcs_lookup
 .text.rom_reset_usb_boot_extra
                0x10001830       0x28 CMakeFiles/projetoFinal.dir/home/matheus-moreira/Documentos/Faculdade/2025.1/Rtos/pico-sdk/src/rp2_common/pico_bootrom/bootrom.c.o
                0x10001830                rom_reset_usb_boot_extra
 .text.xosc_init
                0x10001858       0x28 CMakeFiles/projetoFinal.dir/home/matheus-moreira/Documentos/Faculdade/2025.1/Rtos/pico-sdk/src/rp2_common/hardware_xosc/xosc.c.o
                0x10001858                xosc_init
 .text.first_per_core_initializer
                0x10001880        0x4 CMakeFiles/projetoFinal.dir/home/matheus-moreira/Documentos/Faculdade/2025.1/Rtos/pico-sdk/src/rp2_common/pico_runtime/runtime.c.o
 .text.hard_assertion_failure
                0x10001884        0xc CMakeFiles/projetoFinal.dir/home/matheus-moreira/Documentos/Faculdade/2025.1/Rtos/pico-sdk/src/rp2_common/pico_runtime/runtime.c.o
                0x10001884                hard_assertion_failure
 .text.runtime_run_initializers
                0x10001890       0x28 CMakeFiles/projetoFinal.dir/home/matheus-moreira/Documentos/Faculdade/2025.1/Rtos/pico-sdk/src/rp2_common/pico_runtime/runtime.c.o
                0x10001890                runtime_run_initializers
 .text.runtime_init_early_resets
                0x100018b8       0x2c CMakeFiles/projetoFinal.dir/home/matheus-moreira/Documentos/Faculdade/2025.1/Rtos/pico-sdk/src/rp2_common/pico_runtime_init/runtime_init.c.o
                0x100018b8                runtime_init_early_resets
 .text.runtime_init_usb_power_down
                0x100018e4       0x1c CMakeFiles/projetoFinal.dir/home/matheus-moreira/Documentos/Faculdade/2025.1/Rtos/pico-sdk/src/rp2_common/pico_runtime_init/runtime_init.c.o
                0x100018e4                runtime_init_usb_power_down
 .text.runtime_init_post_clock_resets
                0x10001900       0x20 CMakeFiles/projetoFinal.dir/home/matheus-moreira/Documentos/Faculdade/2025.1/Rtos/pico-sdk/src/rp2_common/pico_runtime_init/runtime_init.c.o
                0x10001900                runtime_init_post_clock_resets
 .text.runtime_init_rp2040_gpio_ie_disable
                0x10001920       0x14 CMakeFiles/projetoFinal.dir/home/matheus-moreira/Documentos/Faculdade/2025.1/Rtos/pico-sdk/src/rp2_common/pico_runtime_init/runtime_init.c.o
                0x10001920                runtime_init_rp2040_gpio_ie_disable
 .text.runtime_init_spin_locks_reset
                0x10001934        0x8 CMakeFiles/projetoFinal.dir/home/matheus-moreira/Documentos/Faculdade/2025.1/Rtos/pico-sdk/src/rp2_common/pico_runtime_init/runtime_init.c.o
                0x10001934                runtime_init_spin_locks_reset
 .text.runtime_init_install_ram_vector_table
                0x1000193c       0x1c CMakeFiles/projetoFinal.dir/home/matheus-moreira/Documentos/Faculdade/2025.1/Rtos/pico-sdk/src/rp2_common/pico_runtime_init/runtime_init.c.o
                0x1000193c                runtime_init_install_ram_vector_table
 .text.runtime_init_clocks
                0x10001958       0xd8 CMakeFiles/projetoFinal.dir/home/matheus-moreira/Documentos/Faculdade/2025.1/Rtos/pico-sdk/src/rp2_common/pico_runtime_init/runtime_init_clocks.c.o
                0x10001958                runtime_init_clocks
 .text          0x10001a30       0x10 CMakeFiles/projetoFinal.dir/home/matheus-moreira/Documentos/Faculdade/2025.1/Rtos/pico-sdk/src/rp2_common/pico_bit_ops/bit_ops_aeabi.S.o
 .text.__wrap___aeabi_idiv
                0x10001a40       0x50 CMakeFiles/projetoFinal.dir/home/matheus-moreira/Documentos/Faculdade/2025.1/Rtos/pico-sdk/src/rp2_common/pico_divider/divider_hardware.S.o
                0x10001a40                __wrap___aeabi_idivmod
                0x10001a40                divmod_s32s32
                0x10001a40                div_s32s32
                0x10001a40                __wrap___aeabi_idiv
                0x10001a48                divmod_s32s32_unsafe
                0x10001a74                divmod_s32s32_savestate
 .text.__wrap___aeabi_uidiv
                0x10001a90       0x4c CMakeFiles/projetoFinal.dir/home/matheus-moreira/Documentos/Faculdade/2025.1/Rtos/pico-sdk/src/rp2_common/pico_divider/divider_hardware.S.o
                0x10001a90                __wrap___aeabi_uidiv
                0x10001a90                __wrap___aeabi_uidivmod
                0x10001a90                div_u32u32
                0x10001a90                divmod_u32u32
                0x10001a98                divmod_u32u32_unsafe
                0x10001ac0                divmod_u32u32_savestate
 .text.__wrap___aeabi_ldiv
                0x10001adc      0x424 CMakeFiles/projetoFinal.dir/home/matheus-moreira/Documentos/Faculdade/2025.1/Rtos/pico-sdk/src/rp2_common/pico_divider/divider_hardware.S.o
                0x10001adc                div_s64s64
                0x10001adc                divmod_s64s64
                0x10001adc                __wrap___aeabi_ldivmod
                0x10001b0c                div_u64u64
                0x10001b0c                divmod_u64u64
                0x10001b0c                __wrap___aeabi_uldivmod
                0x10001b1c                divmod_u64u64_savestate
                0x10001b3c                divmod_s64s64_unsafe
                0x10001bc4                divmod_u64u64_unsafe
 .text.__wrap___aeabi_darithmetic
                0x10001f00       0x80 CMakeFiles/projetoFinal.dir/home/matheus-moreira/Documentos/Faculdade/2025.1/Rtos/pico-sdk/src/rp2_common/pico_double/double_aeabi_rp2040.S.o
                0x10001f00                __wrap___aeabi_drsub
                0x10001f06                __wrap___aeabi_dsub
                0x10001f18                __wrap___aeabi_dadd
                0x10001f2a                __wrap___aeabi_ddiv
                0x10001f66                __wrap___aeabi_dmul
 .text.__wrap___aeabi_cdcmple
                0x10001f80       0x6c CMakeFiles/projetoFinal.dir/home/matheus-moreira/Documentos/Faculdade/2025.1/Rtos/pico-sdk/src/rp2_common/pico_double/double_aeabi_rp2040.S.o
                0x10001f80                __wrap___aeabi_cdrcmple
                0x10001f90                __wrap___aeabi_cdcmple
                0x10001f90                __wrap___aeabi_cdcmpeq
 .text.__wrap___aeabi_dcmplt
                0x10001fec        0xc CMakeFiles/projetoFinal.dir/home/matheus-moreira/Documentos/Faculdade/2025.1/Rtos/pico-sdk/src/rp2_common/pico_double/double_aeabi_rp2040.S.o
                0x10001fec                __wrap___aeabi_dcmplt
 .text.__wrap___aeabi_dcmpge
                0x10001ff8       0x10 CMakeFiles/projetoFinal.dir/home/matheus-moreira/Documentos/Faculdade/2025.1/Rtos/pico-sdk/src/rp2_common/pico_double/double_aeabi_rp2040.S.o
                0x10001ff8                __wrap___aeabi_dcmpge
 .text.__wrap___aeabi_dcmpgt
                0x10002008        0xa CMakeFiles/projetoFinal.dir/home/matheus-moreira/Documentos/Faculdade/2025.1/Rtos/pico-sdk/src/rp2_common/pico_double/double_aeabi_rp2040.S.o
                0x10002008                __wrap___aeabi_dcmpgt
 .text.__wrap___aeabi_dcmpun
                0x10002012       0x18 CMakeFiles/projetoFinal.dir/home/matheus-moreira/Documentos/Faculdade/2025.1/Rtos/pico-sdk/src/rp2_common/pico_double/double_aeabi_rp2040.S.o
                0x10002012                __wrap___aeabi_dcmpun
 *fill*         0x1000202a        0x2 
 .text.__wrap___aeabi_i2d
                0x1000202c       0x38 CMakeFiles/projetoFinal.dir/home/matheus-moreira/Documentos/Faculdade/2025.1/Rtos/pico-sdk/src/rp2_common/pico_double/double_aeabi_rp2040.S.o
                0x1000202c                __wrap___aeabi_ui2d
                0x1000202c                uint2double
                0x10002034                __wrap___aeabi_i2d
                0x10002034                int2double
 .text.__wrap___aeabi_d2iz
                0x10002064       0x48 CMakeFiles/projetoFinal.dir/home/matheus-moreira/Documentos/Faculdade/2025.1/Rtos/pico-sdk/src/rp2_common/pico_double/double_aeabi_rp2040.S.o
                0x10002064                __wrap___aeabi_d2iz
                0x10002064                double2int_z
 .text.__wrap___aeabi_d2uiz
                0x100020ac       0x18 CMakeFiles/projetoFinal.dir/home/matheus-moreira/Documentos/Faculdade/2025.1/Rtos/pico-sdk/src/rp2_common/pico_double/double_aeabi_rp2040.S.o
                0x100020ac                double2uint_z
                0x100020ac                double2uint
                0x100020ac                __wrap___aeabi_d2uiz
 .text.__aeabi_double_init
                0x100020c4       0xa4 CMakeFiles/projetoFinal.dir/home/matheus-moreira/Documentos/Faculdade/2025.1/Rtos/pico-sdk/src/rp2_common/pico_double/double_init_rom_rp2040.c.o
                0x100020c4                __aeabi_double_init
 .text.double_table_shim_on_use_helper
                0x10002168       0x2c CMakeFiles/projetoFinal.dir/home/matheus-moreira/Documentos/Faculdade/2025.1/Rtos/pico-sdk/src/rp2_common/pico_double/double_v1_rom_shim_rp2040.S.o
                0x10002168                double_table_shim_on_use_helper
 .text.__wrap___aeabi_dsub
                0x10002194       0x10 CMakeFiles/projetoFinal.dir/home/matheus-moreira/Documentos/Faculdade/2025.1/Rtos/pico-sdk/src/rp2_common/pico_double/double_v1_rom_shim_rp2040.S.o
                0x10002194                drsub_shim
                0x1000219a                dsub_shim
 .text.dadd_shim
                0x100021a4      0x15c CMakeFiles/projetoFinal.dir/home/matheus-moreira/Documentos/Faculdade/2025.1/Rtos/pico-sdk/src/rp2_common/pico_double/double_v1_rom_shim_rp2040.S.o
                0x100021a4                dadd_shim
 .text.dmul_shim
                0x10002300      0x15c CMakeFiles/projetoFinal.dir/home/matheus-moreira/Documentos/Faculdade/2025.1/Rtos/pico-sdk/src/rp2_common/pico_double/double_v1_rom_shim_rp2040.S.o
                0x10002300                dmul_shim
 .text.ddiv_shim
                0x1000245c      0x1b0 CMakeFiles/projetoFinal.dir/home/matheus-moreira/Documentos/Faculdade/2025.1/Rtos/pico-sdk/src/rp2_common/pico_double/double_v1_rom_shim_rp2040.S.o
                0x1000245c                ddiv_shim
 .text.double2uint_shim
                0x1000260c        0xe CMakeFiles/projetoFinal.dir/home/matheus-moreira/Documentos/Faculdade/2025.1/Rtos/pico-sdk/src/rp2_common/pico_double/double_v1_rom_shim_rp2040.S.o
                0x1000260c                double2uint_shim
                0x1000260e                double2ufix_shim
 *fill*         0x1000261a        0x2 
 .text.double2uint64_shim
                0x1000261c       0x70 CMakeFiles/projetoFinal.dir/home/matheus-moreira/Documentos/Faculdade/2025.1/Rtos/pico-sdk/src/rp2_common/pico_double/double_v1_rom_shim_rp2040.S.o
                0x1000261c                double2uint64_shim
                0x1000261e                double2ufix64_shim
                0x1000263e                d2fix_a
 .text.dunpacks
                0x1000268c       0x3c CMakeFiles/projetoFinal.dir/home/matheus-moreira/Documentos/Faculdade/2025.1/Rtos/pico-sdk/src/rp2_common/pico_double/double_v1_rom_shim_rp2040.S.o
                0x1000268c                dunpacks
 .text.__aeabi_lmul
                0x100026c8       0x32 CMakeFiles/projetoFinal.dir/home/matheus-moreira/Documentos/Faculdade/2025.1/Rtos/pico-sdk/src/rp2_common/pico_int64_ops/pico_int64_ops_aeabi.S.o
                0x100026c8                __wrap___aeabi_lmul
 *fill*         0x100026fa        0x2 
 .text.__wrap___aeabi_farithmetic
                0x100026fc       0x48 CMakeFiles/projetoFinal.dir/home/matheus-moreira/Documentos/Faculdade/2025.1/Rtos/pico-sdk/src/rp2_common/pico_float/float_aeabi_rp2040.S.o
                0x100026fc                __wrap___aeabi_frsub
                0x10002702                __wrap___aeabi_fsub
                0x10002708                __wrap___aeabi_fadd
                0x1000270e                __wrap___aeabi_fdiv
                0x10002736                __wrap___aeabi_fmul
 .text.__wrap___aeabi_cfcmple
                0x10002744       0x50 CMakeFiles/projetoFinal.dir/home/matheus-moreira/Documentos/Faculdade/2025.1/Rtos/pico-sdk/src/rp2_common/pico_float/float_aeabi_rp2040.S.o
                0x10002744                __wrap___aeabi_cfrcmple
                0x10002750                __wrap___aeabi_cfcmpeq
                0x10002750                __wrap___aeabi_cfcmple
 .text.__wrap___aeabi_fcmple
                0x10002794       0x10 CMakeFiles/projetoFinal.dir/home/matheus-moreira/Documentos/Faculdade/2025.1/Rtos/pico-sdk/src/rp2_common/pico_float/float_aeabi_rp2040.S.o
                0x10002794                __wrap___aeabi_fcmple
 .text.__wrap___aeabi_fcmpge
                0x100027a4       0x10 CMakeFiles/projetoFinal.dir/home/matheus-moreira/Documentos/Faculdade/2025.1/Rtos/pico-sdk/src/rp2_common/pico_float/float_aeabi_rp2040.S.o
                0x100027a4                __wrap___aeabi_fcmpge
 .text.__wrap___aeabi_i2f
                0x100027b4       0x44 CMakeFiles/projetoFinal.dir/home/matheus-moreira/Documentos/Faculdade/2025.1/Rtos/pico-sdk/src/rp2_common/pico_float/float_aeabi_rp2040.S.o
                0x100027b4                int2float
                0x100027b4                __wrap___aeabi_i2f
 .text.__wrap___aeabi_f2d
                0x100027f8       0x14 CMakeFiles/projetoFinal.dir/home/matheus-moreira/Documentos/Faculdade/2025.1/Rtos/pico-sdk/src/rp2_common/pico_float/float_aeabi_rp2040.S.o
                0x100027f8                __wrap___aeabi_f2d
 .text.__aeabi_float_init
                0x1000280c       0x64 CMakeFiles/projetoFinal.dir/home/matheus-moreira/Documentos/Faculdade/2025.1/Rtos/pico-sdk/src/rp2_common/pico_float/float_init_rom_rp2040.c.o
                0x1000280c                __aeabi_float_init
 .text.float_table_shim_on_use_helper
                0x10002870       0x2c CMakeFiles/projetoFinal.dir/home/matheus-moreira/Documentos/Faculdade/2025.1/Rtos/pico-sdk/src/rp2_common/pico_float/float_v1_rom_shim_rp2040.S.o
                0x10002870                float_table_shim_on_use_helper
 .text.float2double_shim
                0x1000289c       0x30 CMakeFiles/projetoFinal.dir/home/matheus-moreira/Documentos/Faculdade/2025.1/Rtos/pico-sdk/src/rp2_common/pico_float/float_v1_rom_shim_rp2040.S.o
                0x1000289c                float2double_shim
 .text          0x100028cc       0x10 CMakeFiles/projetoFinal.dir/home/matheus-moreira/Documentos/Faculdade/2025.1/Rtos/pico-sdk/src/rp2_common/pico_mem_ops/mem_ops_aeabi.S.o
                0x100028cc                __aeabi_mem_init
 .text.memset   0x100028dc        0xc CMakeFiles/projetoFinal.dir/home/matheus-moreira/Documentos/Faculdade/2025.1/Rtos/pico-sdk/src/rp2_common/pico_mem_ops/mem_ops_aeabi.S.o
                0x100028dc                __wrap_memset
 .text.memcpy   0x100028e8        0xc CMakeFiles/projetoFinal.dir/home/matheus-moreira/Documentos/Faculdade/2025.1/Rtos/pico-sdk/src/rp2_common/pico_mem_ops/mem_ops_aeabi.S.o
                0x100028e8                __wrap___aeabi_memcpy
                0x100028e8                __wrap_memcpy
 .text._out_null
                0x100028f4        0x4 CMakeFiles/projetoFinal.dir/home/matheus-moreira/Documentos/Faculdade/2025.1/Rtos/pico-sdk/src/rp2_common/pico_printf/printf.c.o
 .text._out_rev
                0x100028f8       0xac CMakeFiles/projetoFinal.dir/home/matheus-moreira/Documentos/Faculdade/2025.1/Rtos/pico-sdk/src/rp2_common/pico_printf/printf.c.o
 .text._ntoa_format
                0x100029a4      0x250 CMakeFiles/projetoFinal.dir/home/matheus-moreira/Documentos/Faculdade/2025.1/Rtos/pico-sdk/src/rp2_common/pico_printf/printf.c.o
 .text._out_char
                0x10002bf4       0x10 CMakeFiles/projetoFinal.dir/home/matheus-moreira/Documentos/Faculdade/2025.1/Rtos/pico-sdk/src/rp2_common/pico_printf/printf.c.o
 .text._out_fct
                0x10002c04       0x10 CMakeFiles/projetoFinal.dir/home/matheus-moreira/Documentos/Faculdade/2025.1/Rtos/pico-sdk/src/rp2_common/pico_printf/printf.c.o
 .text._etoa    0x10002c14      0x464 CMakeFiles/projetoFinal.dir/home/matheus-moreira/Documentos/Faculdade/2025.1/Rtos/pico-sdk/src/rp2_common/pico_printf/printf.c.o
 .text._ftoa    0x10003078      0x3c0 CMakeFiles/projetoFinal.dir/home/matheus-moreira/Documentos/Faculdade/2025.1/Rtos/pico-sdk/src/rp2_common/pico_printf/printf.c.o
 .text._vsnprintf
                0x10003438      0xbc8 CMakeFiles/projetoFinal.dir/home/matheus-moreira/Documentos/Faculdade/2025.1/Rtos/pico-sdk/src/rp2_common/pico_printf/printf.c.o
 .text.vfctprintf
                0x10004000       0x20 CMakeFiles/projetoFinal.dir/home/matheus-moreira/Documentos/Faculdade/2025.1/Rtos/pico-sdk/src/rp2_common/pico_printf/printf.c.o
                0x10004000                vfctprintf
 .text.weak_raw_vprintf
                0x10004020       0x30 CMakeFiles/projetoFinal.dir/home/matheus-moreira/Documentos/Faculdade/2025.1/Rtos/pico-sdk/src/rp2_common/pico_printf/printf.c.o
                0x10004020                weak_raw_vprintf
 .text._exit    0x10004050        0x4 CMakeFiles/projetoFinal.dir/home/matheus-moreira/Documentos/Faculdade/2025.1/Rtos/pico-sdk/src/rp2_common/pico_clib_interface/newlib_interface.c.o
                0x10004050                _exit
 .text.exit     0x10004054        0x8 CMakeFiles/projetoFinal.dir/home/matheus-moreira/Documentos/Faculdade/2025.1/Rtos/pico-sdk/src/rp2_common/pico_clib_interface/newlib_interface.c.o
                0x10004054                exit
 .text.runtime_init
                0x1000405c       0x2c CMakeFiles/projetoFinal.dir/home/matheus-moreira/Documentos/Faculdade/2025.1/Rtos/pico-sdk/src/rp2_common/pico_clib_interface/newlib_interface.c.o
                0x1000405c                runtime_init
 .text.stdio_out_chars_no_crlf
                0x10004088       0x10 CMakeFiles/projetoFinal.dir/home/matheus-moreira/Documentos/Faculdade/2025.1/Rtos/pico-sdk/src/rp2_common/pico_stdio/stdio.c.o
 .text.stdio_out_chars_crlf
                0x10004098       0x94 CMakeFiles/projetoFinal.dir/home/matheus-moreira/Documentos/Faculdade/2025.1/Rtos/pico-sdk/src/rp2_common/pico_stdio/stdio.c.o
 .text.stdio_buffered_printer
                0x1000412c       0x64 CMakeFiles/projetoFinal.dir/home/matheus-moreira/Documentos/Faculdade/2025.1/Rtos/pico-sdk/src/rp2_common/pico_stdio/stdio.c.o
 .text.stdio_put_string
                0x10004190      0x100 CMakeFiles/projetoFinal.dir/home/matheus-moreira/Documentos/Faculdade/2025.1/Rtos/pico-sdk/src/rp2_common/pico_stdio/stdio.c.o
                0x10004190                stdio_put_string
 .text.stdio_set_driver_enabled
                0x10004290       0x30 CMakeFiles/projetoFinal.dir/home/matheus-moreira/Documentos/Faculdade/2025.1/Rtos/pico-sdk/src/rp2_common/pico_stdio/stdio.c.o
                0x10004290                stdio_set_driver_enabled
 .text.stdio_init_all
                0x100042c0        0x8 CMakeFiles/projetoFinal.dir/home/matheus-moreira/Documentos/Faculdade/2025.1/Rtos/pico-sdk/src/rp2_common/pico_stdio/stdio.c.o
                0x100042c0                stdio_init_all
 .text.__wrap_putchar
                0x100042c8       0x98 CMakeFiles/projetoFinal.dir/home/matheus-moreira/Documentos/Faculdade/2025.1/Rtos/pico-sdk/src/rp2_common/pico_stdio/stdio.c.o
                0x100042c8                stdio_putchar
                0x100042c8                __wrap_putchar
 .text.__wrap_puts
                0x10004360       0x3c CMakeFiles/projetoFinal.dir/home/matheus-moreira/Documentos/Faculdade/2025.1/Rtos/pico-sdk/src/rp2_common/pico_stdio/stdio.c.o
                0x10004360                __wrap_puts
                0x10004360                stdio_puts
 .text.__wrap_vprintf
                0x1000439c       0xd4 CMakeFiles/projetoFinal.dir/home/matheus-moreira/Documentos/Faculdade/2025.1/Rtos/pico-sdk/src/rp2_common/pico_stdio/stdio.c.o
                0x1000439c                __wrap_vprintf
                0x1000439c                stdio_vprintf
 .text.__wrap_printf
                0x10004470       0x18 CMakeFiles/projetoFinal.dir/home/matheus-moreira/Documentos/Faculdade/2025.1/Rtos/pico-sdk/src/rp2_common/pico_stdio/stdio.c.o
                0x10004470                stdio_printf
                0x10004470                __wrap_printf
 .text.resetd_init
                0x10004488        0x4 CMakeFiles/projetoFinal.dir/home/matheus-moreira/Documentos/Faculdade/2025.1/Rtos/pico-sdk/src/rp2_common/pico_stdio_usb/reset_interface.c.o
 .text.resetd_reset
                0x1000448c        0xc CMakeFiles/projetoFinal.dir/home/matheus-moreira/Documentos/Faculdade/2025.1/Rtos/pico-sdk/src/rp2_common/pico_stdio_usb/reset_interface.c.o
 .text.resetd_open
                0x10004498       0x28 CMakeFiles/projetoFinal.dir/home/matheus-moreira/Documentos/Faculdade/2025.1/Rtos/pico-sdk/src/rp2_common/pico_stdio_usb/reset_interface.c.o
 .text.resetd_xfer_cb
                0x100044c0        0x4 CMakeFiles/projetoFinal.dir/home/matheus-moreira/Documentos/Faculdade/2025.1/Rtos/pico-sdk/src/rp2_common/pico_stdio_usb/reset_interface.c.o
 .text.resetd_control_xfer_cb
                0x100044c4       0x5c CMakeFiles/projetoFinal.dir/home/matheus-moreira/Documentos/Faculdade/2025.1/Rtos/pico-sdk/src/rp2_common/pico_stdio_usb/reset_interface.c.o
 .text.tud_descriptor_bos_cb
                0x10004520        0x8 CMakeFiles/projetoFinal.dir/home/matheus-moreira/Documentos/Faculdade/2025.1/Rtos/pico-sdk/src/rp2_common/pico_stdio_usb/reset_interface.c.o
                0x10004520                tud_descriptor_bos_cb
 .text.tud_vendor_control_xfer_cb
                0x10004528       0x34 CMakeFiles/projetoFinal.dir/home/matheus-moreira/Documentos/Faculdade/2025.1/Rtos/pico-sdk/src/rp2_common/pico_stdio_usb/reset_interface.c.o
                0x10004528                tud_vendor_control_xfer_cb
 .text.usbd_app_driver_get_cb
                0x1000455c        0xc CMakeFiles/projetoFinal.dir/home/matheus-moreira/Documentos/Faculdade/2025.1/Rtos/pico-sdk/src/rp2_common/pico_stdio_usb/reset_interface.c.o
                0x1000455c                usbd_app_driver_get_cb
 .text.tud_cdc_line_coding_cb
                0x10004568       0x2c CMakeFiles/projetoFinal.dir/home/matheus-moreira/Documentos/Faculdade/2025.1/Rtos/pico-sdk/src/rp2_common/pico_stdio_usb/reset_interface.c.o
                0x10004568                tud_cdc_line_coding_cb
 .text.stdio_usb_set_chars_available_callback
                0x10004594       0x14 CMakeFiles/projetoFinal.dir/home/matheus-moreira/Documentos/Faculdade/2025.1/Rtos/pico-sdk/src/rp2_common/pico_stdio_usb/stdio_usb.c.o
                0x10004594                stdio_usb_set_chars_available_callback
 .text.usb_irq  0x100045a8       0x10 CMakeFiles/projetoFinal.dir/home/matheus-moreira/Documentos/Faculdade/2025.1/Rtos/pico-sdk/src/rp2_common/pico_stdio_usb/stdio_usb.c.o
 .text.timer_task
                0x100045b8       0x64 CMakeFiles/projetoFinal.dir/home/matheus-moreira/Documentos/Faculdade/2025.1/Rtos/pico-sdk/src/rp2_common/pico_stdio_usb/stdio_usb.c.o
 .text.stdio_usb_in_chars
                0x1000461c       0x90 CMakeFiles/projetoFinal.dir/home/matheus-moreira/Documentos/Faculdade/2025.1/Rtos/pico-sdk/src/rp2_common/pico_stdio_usb/stdio_usb.c.o
                0x1000461c                stdio_usb_in_chars
 .text.stdio_usb_out_flush
                0x100046ac       0x50 CMakeFiles/projetoFinal.dir/home/matheus-moreira/Documentos/Faculdade/2025.1/Rtos/pico-sdk/src/rp2_common/pico_stdio_usb/stdio_usb.c.o
 .text.stdio_usb_out_chars
                0x100046fc      0x104 CMakeFiles/projetoFinal.dir/home/matheus-moreira/Documentos/Faculdade/2025.1/Rtos/pico-sdk/src/rp2_common/pico_stdio_usb/stdio_usb.c.o
 .text.low_priority_worker_irq
                0x10004800       0xcc CMakeFiles/projetoFinal.dir/home/matheus-moreira/Documentos/Faculdade/2025.1/Rtos/pico-sdk/src/rp2_common/pico_stdio_usb/stdio_usb.c.o
 .text.stdio_usb_init
                0x100048cc       0xec CMakeFiles/projetoFinal.dir/home/matheus-moreira/Documentos/Faculdade/2025.1/Rtos/pico-sdk/src/rp2_common/pico_stdio_usb/stdio_usb.c.o
                0x100048cc                stdio_usb_init
 .text.tud_descriptor_device_cb
                0x100049b8        0x8 CMakeFiles/projetoFinal.dir/home/matheus-moreira/Documentos/Faculdade/2025.1/Rtos/pico-sdk/src/rp2_common/pico_stdio_usb/stdio_usb_descriptors.c.o
                0x100049b8                tud_descriptor_device_cb
 .text.tud_descriptor_configuration_cb
                0x100049c0        0x8 CMakeFiles/projetoFinal.dir/home/matheus-moreira/Documentos/Faculdade/2025.1/Rtos/pico-sdk/src/rp2_common/pico_stdio_usb/stdio_usb_descriptors.c.o
                0x100049c0                tud_descriptor_configuration_cb
 .text.tud_descriptor_string_cb
                0x100049c8       0x78 CMakeFiles/projetoFinal.dir/home/matheus-moreira/Documentos/Faculdade/2025.1/Rtos/pico-sdk/src/rp2_common/pico_stdio_usb/stdio_usb_descriptors.c.o
                0x100049c8                tud_descriptor_string_cb
 .text.startup._retrieve_unique_id_on_boot
                0x10004a40       0x10 CMakeFiles/projetoFinal.dir/home/matheus-moreira/Documentos/Faculdade/2025.1/Rtos/pico-sdk/src/rp2_common/pico_unique_id/unique_id.c.o
 .text.pico_get_unique_board_id_string
                0x10004a50      0x1a8 CMakeFiles/projetoFinal.dir/home/matheus-moreira/Documentos/Faculdade/2025.1/Rtos/pico-sdk/src/rp2_common/pico_unique_id/unique_id.c.o
                0x10004a50                pico_get_unique_board_id_string
 .text.flash_get_unique_id
                0x10004bf8       0x3c CMakeFiles/projetoFinal.dir/home/matheus-moreira/Documentos/Faculdade/2025.1/Rtos/pico-sdk/src/rp2_common/hardware_flash/flash.c.o
                0x10004bf8                flash_get_unique_id
 .text.dcd_init
                0x10004c34       0x90 CMakeFiles/projetoFinal.dir/home/matheus-moreira/Documentos/Faculdade/2025.1/Rtos/pico-sdk/lib/tinyusb/src/portable/raspberrypi/rp2040/dcd_rp2040.c.o
                0x10004c34                dcd_init
 .text.dcd_int_enable
                0x10004cc4        0xc CMakeFiles/projetoFinal.dir/home/matheus-moreira/Documentos/Faculdade/2025.1/Rtos/pico-sdk/lib/tinyusb/src/portable/raspberrypi/rp2040/dcd_rp2040.c.o
                0x10004cc4                dcd_int_enable
 .text.dcd_set_address
                0x10004cd0       0x14 CMakeFiles/projetoFinal.dir/home/matheus-moreira/Documentos/Faculdade/2025.1/Rtos/pico-sdk/lib/tinyusb/src/portable/raspberrypi/rp2040/dcd_rp2040.c.o
                0x10004cd0                dcd_set_address
 .text.dcd_sof_enable
                0x10004ce4       0x1c CMakeFiles/projetoFinal.dir/home/matheus-moreira/Documentos/Faculdade/2025.1/Rtos/pico-sdk/lib/tinyusb/src/portable/raspberrypi/rp2040/dcd_rp2040.c.o
                0x10004ce4                dcd_sof_enable
 .text.dcd_edpt0_status_complete
                0x10004d00       0x1c CMakeFiles/projetoFinal.dir/home/matheus-moreira/Documentos/Faculdade/2025.1/Rtos/pico-sdk/lib/tinyusb/src/portable/raspberrypi/rp2040/dcd_rp2040.c.o
                0x10004d00                dcd_edpt0_status_complete
 .text.dcd_edpt_open
                0x10004d1c      0x114 CMakeFiles/projetoFinal.dir/home/matheus-moreira/Documentos/Faculdade/2025.1/Rtos/pico-sdk/lib/tinyusb/src/portable/raspberrypi/rp2040/dcd_rp2040.c.o
                0x10004d1c                dcd_edpt_open
 .text.dcd_edpt_close_all
                0x10004e30        0x8 CMakeFiles/projetoFinal.dir/home/matheus-moreira/Documentos/Faculdade/2025.1/Rtos/pico-sdk/lib/tinyusb/src/portable/raspberrypi/rp2040/dcd_rp2040.c.o
                0x10004e30                dcd_edpt_close_all
 .text.dcd_edpt_xfer
                0x10004e38       0x24 CMakeFiles/projetoFinal.dir/home/matheus-moreira/Documentos/Faculdade/2025.1/Rtos/pico-sdk/lib/tinyusb/src/portable/raspberrypi/rp2040/dcd_rp2040.c.o
                0x10004e38                dcd_edpt_xfer
 .text.dcd_edpt_stall
                0x10004e5c       0x34 CMakeFiles/projetoFinal.dir/home/matheus-moreira/Documentos/Faculdade/2025.1/Rtos/pico-sdk/lib/tinyusb/src/portable/raspberrypi/rp2040/dcd_rp2040.c.o
                0x10004e5c                dcd_edpt_stall
 .text.dcd_edpt_clear_stall
                0x10004e90       0x30 CMakeFiles/projetoFinal.dir/home/matheus-moreira/Documentos/Faculdade/2025.1/Rtos/pico-sdk/lib/tinyusb/src/portable/raspberrypi/rp2040/dcd_rp2040.c.o
                0x10004e90                dcd_edpt_clear_stall
 .text.rp2040_usb_init
                0x10004ec0       0x40 CMakeFiles/projetoFinal.dir/home/matheus-moreira/Documentos/Faculdade/2025.1/Rtos/pico-sdk/lib/tinyusb/src/portable/raspberrypi/rp2040/rp2040_usb.c.o
                0x10004ec0                rp2040_usb_init
 .text.hw_endpoint_xfer_start
                0x10004f00       0x40 CMakeFiles/projetoFinal.dir/home/matheus-moreira/Documentos/Faculdade/2025.1/Rtos/pico-sdk/lib/tinyusb/src/portable/raspberrypi/rp2040/rp2040_usb.c.o
                0x10004f00                hw_endpoint_xfer_start
 .text.tud_event_hook_cb
                0x10004f40        0x4 CMakeFiles/projetoFinal.dir/home/matheus-moreira/Documentos/Faculdade/2025.1/Rtos/pico-sdk/lib/tinyusb/src/device/usbd.c.o
                0x10004f40                tud_event_hook_cb
 .text.tud_sof_cb
                0x10004f44        0x4 CMakeFiles/projetoFinal.dir/home/matheus-moreira/Documentos/Faculdade/2025.1/Rtos/pico-sdk/lib/tinyusb/src/device/usbd.c.o
                0x10004f44                tud_sof_cb
 .text.tud_descriptor_device_qualifier_cb
                0x10004f48        0x4 CMakeFiles/projetoFinal.dir/home/matheus-moreira/Documentos/Faculdade/2025.1/Rtos/pico-sdk/lib/tinyusb/src/device/usbd.c.o
                0x10004f48                tud_descriptor_device_qualifier_cb
 .text.tud_descriptor_other_speed_configuration_cb
                0x10004f4c        0x4 CMakeFiles/projetoFinal.dir/home/matheus-moreira/Documentos/Faculdade/2025.1/Rtos/pico-sdk/lib/tinyusb/src/device/usbd.c.o
                0x10004f4c                tud_descriptor_other_speed_configuration_cb
 .text.tud_mount_cb
                0x10004f50        0x4 CMakeFiles/projetoFinal.dir/home/matheus-moreira/Documentos/Faculdade/2025.1/Rtos/pico-sdk/lib/tinyusb/src/device/usbd.c.o
                0x10004f50                tud_mount_cb
 .text.tud_umount_cb
                0x10004f54        0x4 CMakeFiles/projetoFinal.dir/home/matheus-moreira/Documentos/Faculdade/2025.1/Rtos/pico-sdk/lib/tinyusb/src/device/usbd.c.o
                0x10004f54                tud_umount_cb
 .text.tud_suspend_cb
                0x10004f58        0x4 CMakeFiles/projetoFinal.dir/home/matheus-moreira/Documentos/Faculdade/2025.1/Rtos/pico-sdk/lib/tinyusb/src/device/usbd.c.o
                0x10004f58                tud_suspend_cb
 .text.tud_resume_cb
                0x10004f5c        0x4 CMakeFiles/projetoFinal.dir/home/matheus-moreira/Documentos/Faculdade/2025.1/Rtos/pico-sdk/lib/tinyusb/src/device/usbd.c.o
                0x10004f5c                tud_resume_cb
 .text.tud_mounted
                0x10004f60       0x10 CMakeFiles/projetoFinal.dir/home/matheus-moreira/Documentos/Faculdade/2025.1/Rtos/pico-sdk/lib/tinyusb/src/device/usbd.c.o
                0x10004f60                tud_mounted
 .text.tud_suspended
                0x10004f70       0x10 CMakeFiles/projetoFinal.dir/home/matheus-moreira/Documentos/Faculdade/2025.1/Rtos/pico-sdk/lib/tinyusb/src/device/usbd.c.o
                0x10004f70                tud_suspended
 .text.tud_rhport_init
                0x10004f80       0xfc CMakeFiles/projetoFinal.dir/home/matheus-moreira/Documentos/Faculdade/2025.1/Rtos/pico-sdk/lib/tinyusb/src/device/usbd.c.o
                0x10004f80                tud_rhport_init
 .text.tud_task_ext
                0x1000507c      0x800 CMakeFiles/projetoFinal.dir/home/matheus-moreira/Documentos/Faculdade/2025.1/Rtos/pico-sdk/lib/tinyusb/src/device/usbd.c.o
                0x1000507c                tud_task_ext
 .text.usbd_open_edpt_pair
                0x1000587c       0xa0 CMakeFiles/projetoFinal.dir/home/matheus-moreira/Documentos/Faculdade/2025.1/Rtos/pico-sdk/lib/tinyusb/src/device/usbd.c.o
                0x1000587c                usbd_open_edpt_pair
 .text.usbd_edpt_open
                0x1000591c       0x38 CMakeFiles/projetoFinal.dir/home/matheus-moreira/Documentos/Faculdade/2025.1/Rtos/pico-sdk/lib/tinyusb/src/device/usbd.c.o
                0x1000591c                usbd_edpt_open
 .text.usbd_edpt_claim
                0x10005954       0x28 CMakeFiles/projetoFinal.dir/home/matheus-moreira/Documentos/Faculdade/2025.1/Rtos/pico-sdk/lib/tinyusb/src/device/usbd.c.o
                0x10005954                usbd_edpt_claim
 .text.usbd_edpt_release
                0x1000597c       0x28 CMakeFiles/projetoFinal.dir/home/matheus-moreira/Documentos/Faculdade/2025.1/Rtos/pico-sdk/lib/tinyusb/src/device/usbd.c.o
                0x1000597c                usbd_edpt_release
 .text.usbd_edpt_xfer
                0x100059a4       0x4c CMakeFiles/projetoFinal.dir/home/matheus-moreira/Documentos/Faculdade/2025.1/Rtos/pico-sdk/lib/tinyusb/src/device/usbd.c.o
                0x100059a4                usbd_edpt_xfer
 .text.tud_control_status
                0x100059f0       0x2c CMakeFiles/projetoFinal.dir/home/matheus-moreira/Documentos/Faculdade/2025.1/Rtos/pico-sdk/lib/tinyusb/src/device/usbd_control.c.o
                0x100059f0                tud_control_status
 .text.tud_control_xfer
                0x10005a1c       0xac CMakeFiles/projetoFinal.dir/home/matheus-moreira/Documentos/Faculdade/2025.1/Rtos/pico-sdk/lib/tinyusb/src/device/usbd_control.c.o
                0x10005a1c                tud_control_xfer
 .text.usbd_control_reset
                0x10005ac8       0x14 CMakeFiles/projetoFinal.dir/home/matheus-moreira/Documentos/Faculdade/2025.1/Rtos/pico-sdk/lib/tinyusb/src/device/usbd_control.c.o
                0x10005ac8                usbd_control_reset
 .text.usbd_control_set_complete_callback
                0x10005adc        0xc CMakeFiles/projetoFinal.dir/home/matheus-moreira/Documentos/Faculdade/2025.1/Rtos/pico-sdk/lib/tinyusb/src/device/usbd_control.c.o
                0x10005adc                usbd_control_set_complete_callback
 .text.usbd_control_set_request
                0x10005ae8       0x1c CMakeFiles/projetoFinal.dir/home/matheus-moreira/Documentos/Faculdade/2025.1/Rtos/pico-sdk/lib/tinyusb/src/device/usbd_control.c.o
                0x10005ae8                usbd_control_set_request
 .text.usbd_control_xfer_cb
                0x10005b04       0xec CMakeFiles/projetoFinal.dir/home/matheus-moreira/Documentos/Faculdade/2025.1/Rtos/pico-sdk/lib/tinyusb/src/device/usbd_control.c.o
                0x10005b04                usbd_control_xfer_cb
 .text._prep_out_transaction.isra.0
                0x10005bf0       0x6c CMakeFiles/projetoFinal.dir/home/matheus-moreira/Documentos/Faculdade/2025.1/Rtos/pico-sdk/lib/tinyusb/src/class/cdc/cdc_device.c.o
 .text.tud_cdc_n_connected
                0x10005c5c       0x2c CMakeFiles/projetoFinal.dir/home/matheus-moreira/Documentos/Faculdade/2025.1/Rtos/pico-sdk/lib/tinyusb/src/class/cdc/cdc_device.c.o
                0x10005c5c                tud_cdc_n_connected
 .text.tud_cdc_n_available
                0x10005c88       0x14 CMakeFiles/projetoFinal.dir/home/matheus-moreira/Documentos/Faculdade/2025.1/Rtos/pico-sdk/lib/tinyusb/src/class/cdc/cdc_device.c.o
                0x10005c88                tud_cdc_n_available
 .text.tud_cdc_n_read
                0x10005c9c       0x94 CMakeFiles/projetoFinal.dir/home/matheus-moreira/Documentos/Faculdade/2025.1/Rtos/pico-sdk/lib/tinyusb/src/class/cdc/cdc_device.c.o
                0x10005c9c                tud_cdc_n_read
 .text.tud_cdc_n_write_flush
                0x10005d30       0x74 CMakeFiles/projetoFinal.dir/home/matheus-moreira/Documentos/Faculdade/2025.1/Rtos/pico-sdk/lib/tinyusb/src/class/cdc/cdc_device.c.o
                0x10005d30                tud_cdc_n_write_flush
 .text.tud_cdc_n_write
                0x10005da4       0x40 CMakeFiles/projetoFinal.dir/home/matheus-moreira/Documentos/Faculdade/2025.1/Rtos/pico-sdk/lib/tinyusb/src/class/cdc/cdc_device.c.o
                0x10005da4                tud_cdc_n_write
 .text.tud_cdc_n_write_available
                0x10005de4       0x14 CMakeFiles/projetoFinal.dir/home/matheus-moreira/Documentos/Faculdade/2025.1/Rtos/pico-sdk/lib/tinyusb/src/class/cdc/cdc_device.c.o
                0x10005de4                tud_cdc_n_write_available
 .text.cdcd_init
                0x10005df8       0x74 CMakeFiles/projetoFinal.dir/home/matheus-moreira/Documentos/Faculdade/2025.1/Rtos/pico-sdk/lib/tinyusb/src/class/cdc/cdc_device.c.o
                0x10005df8                cdcd_init
 .text.cdcd_deinit
                0x10005e6c       0x34 CMakeFiles/projetoFinal.dir/home/matheus-moreira/Documentos/Faculdade/2025.1/Rtos/pico-sdk/lib/tinyusb/src/class/cdc/cdc_device.c.o
                0x10005e6c                cdcd_deinit
 .text.cdcd_reset
                0x10005ea0       0x50 CMakeFiles/projetoFinal.dir/home/matheus-moreira/Documentos/Faculdade/2025.1/Rtos/pico-sdk/lib/tinyusb/src/class/cdc/cdc_device.c.o
                0x10005ea0                cdcd_reset
 .text.cdcd_open
                0x10005ef0       0xa8 CMakeFiles/projetoFinal.dir/home/matheus-moreira/Documentos/Faculdade/2025.1/Rtos/pico-sdk/lib/tinyusb/src/class/cdc/cdc_device.c.o
                0x10005ef0                cdcd_open
 .text.cdcd_control_xfer_cb
                0x10005f98      0x100 CMakeFiles/projetoFinal.dir/home/matheus-moreira/Documentos/Faculdade/2025.1/Rtos/pico-sdk/lib/tinyusb/src/class/cdc/cdc_device.c.o
                0x10005f98                cdcd_control_xfer_cb
 .text.cdcd_xfer_cb
                0x10006098      0x100 CMakeFiles/projetoFinal.dir/home/matheus-moreira/Documentos/Faculdade/2025.1/Rtos/pico-sdk/lib/tinyusb/src/class/cdc/cdc_device.c.o
                0x10006098                cdcd_xfer_cb
 .text.vendord_init
                0x10006198       0x5c CMakeFiles/projetoFinal.dir/home/matheus-moreira/Documentos/Faculdade/2025.1/Rtos/pico-sdk/lib/tinyusb/src/class/vendor/vendor_device.c.o
                0x10006198                vendord_init
 .text.vendord_deinit
                0x100061f4       0x1c CMakeFiles/projetoFinal.dir/home/matheus-moreira/Documentos/Faculdade/2025.1/Rtos/pico-sdk/lib/tinyusb/src/class/vendor/vendor_device.c.o
                0x100061f4                vendord_deinit
 .text.vendord_reset
                0x10006210       0x28 CMakeFiles/projetoFinal.dir/home/matheus-moreira/Documentos/Faculdade/2025.1/Rtos/pico-sdk/lib/tinyusb/src/class/vendor/vendor_device.c.o
                0x10006210                vendord_reset
 .text.vendord_open
                0x10006238      0x110 CMakeFiles/projetoFinal.dir/home/matheus-moreira/Documentos/Faculdade/2025.1/Rtos/pico-sdk/lib/tinyusb/src/class/vendor/vendor_device.c.o
                0x10006238                vendord_open
 .text.vendord_xfer_cb
                0x10006348       0x9c CMakeFiles/projetoFinal.dir/home/matheus-moreira/Documentos/Faculdade/2025.1/Rtos/pico-sdk/lib/tinyusb/src/class/vendor/vendor_device.c.o
                0x10006348                vendord_xfer_cb
 .text.tusb_rhport_init
                0x100063e4       0x48 CMakeFiles/projetoFinal.dir/home/matheus-moreira/Documentos/Faculdade/2025.1/Rtos/pico-sdk/lib/tinyusb/src/tusb.c.o
                0x100063e4                tusb_rhport_init
 .text.tu_edpt_claim
                0x1000642c       0x50 CMakeFiles/projetoFinal.dir/home/matheus-moreira/Documentos/Faculdade/2025.1/Rtos/pico-sdk/lib/tinyusb/src/tusb.c.o
                0x1000642c                tu_edpt_claim
 .text.tu_edpt_release
                0x1000647c       0x38 CMakeFiles/projetoFinal.dir/home/matheus-moreira/Documentos/Faculdade/2025.1/Rtos/pico-sdk/lib/tinyusb/src/tusb.c.o
                0x1000647c                tu_edpt_release
 .text.tu_edpt_validate
                0x100064b4       0xb8 CMakeFiles/projetoFinal.dir/home/matheus-moreira/Documentos/Faculdade/2025.1/Rtos/pico-sdk/lib/tinyusb/src/tusb.c.o
                0x100064b4                tu_edpt_validate
 .text.tu_edpt_bind_driver
                0x1000656c       0x34 CMakeFiles/projetoFinal.dir/home/matheus-moreira/Documentos/Faculdade/2025.1/Rtos/pico-sdk/lib/tinyusb/src/tusb.c.o
                0x1000656c                tu_edpt_bind_driver
 .text.tu_edpt_stream_init
                0x100065a0       0x6c CMakeFiles/projetoFinal.dir/home/matheus-moreira/Documentos/Faculdade/2025.1/Rtos/pico-sdk/lib/tinyusb/src/tusb.c.o
                0x100065a0                tu_edpt_stream_init
 .text.tu_edpt_stream_deinit
                0x1000660c        0x4 CMakeFiles/projetoFinal.dir/home/matheus-moreira/Documentos/Faculdade/2025.1/Rtos/pico-sdk/lib/tinyusb/src/tusb.c.o
                0x1000660c                tu_edpt_stream_deinit
 .text.tu_edpt_stream_write_zlp_if_needed
                0x10006610       0x68 CMakeFiles/projetoFinal.dir/home/matheus-moreira/Documentos/Faculdade/2025.1/Rtos/pico-sdk/lib/tinyusb/src/tusb.c.o
                0x10006610                tu_edpt_stream_write_zlp_if_needed
 .text.tu_edpt_stream_write_xfer
                0x10006678       0x64 CMakeFiles/projetoFinal.dir/home/matheus-moreira/Documentos/Faculdade/2025.1/Rtos/pico-sdk/lib/tinyusb/src/tusb.c.o
                0x10006678                tu_edpt_stream_write_xfer
 .text.tu_edpt_stream_read_xfer
                0x100066dc       0xdc CMakeFiles/projetoFinal.dir/home/matheus-moreira/Documentos/Faculdade/2025.1/Rtos/pico-sdk/lib/tinyusb/src/tusb.c.o
                0x100066dc                tu_edpt_stream_read_xfer
 .text.tu_fifo_config
                0x100067b8       0x6c CMakeFiles/projetoFinal.dir/home/matheus-moreira/Documentos/Faculdade/2025.1/Rtos/pico-sdk/lib/tinyusb/src/common/tusb_fifo.c.o
                0x100067b8                tu_fifo_config
 .text.tu_fifo_count
                0x10006824       0x2c CMakeFiles/projetoFinal.dir/home/matheus-moreira/Documentos/Faculdade/2025.1/Rtos/pico-sdk/lib/tinyusb/src/common/tusb_fifo.c.o
                0x10006824                tu_fifo_count
 .text.tu_fifo_empty
                0x10006850       0x10 CMakeFiles/projetoFinal.dir/home/matheus-moreira/Documentos/Faculdade/2025.1/Rtos/pico-sdk/lib/tinyusb/src/common/tusb_fifo.c.o
                0x10006850                tu_fifo_empty
 .text.tu_fifo_remaining
                0x10006860       0x2c CMakeFiles/projetoFinal.dir/home/matheus-moreira/Documentos/Faculdade/2025.1/Rtos/pico-sdk/lib/tinyusb/src/common/tusb_fifo.c.o
                0x10006860                tu_fifo_remaining
 .text.tu_fifo_read
                0x1000688c       0x9c CMakeFiles/projetoFinal.dir/home/matheus-moreira/Documentos/Faculdade/2025.1/Rtos/pico-sdk/lib/tinyusb/src/common/tusb_fifo.c.o
                0x1000688c                tu_fifo_read
 .text.tu_fifo_read_n
                0x10006928       0xe8 CMakeFiles/projetoFinal.dir/home/matheus-moreira/Documentos/Faculdade/2025.1/Rtos/pico-sdk/lib/tinyusb/src/common/tusb_fifo.c.o
                0x10006928                tu_fifo_read_n
 .text.tu_fifo_write
                0x10006a10       0xa8 CMakeFiles/projetoFinal.dir/home/matheus-moreira/Documentos/Faculdade/2025.1/Rtos/pico-sdk/lib/tinyusb/src/common/tusb_fifo.c.o
                0x10006a10                tu_fifo_write
 .text.tu_fifo_write_n
                0x10006ab8      0x178 CMakeFiles/projetoFinal.dir/home/matheus-moreira/Documentos/Faculdade/2025.1/Rtos/pico-sdk/lib/tinyusb/src/common/tusb_fifo.c.o
                0x10006ab8                tu_fifo_write_n
 .text.tu_fifo_clear
                0x10006c30       0x40 CMakeFiles/projetoFinal.dir/home/matheus-moreira/Documentos/Faculdade/2025.1/Rtos/pico-sdk/lib/tinyusb/src/common/tusb_fifo.c.o
                0x10006c30                tu_fifo_clear
 .text.tu_fifo_set_overwritable
                0x10006c70       0x50 CMakeFiles/projetoFinal.dir/home/matheus-moreira/Documentos/Faculdade/2025.1/Rtos/pico-sdk/lib/tinyusb/src/common/tusb_fifo.c.o
                0x10006c70                tu_fifo_set_overwritable
 .text.pvPortMalloc
                0x10006cc0      0x124 CMakeFiles/projetoFinal.dir/lib/FreeRTOS-Kernel/portable/MemMang/heap_4.c.o
                0x10006cc0                pvPortMalloc
 .text.vPortFree
                0x10006de4       0x98 CMakeFiles/projetoFinal.dir/lib/FreeRTOS-Kernel/portable/MemMang/heap_4.c.o
                0x10006de4                vPortFree
 *fill*         0x10006e7c        0x4 
 .text.vPortStartFirstTask
                0x10006e80       0x34 CMakeFiles/projetoFinal.dir/lib/FreeRTOS-Kernel/portable/ThirdParty/GCC/RP2040/port.c.o
 *fill*         0x10006eb4        0xc 
 .text.xPortPendSVHandler
                0x10006ec0       0x64 CMakeFiles/projetoFinal.dir/lib/FreeRTOS-Kernel/portable/ThirdParty/GCC/RP2040/port.c.o
                0x10006ec0                xPortPendSVHandler
 .text.prvTaskExitError
                0x10006f24        0x8 CMakeFiles/projetoFinal.dir/lib/FreeRTOS-Kernel/portable/ThirdParty/GCC/RP2040/port.c.o
 .text.prvFIFOInterruptHandler
                0x10006f2c       0x80 CMakeFiles/projetoFinal.dir/lib/FreeRTOS-Kernel/portable/ThirdParty/GCC/RP2040/port.c.o
 .text.vPortSVCHandler
                0x10006fac        0x4 CMakeFiles/projetoFinal.dir/lib/FreeRTOS-Kernel/portable/ThirdParty/GCC/RP2040/port.c.o
                0x10006fac                vPortSVCHandler
 .text.pxPortInitialiseStack
                0x10006fb0       0x20 CMakeFiles/projetoFinal.dir/lib/FreeRTOS-Kernel/portable/ThirdParty/GCC/RP2040/port.c.o
                0x10006fb0                pxPortInitialiseStack
 .text.vPortYield
                0x10006fd0       0x18 CMakeFiles/projetoFinal.dir/lib/FreeRTOS-Kernel/portable/ThirdParty/GCC/RP2040/port.c.o
                0x10006fd0                vPortYield
 .text.vPortEnterCritical
                0x10006fe8       0x18 CMakeFiles/projetoFinal.dir/lib/FreeRTOS-Kernel/portable/ThirdParty/GCC/RP2040/port.c.o
                0x10006fe8                vPortEnterCritical
 .text.vPortExitCritical
                0x10007000       0x14 CMakeFiles/projetoFinal.dir/lib/FreeRTOS-Kernel/portable/ThirdParty/GCC/RP2040/port.c.o
                0x10007000                vPortExitCritical
 .text.ulSetInterruptMaskFromISR
                0x10007014        0x8 CMakeFiles/projetoFinal.dir/lib/FreeRTOS-Kernel/portable/ThirdParty/GCC/RP2040/port.c.o
                0x10007014                ulSetInterruptMaskFromISR
 .text.vClearInterruptMaskFromISR
                0x1000701c        0x8 CMakeFiles/projetoFinal.dir/lib/FreeRTOS-Kernel/portable/ThirdParty/GCC/RP2040/port.c.o
                0x1000701c                vClearInterruptMaskFromISR
 .text.xPortSysTickHandler
                0x10007024       0x24 CMakeFiles/projetoFinal.dir/lib/FreeRTOS-Kernel/portable/ThirdParty/GCC/RP2040/port.c.o
                0x10007024                xPortSysTickHandler
 .text.vPortSetupTimerInterrupt
                0x10007048       0x34 CMakeFiles/projetoFinal.dir/lib/FreeRTOS-Kernel/portable/ThirdParty/GCC/RP2040/port.c.o
                0x10007048                vPortSetupTimerInterrupt
 .text.xPortStartScheduler
                0x1000707c       0x9c CMakeFiles/projetoFinal.dir/lib/FreeRTOS-Kernel/portable/ThirdParty/GCC/RP2040/port.c.o
                0x1000707c                xPortStartScheduler
 .text.ulPortLockGetCurrentOwnerId
                0x10007118       0x2c CMakeFiles/projetoFinal.dir/lib/FreeRTOS-Kernel/portable/ThirdParty/GCC/RP2040/port.c.o
                0x10007118                ulPortLockGetCurrentOwnerId
 .text.vPortLockInternalSpinUnlockWithWait
                0x10007144       0x68 CMakeFiles/projetoFinal.dir/lib/FreeRTOS-Kernel/portable/ThirdParty/GCC/RP2040/port.c.o
                0x10007144                vPortLockInternalSpinUnlockWithWait
 .text.vPortLockInternalSpinUnlockWithNotify
                0x100071ac       0xd4 CMakeFiles/projetoFinal.dir/lib/FreeRTOS-Kernel/portable/ThirdParty/GCC/RP2040/port.c.o
                0x100071ac                vPortLockInternalSpinUnlockWithNotify
 .text.xPortLockInternalSpinUnlockWithBestEffortWaitOrTimeout
                0x10007280       0xfc CMakeFiles/projetoFinal.dir/lib/FreeRTOS-Kernel/portable/ThirdParty/GCC/RP2040/port.c.o
                0x10007280                xPortLockInternalSpinUnlockWithBestEffortWaitOrTimeout
 .text.startup.prvRuntimeInitializer
                0x1000737c       0x28 CMakeFiles/projetoFinal.dir/lib/FreeRTOS-Kernel/portable/ThirdParty/GCC/RP2040/port.c.o
 .text.xEventGroupCreate
                0x100073a4       0x18 CMakeFiles/projetoFinal.dir/lib/FreeRTOS-Kernel/event_groups.c.o
                0x100073a4                xEventGroupCreate
 .text.xEventGroupWaitBits
                0x100073bc       0xb8 CMakeFiles/projetoFinal.dir/lib/FreeRTOS-Kernel/event_groups.c.o
                0x100073bc                xEventGroupWaitBits
 .text.xEventGroupSetBits
                0x10007474       0x9c CMakeFiles/projetoFinal.dir/lib/FreeRTOS-Kernel/event_groups.c.o
                0x10007474                xEventGroupSetBits
 .text.vEventGroupSetBitsCallback
                0x10007510       0x90 CMakeFiles/projetoFinal.dir/lib/FreeRTOS-Kernel/event_groups.c.o
                0x10007510                vEventGroupSetBitsCallback
 .text.vListInitialise
                0x100075a0       0x18 CMakeFiles/projetoFinal.dir/lib/FreeRTOS-Kernel/list.c.o
                0x100075a0                vListInitialise
 .text.vListInitialiseItem
                0x100075b8        0x8 CMakeFiles/projetoFinal.dir/lib/FreeRTOS-Kernel/list.c.o
                0x100075b8                vListInitialiseItem
 .text.vListInsert
                0x100075c0       0x30 CMakeFiles/projetoFinal.dir/lib/FreeRTOS-Kernel/list.c.o
                0x100075c0                vListInsert
 .text.uxListRemove
                0x100075f0       0x20 CMakeFiles/projetoFinal.dir/lib/FreeRTOS-Kernel/list.c.o
                0x100075f0                uxListRemove
 .text.prvUnlockQueue
                0x10007610      0x180 CMakeFiles/projetoFinal.dir/lib/FreeRTOS-Kernel/queue.c.o
 .text.prvNotifyQueueSetContainer
                0x10007790       0x90 CMakeFiles/projetoFinal.dir/lib/FreeRTOS-Kernel/queue.c.o
 .text.xQueueGenericCreate
                0x10007820       0x9c CMakeFiles/projetoFinal.dir/lib/FreeRTOS-Kernel/queue.c.o
                0x10007820                xQueueGenericCreate
 .text.xQueueGenericSendFromISR
                0x100078bc      0x134 CMakeFiles/projetoFinal.dir/lib/FreeRTOS-Kernel/queue.c.o
                0x100078bc                xQueueGenericSendFromISR
 .text.xQueueReceive
                0x100079f0      0x11c CMakeFiles/projetoFinal.dir/lib/FreeRTOS-Kernel/queue.c.o
                0x100079f0                xQueueReceive
 .text.vQueueAddToRegistry
                0x10007b0c      0x118 CMakeFiles/projetoFinal.dir/lib/FreeRTOS-Kernel/queue.c.o
                0x10007b0c                vQueueAddToRegistry
 .text.vQueueWaitForMessageRestricted
                0x10007c24       0x48 CMakeFiles/projetoFinal.dir/lib/FreeRTOS-Kernel/queue.c.o
                0x10007c24                vQueueWaitForMessageRestricted
 .text.prvAddNewTaskToReadyList
                0x10007c6c      0x120 CMakeFiles/projetoFinal.dir/lib/FreeRTOS-Kernel/tasks.c.o
 .text.prvCreateTask
                0x10007d8c      0x130 CMakeFiles/projetoFinal.dir/lib/FreeRTOS-Kernel/tasks.c.o
 .text.prvIdleTask
                0x10007ebc       0x60 CMakeFiles/projetoFinal.dir/lib/FreeRTOS-Kernel/tasks.c.o
 .text.xTaskIncrementTick.part.0
                0x10007f1c      0x190 CMakeFiles/projetoFinal.dir/lib/FreeRTOS-Kernel/tasks.c.o
 .text.xTaskCreate
                0x100080ac       0x24 CMakeFiles/projetoFinal.dir/lib/FreeRTOS-Kernel/tasks.c.o
                0x100080ac                xTaskCreate
 .text.vTaskStartScheduler
                0x100080d0       0x74 CMakeFiles/projetoFinal.dir/lib/FreeRTOS-Kernel/tasks.c.o
                0x100080d0                vTaskStartScheduler
 .text.vTaskSuspendAll
                0x10008144       0x10 CMakeFiles/projetoFinal.dir/lib/FreeRTOS-Kernel/tasks.c.o
                0x10008144                vTaskSuspendAll
 .text.xTaskResumeAll
                0x10008154      0x188 CMakeFiles/projetoFinal.dir/lib/FreeRTOS-Kernel/tasks.c.o
                0x10008154                xTaskResumeAll
 .text.vTaskDelay
                0x100082dc       0x84 CMakeFiles/projetoFinal.dir/lib/FreeRTOS-Kernel/tasks.c.o
                0x100082dc                vTaskDelay
 .text.xTaskGetTickCount
                0x10008360        0xc CMakeFiles/projetoFinal.dir/lib/FreeRTOS-Kernel/tasks.c.o
                0x10008360                xTaskGetTickCount
 .text.uxTaskGetNumberOfTasks
                0x1000836c        0xc CMakeFiles/projetoFinal.dir/lib/FreeRTOS-Kernel/tasks.c.o
                0x1000836c                uxTaskGetNumberOfTasks
 .text.xTaskIncrementTick
                0x10008378       0x24 CMakeFiles/projetoFinal.dir/lib/FreeRTOS-Kernel/tasks.c.o
                0x10008378                xTaskIncrementTick
 .text.vTaskSwitchContext
                0x1000839c       0x7c CMakeFiles/projetoFinal.dir/lib/FreeRTOS-Kernel/tasks.c.o
                0x1000839c                vTaskSwitchContext
 .text.vTaskPlaceOnEventList
                0x10008418       0xa0 CMakeFiles/projetoFinal.dir/lib/FreeRTOS-Kernel/tasks.c.o
                0x10008418                vTaskPlaceOnEventList
 .text.vTaskPlaceOnUnorderedEventList
                0x100084b8       0xc4 CMakeFiles/projetoFinal.dir/lib/FreeRTOS-Kernel/tasks.c.o
                0x100084b8                vTaskPlaceOnUnorderedEventList
 .text.vTaskPlaceOnEventListRestricted
                0x1000857c       0xf4 CMakeFiles/projetoFinal.dir/lib/FreeRTOS-Kernel/tasks.c.o
                0x1000857c                vTaskPlaceOnEventListRestricted
 .text.xTaskRemoveFromEventList
                0x10008670       0xcc CMakeFiles/projetoFinal.dir/lib/FreeRTOS-Kernel/tasks.c.o
                0x10008670                xTaskRemoveFromEventList
 .text.vTaskRemoveFromUnorderedEventList
                0x1000873c       0x94 CMakeFiles/projetoFinal.dir/lib/FreeRTOS-Kernel/tasks.c.o
                0x1000873c                vTaskRemoveFromUnorderedEventList
 .text.vTaskInternalSetTimeOutState
                0x100087d0       0x18 CMakeFiles/projetoFinal.dir/lib/FreeRTOS-Kernel/tasks.c.o
                0x100087d0                vTaskInternalSetTimeOutState
 .text.xTaskCheckForTimeOut
                0x100087e8       0x74 CMakeFiles/projetoFinal.dir/lib/FreeRTOS-Kernel/tasks.c.o
                0x100087e8                xTaskCheckForTimeOut
 .text.vTaskMissedYield
                0x1000885c        0xc CMakeFiles/projetoFinal.dir/lib/FreeRTOS-Kernel/tasks.c.o
                0x1000885c                vTaskMissedYield
 .text.xTaskGetCurrentTaskHandle
                0x10008868        0xc CMakeFiles/projetoFinal.dir/lib/FreeRTOS-Kernel/tasks.c.o
                0x10008868                xTaskGetCurrentTaskHandle
 .text.xTaskPriorityDisinherit
                0x10008874       0x64 CMakeFiles/projetoFinal.dir/lib/FreeRTOS-Kernel/tasks.c.o
                0x10008874                xTaskPriorityDisinherit
 .text.uxTaskResetEventItemValue
                0x100088d8       0x18 CMakeFiles/projetoFinal.dir/lib/FreeRTOS-Kernel/tasks.c.o
                0x100088d8                uxTaskResetEventItemValue
 .text.prvTimerTask
                0x100088f0      0x3b4 CMakeFiles/projetoFinal.dir/lib/FreeRTOS-Kernel/timers.c.o
 .text.xTimerCreateTimerTask
                0x10008ca4       0x8c CMakeFiles/projetoFinal.dir/lib/FreeRTOS-Kernel/timers.c.o
                0x10008ca4                xTimerCreateTimerTask
 .text.xTimerPendFunctionCallFromISR
                0x10008d30       0x28 CMakeFiles/projetoFinal.dir/lib/FreeRTOS-Kernel/timers.c.o
                0x10008d30                xTimerPendFunctionCallFromISR
 .text.exception_set_exclusive_handler
                0x10008d58       0x48 CMakeFiles/projetoFinal.dir/home/matheus-moreira/Documentos/Faculdade/2025.1/Rtos/pico-sdk/src/rp2_common/hardware_exception/exception.c.o
                0x10008d58                exception_set_exclusive_handler
 .text.adc_init
                0x10008da0       0x38 CMakeFiles/projetoFinal.dir/home/matheus-moreira/Documentos/Faculdade/2025.1/Rtos/pico-sdk/src/rp2_common/hardware_adc/adc.c.o
                0x10008da0                adc_init
 .text          0x10008dd8       0x10 /usr/lib/gcc/arm-none-eabi/13.2.1/../../../arm-none-eabi/lib/thumb/v6-m/nofp/libg.a(libc_a-atexit.o)
                0x10008dd8                atexit
 .text          0x10008de8       0x5c /usr/lib/gcc/arm-none-eabi/13.2.1/../../../arm-none-eabi/lib/thumb/v6-m/nofp/libg.a(libc_a-strlen-stub.o)
                0x10008de8                strlen
 .text          0x10008e44       0x28 /usr/lib/gcc/arm-none-eabi/13.2.1/../../../arm-none-eabi/lib/thumb/v6-m/nofp/libg.a(libc_a-fini.o)
                0x10008e44                __libc_fini_array
 .text          0x10008e6c       0x78 /usr/lib/gcc/arm-none-eabi/13.2.1/../../../arm-none-eabi/lib/thumb/v6-m/nofp/libg.a(libc_a-__atexit.o)
                0x10008e6c                __register_exitproc
 .text.startup  0x10008ee4       0x18 /usr/lib/gcc/arm-none-eabi/13.2.1/../../../arm-none-eabi/lib/thumb/v6-m/nofp/libg.a(libc_a-__call_atexit.o)
 *(.fini)
 .fini          0x10008efc        0x4 /usr/lib/gcc/arm-none-eabi/13.2.1/thumb/v6-m/nofp/crti.o
                0x10008efc                _fini
 .fini.__stub   0x10008f00       0xc0 linker stubs
 *crtbegin.o(.ctors)
 *crtbegin?.o(.ctors)
 *(EXCLUDE_FILE(*crtend.o *crtend?.o) .ctors)
 *(SORT_BY_NAME(.ctors.*))
 *(.ctors)
 *crtbegin.o(.dtors)
 *crtbegin?.o(.dtors)
 *(EXCLUDE_FILE(*crtend.o *crtend?.o) .dtors)
 *(SORT_BY_NAME(.dtors.*))
 *(.dtors)
                0x10008fc0                        . = ALIGN (0x4)
                0x10008fc0                        PROVIDE (__preinit_array_start = .)
 *(SORT_BY_NAME(.preinit_array.*))
 .preinit_array.00100
                0x10008fc0        0x4 CMakeFiles/projetoFinal.dir/home/matheus-moreira/Documentos/Faculdade/2025.1/Rtos/pico-sdk/src/rp2_common/pico_runtime_init/runtime_init.c.o
                0x10008fc0                __pre_init_runtime_init_early_resets
 .preinit_array.00101
                0x10008fc4        0x4 CMakeFiles/projetoFinal.dir/home/matheus-moreira/Documentos/Faculdade/2025.1/Rtos/pico-sdk/src/rp2_common/pico_runtime_init/runtime_init.c.o
                0x10008fc4                __pre_init_runtime_init_usb_power_down
 .preinit_array.00275
                0x10008fc8        0x4 CMakeFiles/projetoFinal.dir/home/matheus-moreira/Documentos/Faculdade/2025.1/Rtos/pico-sdk/src/rp2_common/pico_bit_ops/bit_ops_aeabi.S.o
 .preinit_array.00300
                0x10008fcc        0x4 CMakeFiles/projetoFinal.dir/home/matheus-moreira/Documentos/Faculdade/2025.1/Rtos/pico-sdk/src/rp2_common/pico_mem_ops/mem_ops_aeabi.S.o
 .preinit_array.00350
                0x10008fd0        0x4 CMakeFiles/projetoFinal.dir/home/matheus-moreira/Documentos/Faculdade/2025.1/Rtos/pico-sdk/src/rp2_common/pico_double/double_aeabi_rp2040.S.o
 .preinit_array.00350
                0x10008fd4        0x4 CMakeFiles/projetoFinal.dir/home/matheus-moreira/Documentos/Faculdade/2025.1/Rtos/pico-sdk/src/rp2_common/pico_float/float_aeabi_rp2040.S.o
 .preinit_array.00500
                0x10008fd8        0x4 CMakeFiles/projetoFinal.dir/home/matheus-moreira/Documentos/Faculdade/2025.1/Rtos/pico-sdk/src/rp2_common/pico_runtime_init/runtime_init.c.o
                0x10008fd8                __pre_init_runtime_init_clocks
 .preinit_array.00600
                0x10008fdc        0x4 CMakeFiles/projetoFinal.dir/home/matheus-moreira/Documentos/Faculdade/2025.1/Rtos/pico-sdk/src/rp2_common/pico_runtime_init/runtime_init.c.o
                0x10008fdc                __pre_init_runtime_init_post_clock_resets
 .preinit_array.00700
                0x10008fe0        0x4 CMakeFiles/projetoFinal.dir/home/matheus-moreira/Documentos/Faculdade/2025.1/Rtos/pico-sdk/src/rp2_common/pico_runtime_init/runtime_init.c.o
                0x10008fe0                __pre_init_runtime_init_rp2040_gpio_ie_disable
 .preinit_array.01000
                0x10008fe4        0x4 CMakeFiles/projetoFinal.dir/home/matheus-moreira/Documentos/Faculdade/2025.1/Rtos/pico-sdk/src/rp2_common/pico_runtime_init/runtime_init.c.o
                0x10008fe4                __pre_init_runtime_init_spin_locks_reset
 .preinit_array.01100
                0x10008fe8        0x4 CMakeFiles/projetoFinal.dir/home/matheus-moreira/Documentos/Faculdade/2025.1/Rtos/pico-sdk/src/common/pico_sync/mutex.c.o
                0x10008fe8                __pre_init_runtime_init_mutex
 .preinit_array.10080
                0x10008fec        0x4 CMakeFiles/projetoFinal.dir/home/matheus-moreira/Documentos/Faculdade/2025.1/Rtos/pico-sdk/src/rp2_common/pico_runtime_init/runtime_init.c.o
                0x10008fec                __pre_init_runtime_init_install_ram_vector_table
 .preinit_array.11000
                0x10008ff0        0x4 CMakeFiles/projetoFinal.dir/home/matheus-moreira/Documentos/Faculdade/2025.1/Rtos/pico-sdk/src/common/pico_time/time.c.o
                0x10008ff0                __pre_init_runtime_init_default_alarm_pool
 .preinit_array.YYYYY
                0x10008ff4        0x4 CMakeFiles/projetoFinal.dir/home/matheus-moreira/Documentos/Faculdade/2025.1/Rtos/pico-sdk/src/rp2_common/pico_runtime/runtime.c.o
                0x10008ff4                __pre_init_first_per_core_initializer
 .preinit_array.ZZZZZ.01200
                0x10008ff8        0x4 CMakeFiles/projetoFinal.dir/home/matheus-moreira/Documentos/Faculdade/2025.1/Rtos/pico-sdk/src/rp2_common/hardware_irq/irq.c.o
                0x10008ff8                __pre_init_runtime_init_per_core_irq_priorities
 *(.preinit_array)
                0x10008ffc                        PROVIDE (__preinit_array_end = .)
                0x10008ffc                        . = ALIGN (0x4)
                0x10008ffc                        PROVIDE (__init_array_start = .)
 *(SORT_BY_NAME(.init_array.*))
 .init_array.00000
                0x10008ffc        0x4 /usr/lib/gcc/arm-none-eabi/13.2.1/../../../arm-none-eabi/lib/thumb/v6-m/nofp/libg.a(libc_a-__call_atexit.o)
 *(.init_array)
 .init_array    0x10009000        0x4 /usr/lib/gcc/arm-none-eabi/13.2.1/thumb/v6-m/nofp/crtbegin.o
 .init_array    0x10009004        0x4 CMakeFiles/projetoFinal.dir/home/matheus-moreira/Documentos/Faculdade/2025.1/Rtos/pico-sdk/src/rp2_common/pico_unique_id/unique_id.c.o
 .init_array    0x10009008        0x4 CMakeFiles/projetoFinal.dir/lib/FreeRTOS-Kernel/portable/ThirdParty/GCC/RP2040/port.c.o
                0x1000900c                        PROVIDE (__init_array_end = .)
                0x1000900c                        . = ALIGN (0x4)
                0x1000900c                        PROVIDE (__fini_array_start = .)
 *(SORT_BY_NAME(.fini_array.*))
 *(.fini_array)
                0x1000900c                        PROVIDE (__fini_array_end = .)
 *(.eh_frame*)
 .eh_frame      0x1000900c        0x0 /usr/lib/gcc/arm-none-eabi/13.2.1/thumb/v6-m/nofp/crtbegin.o
                0x1000900c                        . = ALIGN (0x4)

.glue_7         0x1000900c        0x0
 .glue_7        0x1000900c        0x0 linker stubs

.glue_7t        0x1000900c        0x0
 .glue_7t       0x1000900c        0x0 linker stubs

.vfp11_veneer   0x1000900c        0x0
 .vfp11_veneer  0x1000900c        0x0 linker stubs

.v4_bx          0x1000900c        0x0
 .v4_bx         0x1000900c        0x0 linker stubs

.iplt           0x1000900c        0x0
 .iplt          0x1000900c        0x0 /usr/lib/gcc/arm-none-eabi/13.2.1/thumb/v6-m/nofp/crtbegin.o

.rodata         0x10009010      0x6f8
 *(EXCLUDE_FILE(*libm.a: *libc.a:*lib_a-mem*.o *libgcc.a:) .rodata*)
 .rodata.task_read_mq2.str1.4
                0x10009010      0x224 CMakeFiles/projetoFinal.dir/src/projetoFinal.c.o
                                 0x2a (size before relaxing)
 .rodata.task_read_temperature.str1.4
                0x10009234       0x4b CMakeFiles/projetoFinal.dir/src/projetoFinal.c.o
 .rodata.main.str1.4
                0x10009234       0x14 CMakeFiles/projetoFinal.dir/src/projetoFinal.c.o
 .rodata.panic.str1.4
                0x10009234       0x12 CMakeFiles/projetoFinal.dir/home/matheus-moreira/Documentos/Faculdade/2025.1/Rtos/pico-sdk/src/rp2_common/pico_platform_panic/panic.c.o
 .rodata.panic_unsupported.str1.4
                0x10009234        0xe CMakeFiles/projetoFinal.dir/home/matheus-moreira/Documentos/Faculdade/2025.1/Rtos/pico-sdk/src/rp2_common/pico_platform_panic/panic.c.o
 .rodata.spin_lock_claim_unused.str1.4
                0x10009234       0x1b CMakeFiles/projetoFinal.dir/home/matheus-moreira/Documentos/Faculdade/2025.1/Rtos/pico-sdk/src/rp2_common/hardware_sync/sync.c.o
 .rodata.user_irq_claim_unused.str1.4
                0x10009234       0x1b CMakeFiles/projetoFinal.dir/home/matheus-moreira/Documentos/Faculdade/2025.1/Rtos/pico-sdk/src/rp2_common/hardware_irq/irq.c.o
 .rodata.timer_hardware_alarm_claim.str1.4
                0x10009234       0x22 CMakeFiles/projetoFinal.dir/home/matheus-moreira/Documentos/Faculdade/2025.1/Rtos/pico-sdk/src/rp2_common/hardware_timer/timer.c.o
 .rodata.hard_assertion_failure.str1.4
                0x10009234        0xc CMakeFiles/projetoFinal.dir/home/matheus-moreira/Documentos/Faculdade/2025.1/Rtos/pico-sdk/src/rp2_common/pico_runtime/runtime.c.o
 .rodata.str1.4
                0x10009234       0x44 CMakeFiles/projetoFinal.dir/home/matheus-moreira/Documentos/Faculdade/2025.1/Rtos/pico-sdk/src/rp2_common/pico_standard_binary_info/standard_binary_info.c.o
 .rodata.__bi_84
                0x10009234        0xc CMakeFiles/projetoFinal.dir/home/matheus-moreira/Documentos/Faculdade/2025.1/Rtos/pico-sdk/src/rp2_common/pico_standard_binary_info/standard_binary_info.c.o
 .rodata.__bi_78
                0x10009240        0xc CMakeFiles/projetoFinal.dir/home/matheus-moreira/Documentos/Faculdade/2025.1/Rtos/pico-sdk/src/rp2_common/pico_standard_binary_info/standard_binary_info.c.o
 .rodata.__bi_54
                0x1000924c        0xc CMakeFiles/projetoFinal.dir/home/matheus-moreira/Documentos/Faculdade/2025.1/Rtos/pico-sdk/src/rp2_common/pico_standard_binary_info/standard_binary_info.c.o
 .rodata.__bi_48
                0x10009258        0xc CMakeFiles/projetoFinal.dir/home/matheus-moreira/Documentos/Faculdade/2025.1/Rtos/pico-sdk/src/rp2_common/pico_standard_binary_info/standard_binary_info.c.o
 .rodata.__bi_42
                0x10009264        0xc CMakeFiles/projetoFinal.dir/home/matheus-moreira/Documentos/Faculdade/2025.1/Rtos/pico-sdk/src/rp2_common/pico_standard_binary_info/standard_binary_info.c.o
 .rodata.__bi_34
                0x10009270        0xc CMakeFiles/projetoFinal.dir/home/matheus-moreira/Documentos/Faculdade/2025.1/Rtos/pico-sdk/src/rp2_common/pico_standard_binary_info/standard_binary_info.c.o
 .rodata.__bi_26
                0x1000927c        0xc CMakeFiles/projetoFinal.dir/home/matheus-moreira/Documentos/Faculdade/2025.1/Rtos/pico-sdk/src/rp2_common/pico_standard_binary_info/standard_binary_info.c.o
 .rodata._ftoa.str1.4
                0x10009288       0x15 CMakeFiles/projetoFinal.dir/home/matheus-moreira/Documentos/Faculdade/2025.1/Rtos/pico-sdk/src/rp2_common/pico_printf/printf.c.o
 .rodata._vsnprintf
                0x10009288      0x19c CMakeFiles/projetoFinal.dir/home/matheus-moreira/Documentos/Faculdade/2025.1/Rtos/pico-sdk/src/rp2_common/pico_printf/printf.c.o
 *fill*         0x10009424        0x4 
 .rodata.pow10.0
                0x10009428       0x50 CMakeFiles/projetoFinal.dir/home/matheus-moreira/Documentos/Faculdade/2025.1/Rtos/pico-sdk/src/rp2_common/pico_printf/printf.c.o
 .rodata.crlf_str.0
                0x10009478        0x2 CMakeFiles/projetoFinal.dir/home/matheus-moreira/Documentos/Faculdade/2025.1/Rtos/pico-sdk/src/rp2_common/pico_stdio/stdio.c.o
 *fill*         0x1000947a        0x2 
 .rodata._resetd_driver
                0x1000947c       0x20 CMakeFiles/projetoFinal.dir/home/matheus-moreira/Documentos/Faculdade/2025.1/Rtos/pico-sdk/src/rp2_common/pico_stdio_usb/reset_interface.c.o
 .rodata.desc_ms_os_20
                0x1000949c       0xa6 CMakeFiles/projetoFinal.dir/home/matheus-moreira/Documentos/Faculdade/2025.1/Rtos/pico-sdk/src/rp2_common/pico_stdio_usb/reset_interface.c.o
 *fill*         0x10009542        0x2 
 .rodata.desc_bos
                0x10009544       0x21 CMakeFiles/projetoFinal.dir/home/matheus-moreira/Documentos/Faculdade/2025.1/Rtos/pico-sdk/src/rp2_common/pico_stdio_usb/reset_interface.c.o
                0x10009544                desc_bos
 .rodata.str1.4
                0x10009565       0x13 CMakeFiles/projetoFinal.dir/home/matheus-moreira/Documentos/Faculdade/2025.1/Rtos/pico-sdk/src/rp2_common/pico_stdio_usb/stdio_usb.c.o
 *fill*         0x10009565        0x3 
 .rodata.__bi_197.0
                0x10009568        0xc CMakeFiles/projetoFinal.dir/home/matheus-moreira/Documentos/Faculdade/2025.1/Rtos/pico-sdk/src/rp2_common/pico_stdio_usb/stdio_usb.c.o
 .rodata.str1.4
                0x10009574       0x2a CMakeFiles/projetoFinal.dir/home/matheus-moreira/Documentos/Faculdade/2025.1/Rtos/pico-sdk/src/rp2_common/pico_stdio_usb/stdio_usb_descriptors.c.o
 .rodata.usbd_desc_str
                0x10009574       0x18 CMakeFiles/projetoFinal.dir/home/matheus-moreira/Documentos/Faculdade/2025.1/Rtos/pico-sdk/src/rp2_common/pico_stdio_usb/stdio_usb_descriptors.c.o
 .rodata.usbd_desc_cfg
                0x1000958c       0x54 CMakeFiles/projetoFinal.dir/home/matheus-moreira/Documentos/Faculdade/2025.1/Rtos/pico-sdk/src/rp2_common/pico_stdio_usb/stdio_usb_descriptors.c.o
 .rodata.usbd_desc_device
                0x100095e0       0x12 CMakeFiles/projetoFinal.dir/home/matheus-moreira/Documentos/Faculdade/2025.1/Rtos/pico-sdk/src/rp2_common/pico_stdio_usb/stdio_usb_descriptors.c.o
 .rodata.str1.4
                0x100095f2       0x14 CMakeFiles/projetoFinal.dir/home/matheus-moreira/Documentos/Faculdade/2025.1/Rtos/pico-sdk/lib/tinyusb/src/portable/raspberrypi/rp2040/dcd_rp2040.c.o
 .rodata.str1.4
                0x100095f2       0x48 CMakeFiles/projetoFinal.dir/home/matheus-moreira/Documentos/Faculdade/2025.1/Rtos/pico-sdk/lib/tinyusb/src/portable/raspberrypi/rp2040/rp2040_usb.c.o
 *fill*         0x100095f2        0x2 
 .rodata.tud_task_ext
                0x100095f4       0x8c CMakeFiles/projetoFinal.dir/home/matheus-moreira/Documentos/Faculdade/2025.1/Rtos/pico-sdk/lib/tinyusb/src/device/usbd.c.o
 .rodata        0x10009680       0x1c CMakeFiles/projetoFinal.dir/home/matheus-moreira/Documentos/Faculdade/2025.1/Rtos/pico-sdk/lib/tinyusb/src/device/usbd.c.o
 .rodata._usbd_driver
                0x1000969c       0x40 CMakeFiles/projetoFinal.dir/home/matheus-moreira/Documentos/Faculdade/2025.1/Rtos/pico-sdk/lib/tinyusb/src/device/usbd.c.o
 .rodata.uxTopUsedPriority
                0x100096dc        0x4 CMakeFiles/projetoFinal.dir/lib/FreeRTOS-Kernel/tasks.c.o
 .rodata.prvTimerTask
                0x100096e0       0x28 CMakeFiles/projetoFinal.dir/lib/FreeRTOS-Kernel/timers.c.o
 .rodata.xTimerCreateTimerTask.str1.4
                0x10009708       0x10 CMakeFiles/projetoFinal.dir/lib/FreeRTOS-Kernel/timers.c.o
                0x10009718                        . = ALIGN (0x4)
 *(SORT_BY_ALIGNMENT(SORT_BY_NAME(.flashdata*)))
                0x10009718                        . = ALIGN (0x4)

.ARM.extab
 *(.ARM.extab* .gnu.linkonce.armextab.*)
                0x10009708                        __exidx_start = .

.ARM.exidx
 *(.ARM.exidx* .gnu.linkonce.armexidx.*)
                0x10009708                        __exidx_end = .
                0x10009718                        . = ALIGN (0x4)
                0x10009708                        __binary_info_start = .

.binary_info    0x10009708       0x20
 *(.binary_info.keep.*)
 .binary_info.keep.__bi_ptr84
                0x10009708        0x4 CMakeFiles/projetoFinal.dir/home/matheus-moreira/Documentos/Faculdade/2025.1/Rtos/pico-sdk/src/rp2_common/pico_standard_binary_info/standard_binary_info.c.o
 .binary_info.keep.__bi_ptr78
                0x1000970c        0x4 CMakeFiles/projetoFinal.dir/home/matheus-moreira/Documentos/Faculdade/2025.1/Rtos/pico-sdk/src/rp2_common/pico_standard_binary_info/standard_binary_info.c.o
 .binary_info.keep.__bi_ptr54
                0x10009710        0x4 CMakeFiles/projetoFinal.dir/home/matheus-moreira/Documentos/Faculdade/2025.1/Rtos/pico-sdk/src/rp2_common/pico_standard_binary_info/standard_binary_info.c.o
 .binary_info.keep.__bi_ptr48
                0x10009714        0x4 CMakeFiles/projetoFinal.dir/home/matheus-moreira/Documentos/Faculdade/2025.1/Rtos/pico-sdk/src/rp2_common/pico_standard_binary_info/standard_binary_info.c.o
 .binary_info.keep.__bi_ptr42
                0x10009718        0x4 CMakeFiles/projetoFinal.dir/home/matheus-moreira/Documentos/Faculdade/2025.1/Rtos/pico-sdk/src/rp2_common/pico_standard_binary_info/standard_binary_info.c.o
 .binary_info.keep.__bi_ptr34
                0x1000971c        0x4 CMakeFiles/projetoFinal.dir/home/matheus-moreira/Documentos/Faculdade/2025.1/Rtos/pico-sdk/src/rp2_common/pico_standard_binary_info/standard_binary_info.c.o
 .binary_info.keep.__bi_ptr26
                0x10009720        0x4 CMakeFiles/projetoFinal.dir/home/matheus-moreira/Documentos/Faculdade/2025.1/Rtos/pico-sdk/src/rp2_common/pico_standard_binary_info/standard_binary_info.c.o
 *(.binary_info.*)
 .binary_info.__bi_ptr197
                0x10009724        0x4 CMakeFiles/projetoFinal.dir/home/matheus-moreira/Documentos/Faculdade/2025.1/Rtos/pico-sdk/src/rp2_common/pico_stdio_usb/stdio_usb.c.o
                0x10009728                        __binary_info_end = .

.rel.dyn        0x10009728        0x0
 .rel.iplt      0x10009728        0x0 /usr/lib/gcc/arm-none-eabi/13.2.1/thumb/v6-m/nofp/crtbegin.o
                0x10009728                        . = ALIGN (0x4)

.ram_vector_table
                0x20000000       0xc0
 *(.ram_vector_table)
 .ram_vector_table
                0x20000000       0xc0 CMakeFiles/projetoFinal.dir/home/matheus-moreira/Documentos/Faculdade/2025.1/Rtos/pico-sdk/src/rp2_common/pico_runtime_init/runtime_init.c.o
                0x20000000                ram_vector_table

.uninitialized_data
                0x200000c0        0x0
                0x200000c0                        . = ALIGN (0x4)
 *(.uninitialized_data*)

.data           0x200000c0      0xf8c load address 0x10009728
                0x200000c0                        __data_start__ = .
 *(vtable)
 *(.time_critical*)
 .time_critical.mutex_try_enter
                0x200000c0       0x40 CMakeFiles/projetoFinal.dir/home/matheus-moreira/Documentos/Faculdade/2025.1/Rtos/pico-sdk/src/common/pico_sync/mutex.c.o
                0x200000c0                mutex_try_enter
 .time_critical.mutex_try_enter_block_until
                0x20000100       0xa0 CMakeFiles/projetoFinal.dir/home/matheus-moreira/Documentos/Faculdade/2025.1/Rtos/pico-sdk/src/common/pico_sync/mutex.c.o
                0x20000100                mutex_try_enter_block_until
 .time_critical.mutex_enter_timeout_ms
                0x200001a0       0x78 CMakeFiles/projetoFinal.dir/home/matheus-moreira/Documentos/Faculdade/2025.1/Rtos/pico-sdk/src/common/pico_sync/mutex.c.o
                0x200001a0                mutex_enter_timeout_ms
 .time_critical.mutex_exit
                0x20000218       0x20 CMakeFiles/projetoFinal.dir/home/matheus-moreira/Documentos/Faculdade/2025.1/Rtos/pico-sdk/src/common/pico_sync/mutex.c.o
                0x20000218                mutex_exit
 .time_critical.flash_init_boot2_copyout
                0x20000238       0x30 CMakeFiles/projetoFinal.dir/home/matheus-moreira/Documentos/Faculdade/2025.1/Rtos/pico-sdk/src/rp2_common/hardware_flash/flash.c.o
 .time_critical.flash_enable_xip_via_boot2
                0x20000268        0xc CMakeFiles/projetoFinal.dir/home/matheus-moreira/Documentos/Faculdade/2025.1/Rtos/pico-sdk/src/rp2_common/hardware_flash/flash.c.o
 .time_critical.flash_cs_force
                0x20000274       0x38 CMakeFiles/projetoFinal.dir/home/matheus-moreira/Documentos/Faculdade/2025.1/Rtos/pico-sdk/src/rp2_common/hardware_flash/flash.c.o